03-21 02:55:22.036   690   690 I SystemServerTiming: OnBootPhase_600_com.android.server.ethernet.EthernetService
03-21 02:55:22.036   690   690 I SystemServerTiming: OnBootPhase_600_com.android.server.notification.NotificationManagerService
03-21 02:55:22.038   690   690 I SystemServerTiming: OnBootPhase_600_com.android.server.storage.DeviceStorageMonitorService
03-21 02:55:22.038   690   690 I SystemServerTiming: OnBootPhase_600_com.android.server.location.LocationManagerService$Lifecycle
03-21 02:55:22.039   690   865 D ConnectivityService: NetReassign [no changes]
03-21 02:55:22.039   690   907 D Ethernet: got request NetworkRequest [ BACKGROUND_REQUEST id=2, [ Transports: CELLULAR Capabilities: INTERNET&NOT_RESTRICTED&TRUSTED&NOT_VPN AdministratorUids: [] RequestorUid: 1000 RequestorPackageName: android] ] with score 0 and providerId 0
03-21 02:55:22.043   690   690 E ActivityRecognitionHardware: activity_recognition HAL is deprecated. is_supported is effectively a no-op
03-21 02:55:22.044   690   690 D GnssLocationProvider: Trying IGnss_V2_1::getService()
03-21 02:55:22.044   161   161 I hwservicemanager: getTransport: Cannot find entry android.hardware.gnss@2.1::IGnss/default in either framework or device manifest.
03-21 02:55:22.045   690   690 D GnssLocationProvider: gnssHal 2.1 was null, trying 2.0
03-21 02:55:22.045   161   161 I hwservicemanager: getTransport: Cannot find entry android.hardware.gnss@2.0::IGnss/default in either framework or device manifest.
03-21 02:55:22.045   690   690 D GnssLocationProvider: gnssHal 2.0 was null, trying 1.1
03-21 02:55:22.045   161   161 I hwservicemanager: getTransport: Cannot find entry android.hardware.gnss@1.1::IGnss/default in either framework or device manifest.
03-21 02:55:22.045   690   690 D GnssLocationProvider: gnssHal 1.1 was null, trying 1.0
03-21 02:55:22.045   161   161 I hwservicemanager: getTransport: Cannot find entry android.hardware.gnss@1.0::IGnss/default in either framework or device manifest.
03-21 02:55:22.040   690   865 D ConnectivityService: NetReassign [no changes]
03-21 02:55:22.049   690   690 I SystemServerTiming: OnBootPhase_600_com.android.server.timedetector.TimeDetectorService$Lifecycle
03-21 02:55:22.049   690   690 I SystemServerTiming: OnBootPhase_600_com.android.server.timezonedetector.TimeZoneDetectorService$Lifecycle
03-21 02:55:22.049   690   690 I SystemServerTiming: OnBootPhase_600_com.android.server.search.SearchManagerService$Lifecycle
03-21 02:55:22.049   690   690 I SystemServerTiming: OnBootPhase_600_com.android.server.wallpaper.WallpaperManagerService$Lifecycle
03-21 02:55:22.049   690   690 I WallpaperManagerService: switch-user-0
03-21 02:55:22.049   690   690 V WallpaperManagerService: bindWallpaperComponentLocked: componentName=ComponentInfo{com.android.systemui/com.android.systemui.ImageWallpaper}
03-21 02:55:22.050   690   690 I SystemServerTiming: OnBootPhase_600_com.android.server.audio.AudioService$Lifecycle
03-21 02:55:22.050   690   690 I SystemServerTiming: OnBootPhase_600_com.android.server.soundtrigger_middleware.SoundTriggerMiddlewareService$Lifecycle
03-21 02:55:22.050   690   690 I SystemServerTiming: OnBootPhase_600_com.android.server.DockObserver
03-21 02:55:22.050   690   690 I SystemServerTiming: OnBootPhase_600_com.android.server.midi.MidiService$Lifecycle
03-21 02:55:22.050   690   690 I SystemServerTiming: OnBootPhase_600_com.android.server.adb.AdbService$Lifecycle
03-21 02:55:22.050   690   690 I SystemServerTiming: OnBootPhase_600_com.android.server.usb.UsbService$Lifecycle
03-21 02:55:22.050   690   690 I SystemServerTiming: OnBootPhase_600_com.android.server.twilight.TwilightService
03-21 02:55:22.050   690   690 I SystemServerTiming: OnBootPhase_600_com.android.server.display.color.ColorDisplayService
03-21 02:55:22.051   690   690 I SystemServerTiming: OnBootPhase_600_com.android.server.job.JobSchedulerService
03-21 02:55:22.052   397   497 I SoftMPEG4Encoder: Construct SoftMPEG4Encoder
03-21 02:55:22.052   690   690 I SystemServerTiming: OnBootPhase_600_com.android.server.soundtrigger.SoundTriggerService
03-21 02:55:22.052   690   690 D SoundTriggerService: onBootPhase: 600 : false
03-21 02:55:22.052   690   690 I SystemServerTiming: OnBootPhase_600_com.android.server.trust.TrustManagerService
03-21 02:55:22.053   690   690 I SystemServerTiming: OnBootPhase_600_com.android.server.backup.BackupManagerService$Lifecycle
03-21 02:55:22.053   690   690 I SystemServerTiming: OnBootPhase_600_com.android.server.appwidget.AppWidgetService
03-21 02:55:22.053   690   690 I SystemServerTiming: OnBootPhase_600_com.android.server.role.RoleManagerService
03-21 02:55:22.053   690   690 I SystemServerTiming: OnBootPhase_600_com.android.server.voiceinteraction.VoiceInteractionManagerService
03-21 02:55:22.054   690   690 I SystemServerTiming: OnBootPhase_600_com.android.server.GestureLauncherService
03-21 02:55:22.055   690   690 I SystemServerTiming: OnBootPhase_600_com.android.server.SensorNotificationService
03-21 02:55:22.056   690   690 I SystemServerTiming: OnBootPhase_600_com.android.server.emergency.EmergencyAffordanceService
03-21 02:55:22.056   690   690 I SystemServerTiming: OnBootPhase_600_com.android.server.dreams.DreamManagerService
03-21 02:55:22.056   690   690 I SystemServerTiming: OnBootPhase_600_com.android.server.blob.BlobStoreManagerService
03-21 02:55:22.058   393   498 W OMXUtils: do not know color format 0x7f000789 = 2130708361
03-21 02:55:22.059   690   690 I SystemServerTiming: OnBootPhase_600_com.android.server.print.PrintManagerService
03-21 02:55:22.059   690   690 I SystemServerTiming: OnBootPhase_600_com.android.server.companion.CompanionDeviceManagerService
03-21 02:55:22.059   690   690 I SystemServerTiming: OnBootPhase_600_com.android.server.restrictions.RestrictionsManagerService
03-21 02:55:22.059   690   690 I SystemServerTiming: OnBootPhase_600_com.android.server.media.MediaSessionService
03-21 02:55:22.059   690   690 I SystemServerTiming: OnBootPhase_600_com.android.server.tv.TvInputManagerService
03-21 02:55:22.059   690   690 I SystemServerTiming: OnBootPhase_600_com.android.server.media.MediaResourceMonitorService
03-21 02:55:22.059   690   690 I SystemServerTiming: OnBootPhase_600_com.android.server.tv.TvRemoteService
03-21 02:55:22.060   690   690 I SystemServerTiming: OnBootPhase_600_com.android.server.biometrics.fingerprint.FingerprintService
03-21 02:55:22.060   690   690 I SystemServerTiming: OnBootPhase_600_com.android.server.biometrics.BiometricService
03-21 02:55:22.060   690   690 I SystemServerTiming: OnBootPhase_600_com.android.server.biometrics.AuthService
03-21 02:55:22.060   690   690 I SystemServerTiming: OnBootPhase_600_com.android.server.pm.ShortcutService$Lifecycle
03-21 02:55:22.060   690   690 I SystemServerTiming: OnBootPhase_600_com.android.server.pm.LauncherAppsService
03-21 02:55:22.060   690   690 I SystemServerTiming: OnBootPhase_600_com.android.server.pm.CrossProfileAppsService
03-21 02:55:22.060   690   690 I SystemServerTiming: OnBootPhase_600_com.android.server.people.PeopleService
03-21 02:55:22.060   690   690 I SystemServerTiming: OnBootPhase_600_com.android.server.media.projection.MediaProjectionManagerService
03-21 02:55:22.060   690   690 I SystemServerTiming: OnBootPhase_600_com.android.server.slice.SliceManagerService$Lifecycle
03-21 02:55:22.060   690   690 I SystemServerTiming: OnBootPhase_600_com.android.server.camera.CameraServiceProxy
03-21 02:55:22.060   690   690 I SystemServerTiming: OnBootPhase_600_com.android.server.stats.StatsCompanion$Lifecycle
03-21 02:55:22.061   690   690 W AlarmManager: Unrecognized alarm listener com.android.server.stats.StatsCompanionService$AnomalyAlarmListener@1da9811
03-21 02:55:22.061   690   690 W AlarmManager: Unrecognized alarm listener com.android.server.stats.StatsCompanionService$PullingAlarmListener@28e1d76
03-21 02:55:22.064   690   690 W AlarmManager: Unrecognized alarm listener com.android.server.stats.StatsCompanionService$PeriodicAlarmListener@2c0af77
03-21 02:55:22.066   397   992 E OMXNodeInstance: getConfig(0xf1a41200:google.h263.encoder, ConfigAndroidIntraRefresh(0x6f60000a)) ERROR: Undefined(0x80001001)
03-21 02:55:22.066   397   992 E OMXNodeInstance: getParameter(0xf1a41200:google.h263.encoder, ParamVideoIntraRefresh(0x6000006)) ERROR: UnsupportedIndex(0x8000101a)
03-21 02:55:22.066   393   498 D MediaCodecInfo: detail feature-frame-parsing wasn't present to remove
03-21 02:55:22.080   926   926 V AdapterServiceConfig: Adding HeadsetService
03-21 02:55:22.080   926   926 V AdapterServiceConfig: Adding A2dpService
03-21 02:55:22.080   926   926 V AdapterServiceConfig: Adding HidHostService
03-21 02:55:22.080   926   926 V AdapterServiceConfig: Adding PanService
03-21 02:55:22.080   926   926 V AdapterServiceConfig: Adding GattService
03-21 02:55:22.080   926   926 V AdapterServiceConfig: Adding BluetoothMapService
03-21 02:55:22.080   926   926 V AdapterServiceConfig: Adding AvrcpTargetService
03-21 02:55:22.081   926   926 V AdapterServiceConfig: Adding HidDeviceService
03-21 02:55:22.081   926   926 V AdapterServiceConfig: Adding BluetoothOppService
03-21 02:55:22.081   926   926 V AdapterServiceConfig: Adding BluetoothPbapService
03-21 02:55:22.093   690   690 I StatsCompanionService: Told statsd that StatsCompanionService is alive.
03-21 02:55:22.093   690   690 I SystemServerTiming: OnBootPhase_600_com.android.server.stats.pull.StatsPullAtomService
03-21 02:55:22.093   690   690 I SystemServerTiming: OnBootPhase_600_com.android.server.incident.IncidentCompanionService
03-21 02:55:22.093   690   690 I SystemServerTiming: OnBootPhase_600_com.android.server.MmsServiceBroker
03-21 02:55:22.093   690   690 I SystemServerTiming: OnBootPhase_600_com.android.server.autofill.AutofillManagerService
03-21 02:55:22.094   690   690 I SystemServerTiming: OnBootPhase_600_com.android.server.clipboard.ClipboardService
03-21 02:55:22.094   690   690 I SystemServerTiming: OnBootPhase_600_com.android.server.appbinding.AppBindingService$Lifecycle
03-21 02:55:22.094   690   690 I SystemServerTiming: OnBootPhase_600_com.android.server.policy.PermissionPolicyService
03-21 02:55:22.094   690   690 I SystemServerTiming: OnBootPhase_600_com.android.server.pm.StagingManager$Lifecycle
03-21 02:55:22.094   690   690 I SystemServerTiming: StartNetworkStack
03-21 02:55:22.094   690   690 D ConnectivityModuleConnector: Starting networking module android.net.INetworkStackConnector
03-21 02:55:22.095   690   690 D ConnectivityModuleConnector: Starting networking module in network_stack process
03-21 02:55:22.098   690   690 D CompatibilityChangeReporter: Compat change id reported: 135634846; UID 1073; state: DISABLED
03-21 02:55:22.110   690   690 D ConnectivityModuleConnector: Networking module service start requested
03-21 02:55:22.110   690   690 I SystemServerTiming: StartTethering
03-21 02:55:22.110   690   690 D ConnectivityModuleConnector: Starting networking module android.net.ITetheringConnector
03-21 02:55:22.130   266   266 D Zygote  : Forked child process 1057
03-21 02:55:22.152   357  1063 I adbd    : host-16: read thread spawning
03-21 02:55:22.153   357  1063 I adbd    : host-16: read failed: I/O error
03-21 02:55:22.153   357  1063 I adbd    : host-16: connection terminated: read failed
03-21 02:55:22.153   357   357 I adbd    : host-16: already offline
03-21 02:55:22.153   357   357 I adbd    : destroying transport host-16
03-21 02:55:22.153   357   357 I adbd    : BlockingConnectionAdapter(host-16): stopping
03-21 02:55:22.162  1057  1057 W rkstack.proces: Unexpected CPU variant for X86 using defaults: x86
03-21 02:55:22.165   393   498 I OMXClient: IOmx service obtained
03-21 02:55:22.166   397   992 I OMXMaster: makeComponentInstance(OMX.google.mpeg4.encoder) in android.hardwar process
03-21 02:55:22.167   397   992 I SoftMPEG4Encoder: Construct SoftMPEG4Encoder
03-21 02:55:22.174   357  1064 I adbd    : host-16: write thread spawning
03-21 02:55:22.180   393   498 W OMXUtils: do not know color format 0x7f000789 = 2130708361
03-21 02:55:22.180   397   992 E OMXNodeInstance: getConfig(0xf1a41200:google.mpeg4.encoder, ConfigAndroidIntraRefresh(0x6f60000a)) ERROR: Undefined(0x80001001)
03-21 02:55:22.180   397   992 E OMXNodeInstance: getParameter(0xf1a41200:google.mpeg4.encoder, ParamVideoIntraRefresh(0x6000006)) ERROR: UnsupportedIndex(0x8000101a)
03-21 02:55:22.181   393   498 D MediaCodecInfo: detail feature-frame-parsing wasn't present to remove
03-21 02:55:22.198  1057  1057 E rkstack.proces: Not starting debugger since process cannot load the jdwp agent.
03-21 02:55:22.200   357   357 I adbd    : BlockingConnectionAdapter(host-16): stopped
03-21 02:55:22.201   357   357 I adbd    : BlockingConnectionAdapter(host-16): destructing
03-21 02:55:22.201   357   357 I adbd    : BlockingConnectionAdapter(host-16): already stopped
03-21 02:55:22.236   393   498 I OMXClient: IOmx service obtained
03-21 02:55:22.237   397   992 I OMXMaster: makeComponentInstance(OMX.google.vp8.encoder) in android.hardwar process
03-21 02:55:22.246   393   498 W OMXUtils: do not know color format 0x7f000789 = 2130708361
03-21 02:55:22.246   397   397 E OMXNodeInstance: getConfig(0xf1a41200:google.vp8.encoder, ConfigAndroidIntraRefresh(0x6f60000a)) ERROR: Undefined(0x80001001)
03-21 02:55:22.246   397   397 E OMXNodeInstance: getParameter(0xf1a41200:google.vp8.encoder, ParamVideoIntraRefresh(0x6000006)) ERROR: UnsupportedIndex(0x8000101a)
03-21 02:55:22.248   393   498 D MediaCodecInfo: detail feature-frame-parsing wasn't present to remove
03-21 02:55:22.255   393   498 I OMXClient: IOmx service obtained
03-21 02:55:22.255   397   397 I OMXMaster: makeComponentInstance(OMX.google.vp9.encoder) in android.hardwar process
03-21 02:55:22.263   393   498 W OMXUtils: do not know color format 0x7f000789 = 2130708361
03-21 02:55:22.263   397   397 E OMXNodeInstance: getConfig(0xf1a41200:google.vp9.encoder, ConfigAndroidIntraRefresh(0x6f60000a)) ERROR: Undefined(0x80001001)
03-21 02:55:22.263   397   397 E OMXNodeInstance: getParameter(0xf1a41200:google.vp9.encoder, ParamVideoIntraRefresh(0x6000006)) ERROR: UnsupportedIndex(0x8000101a)
03-21 02:55:22.263   393   498 D MediaCodecInfo: detail feature-frame-parsing wasn't present to remove
03-21 02:55:22.264   690   730 W ActivityManager: Slow operation: 167ms so far, now at startProcess: done updating battery stats
03-21 02:55:22.264   690   730 W ActivityManager: Slow operation: 167ms so far, now at startProcess: building log message
03-21 02:55:22.264   690   730 I ActivityManager: Start proc 1057:com.android.networkstack.process/1073 for service {com.google.android.networkstack/com.android.server.NetworkStackService}
03-21 02:55:22.264   690   730 W ActivityManager: Slow operation: 167ms so far, now at startProcess: starting to update pids map
03-21 02:55:22.265   690   690 D ConnectivityModuleConnector: Starting networking module in network_stack process
03-21 02:55:22.266   690   730 W ActivityManager: Slow operation: 169ms so far, now at startProcess: done updating pids map
03-21 02:55:22.276   690   690 D ConnectivityModuleConnector: Networking module service start requested
03-21 02:55:22.277   690   690 I SystemServerTiming: MakeCountryDetectionServiceReady
03-21 02:55:22.277   690   690 I SystemServerTiming: MakeNetworkTimeUpdateReady
03-21 02:55:22.278   393   498 I Codec2Client: Available Codec2 services: "software"
03-21 02:55:22.288   403   522 V C2Store : in init
03-21 02:55:22.288   403   522 V C2Store : loading dll
03-21 02:55:22.304   690   690 D ConnectivityService: requestNetwork for uid/pid:1000/690 NetworkRequest [ TRACK_DEFAULT id=8, [ Capabilities: INTERNET&NOT_RESTRICTED&TRUSTED Uid: 1000 AdministratorUids: [] RequestorUid: 1000 RequestorPackageName: android] ]
03-21 02:55:22.304   690   865 D ConnectivityService: NetReassign [no changes]
03-21 02:55:22.305   690   907 D Ethernet: got request NetworkRequest [ TRACK_DEFAULT id=8, [ Capabilities: INTERNET&NOT_RESTRICTED&TRUSTED Uid: 1000 AdministratorUids: [] RequestorUid: 1000 RequestorPackageName: android] ] with score 0 and providerId 0
03-21 02:55:22.311   690   690 I SystemServerTiming: MakeInputManagerServiceReady
03-21 02:55:22.324   690   839 I InputReader: Reconfiguring input devices, changes=DEVICE_ALIAS | 
03-21 02:55:22.327   690   839 I InputReader: Reconfiguring input devices, changes=KEYBOARD_LAYOUTS | 
03-21 02:55:22.330   926   926 I droid.bluetoot: [0321/025522.330613:INFO:btif_config_cache.cc(61)] BtifConfigCache, capacity: 10000
03-21 02:55:22.348   690   690 I SystemServerTiming: MakeTelephonyRegistryReady
03-21 02:55:22.348   690   690 I SystemServerTiming: MakeMediaRouterServiceReady
03-21 02:55:22.348   690   690 I SystemServerTiming: MakeMmsServiceReady
03-21 02:55:22.348   690   690 I MmsServiceBroker: Delay connecting to MmsService until an API is called
03-21 02:55:22.348   690   690 I SystemServerTiming: IncidentDaemonReady
03-21 02:55:22.409   690   690 I SystemServerTiming: MakeIncrementalServiceReady
03-21 02:55:22.410   690   690 I SystemServerTiming: getCurrentUser
03-21 02:55:22.410   690   690 I ActivityManager: Current user:0
03-21 02:55:22.410   690   690 I SystemServerTiming: ActivityManagerStartApps
03-21 02:55:22.410   690   690 I SystemServerTiming: ssm.StartUser-0
03-21 02:55:22.410   690   690 I SystemServiceManager: Calling onStartUser 0
03-21 02:55:22.410   690   690 I SystemServerTiming: ssm.onStartUser-0_com.android.server.security.FileIntegrityService
03-21 02:55:22.410   690   690 I SystemServerTiming: ssm.onStartUser-0_com.android.server.pm.Installer
03-21 02:55:22.410   690   690 I SystemServerTiming: ssm.onStartUser-0_com.android.server.os.DeviceIdentifiersPolicyService
03-21 02:55:22.410   690   690 I SystemServerTiming: ssm.onStartUser-0_com.android.server.uri.UriGrantsManagerService$Lifecycle
03-21 02:55:22.410   690   690 I SystemServerTiming: ssm.onStartUser-0_com.android.server.wm.ActivityTaskManagerService$Lifecycle
03-21 02:55:22.410   690   690 I SystemServerTiming: ssm.onStartUser-0_com.android.server.am.ActivityManagerService$Lifecycle
03-21 02:55:22.410   690   690 I SystemServerTiming: ssm.onStartUser-0_com.android.server.pm.DataLoaderManagerService
03-21 02:55:22.410   690   690 I SystemServerTiming: ssm.onStartUser-0_com.android.server.power.PowerManagerService
03-21 02:55:22.410   690   690 I SystemServerTiming: ssm.onStartUser-0_com.android.server.power.ThermalManagerService
03-21 02:55:22.410   690   690 I SystemServerTiming: ssm.onStartUser-0_com.android.server.recoverysystem.RecoverySystemService$Lifecycle
03-21 02:55:22.410   690   690 I SystemServerTiming: ssm.onStartUser-0_com.android.server.lights.LightsService
03-21 02:55:22.410   690   690 I SystemServerTiming: ssm.onStartUser-0_com.android.server.display.DisplayManagerService
03-21 02:55:22.410   690   690 I SystemServerTiming: ssm.onStartUser-0_com.android.server.pm.UserManagerService$LifeCycle
03-21 02:55:22.410   690   690 I SystemServerTiming: ssm.onStartUser-0_com.android.server.om.OverlayManagerService
03-21 02:55:22.410   690   690 I SystemServerTiming: ssm.onStartUser-0_com.android.server.SensorPrivacyService
03-21 02:55:22.410   690   690 I SystemServerTiming: ssm.onStartUser-0_com.android.server.SystemConfigService
03-21 02:55:22.410   690   690 I SystemServerTiming: ssm.onStartUser-0_com.android.server.BatteryService
03-21 02:55:22.410   690   690 I SystemServerTiming: ssm.onStartUser-0_com.android.server.usage.UsageStatsService
03-21 02:55:22.410   690   690 I SystemServerTiming: ssm.onStartUser-0_com.android.server.webkit.WebViewUpdateService
03-21 02:55:22.410   690   690 I SystemServerTiming: ssm.onStartUser-0_com.android.server.CachedDeviceStateService
03-21 02:55:22.410   690   690 I SystemServerTiming: ssm.onStartUser-0_com.android.server.BinderCallsStatsService$LifeCycle
03-21 02:55:22.410   690   690 I SystemServerTiming: ssm.onStartUser-0_com.android.server.LooperStatsService$Lifecycle
03-21 02:55:22.410   690   690 I SystemServerTiming: ssm.onStartUser-0_com.android.server.rollback.RollbackManagerService
03-21 02:55:22.410   690   690 I SystemServerTiming: ssm.onStartUser-0_com.android.server.os.BugreportManagerService
03-21 02:55:22.410   690   690 I SystemServerTiming: ssm.onStartUser-0_com.android.server.gpu.GpuService
03-21 02:55:22.410   690   690 I SystemServerTiming: ssm.onStartUser-0_com.android.server.security.KeyChainSystemService
03-21 02:55:22.410   690   690 I SystemServerTiming: ssm.onStartUser-0_com.android.server.telecom.TelecomLoaderService
03-21 02:55:22.410   690   690 I SystemServerTiming: ssm.onStartUser-0_com.android.server.accounts.AccountManagerService$Lifecycle
03-21 02:55:22.410   690   690 I SystemServerTiming: ssm.onStartUser-0_com.android.server.content.ContentService$Lifecycle
03-21 02:55:22.411   690   690 I SystemServerTiming: ssm.onStartUser-0_com.android.server.DropBoxManagerService
03-21 02:55:22.411   690   690 I SystemServerTiming: ssm.onStartUser-0_com.android.server.AlarmManagerService
03-21 02:55:22.411   690   690 I SystemServerTiming: ssm.onStartUser-0_com.android.server.BluetoothService
03-21 02:55:22.411   690   690 I SystemServerTiming: ssm.onStartUser-0_com.android.server.connectivity.IpConnectivityMetrics
03-21 02:55:22.411   690   690 I SystemServerTiming: ssm.onStartUser-0_com.android.server.net.watchlist.NetworkWatchlistService$Lifecycle
03-21 02:55:22.411   690   690 I SystemServerTiming: ssm.onStartUser-0_com.android.server.PinnerService
03-21 02:55:22.411   690   690 I SystemServerTiming: ssm.onStartUser-0_com.google.android.startop.iorap.IorapForwardingService
03-21 02:55:22.411   690   690 I SystemServerTiming: ssm.onStartUser-0_com.android.server.integrity.AppIntegrityManagerService
03-21 02:55:22.411   690   690 I SystemServerTiming: ssm.onStartUser-0_com.android.server.inputmethod.InputMethodManagerService$Lifecycle
03-21 02:55:22.411   690   690 I SystemServerTiming: ssm.onStartUser-0_com.android.server.accessibility.AccessibilityManagerService$Lifecycle
03-21 02:55:22.411   690   690 I SystemServerTiming: ssm.onStartUser-0_com.android.server.StorageManagerService$Lifecycle
03-21 02:55:22.414   690   690 V StorageManagerService: Package com.google.android.networkstack.tethering does not have legacy storage
03-21 02:55:22.414   690   690 V StorageManagerService: Package com.android.cts.priv.ctsshim does not have legacy storage
03-21 02:55:22.414   690   690 V StorageManagerService: Package com.google.android.ext.services does not have legacy storage
03-21 02:55:22.414   690   690 V StorageManagerService: Package com.google.android.apps.mediashell does not have legacy storage
03-21 02:55:22.414   690   690 V StorageManagerService: Package com.google.android.katniss does not have legacy storage
03-21 02:55:22.414   690   690 V StorageManagerService: Package com.android.dynsystem does not have legacy storage
03-21 02:55:22.414   690   690 V StorageManagerService: Package com.android.providers.calendar does not have legacy storage
03-21 02:55:22.414   690   690 V StorageManagerService: Package com.android.tv.settings does not have legacy storage
03-21 02:55:22.415   690   690 V StorageManagerService: Package com.android.providers.media does not have legacy storage
03-21 02:55:22.415   690   690 V StorageManagerService: Package com.google.android.ext.shared does not have legacy storage
03-21 02:55:22.415   690   690 V StorageManagerService: Package com.android.systemui.emulation.pixel_2_xl does not have legacy storage
03-21 02:55:22.415   690   690 V StorageManagerService: Package com.android.systemui.emulation.pixel_3_xl does not have legacy storage
03-21 02:55:22.415   690   690 V StorageManagerService: Package com.android.systemui.emulation.pixel_4_xl does not have legacy storage
03-21 02:55:22.415   690   690 V StorageManagerService: Package com.android.externalstorage does not have legacy storage
03-21 02:55:22.415   690   690 V StorageManagerService: Package com.android.htmlviewer does not have legacy storage
03-21 02:55:22.415   690   690 V StorageManagerService: Package com.android.tv.provision does not have legacy storage
03-21 02:55:22.415   690   690 V StorageManagerService: Package com.android.companiondevicemanager does not have legacy storage
03-21 02:55:22.415   690   690 V StorageManagerService: Package com.android.providers.downloads does not have legacy storage
03-21 02:55:22.416   690   690 V StorageManagerService: Package com.android.providers.tv does not have legacy storage
03-21 02:55:22.416   690   690 V StorageManagerService: Package com.google.android.backdrop does not have legacy storage
03-21 02:55:22.416   690   690 V StorageManagerService: Package com.android.tv.settings.gms.resoverlay does not have legacy storage
03-21 02:55:22.416   690   690 V StorageManagerService: Package com.android.networkstack.tethering.emulator does not have legacy storage
03-21 02:55:22.416   690   690 V StorageManagerService: Package com.google.android.configupdater does not have legacy storage
03-21 02:55:22.416   690   690 V StorageManagerService: Package com.google.android.providers.media.module does not have legacy storage
03-21 02:55:22.416   690   690 V StorageManagerService: Package com.android.internal.emulation.pixel_4a does not have legacy storage
03-21 02:55:22.417   690   690 V StorageManagerService: Package com.google.android.overlay.googlewebview does not have legacy storage
03-21 02:55:22.417   690   690 V StorageManagerService: Package com.google.android.hotspot2.osulogin does not have legacy storage
03-21 02:55:22.417   690   690 V StorageManagerService: Package com.android.vending does not have legacy storage
03-21 02:55:22.417   690   690 V StorageManagerService: Package com.android.pacprocessor does not have legacy storage
03-21 02:55:22.417   690   690 V StorageManagerService: Package com.android.certinstaller does not have legacy storage
03-21 02:55:22.417   690   690 V StorageManagerService: Package android does not have legacy storage
03-21 02:55:22.417   690   690 V StorageManagerService: Package com.android.backupconfirm does not have legacy storage
03-21 02:55:22.418   690   690 V StorageManagerService: Package com.android.systemui.auto_generated_rro_vendor__ does not have legacy storage
03-21 02:55:22.418   690   690 V StorageManagerService: Package com.android.internal.systemui.navbar.twobutton does not have legacy storage
03-21 02:55:22.418   690   690 V StorageManagerService: Package com.android.statementservice does not have legacy storage
03-21 02:55:22.418   690   690 V StorageManagerService: Package com.google.android.tv has legacy storage
03-21 02:55:22.418   690   690 V StorageManagerService: Package com.android.settings.intelligence does not have legacy storage
03-21 02:55:22.418   690   690 V StorageManagerService: Package com.google.android.permissioncontroller does not have legacy storage
03-21 02:55:22.418   690   690 V StorageManagerService: Package com.android.systemui.emulation.pixel_3 does not have legacy storage
03-21 02:55:22.418   690   690 V StorageManagerService: Package com.android.systemui.emulation.pixel_4 does not have legacy storage
03-21 02:55:22.418   690   690 V StorageManagerService: Package com.android.systemui.emulation.pixel_5 does not have legacy storage
03-21 02:55:22.419   690   690 V StorageManagerService: Package com.android.emulator.radio.config does not have legacy storage
03-21 02:55:22.419   690   690 V StorageManagerService: Package com.android.providers.settings does not have legacy storage
03-21 02:55:22.419   690   690 V StorageManagerService: Package com.android.sharedstoragebackup does not have legacy storage
03-21 02:55:22.419   690   690 V StorageManagerService: Package com.android.printspooler does not have legacy storage
03-21 02:55:22.419   690   690 V StorageManagerService: Package com.android.dreams.basic does not have legacy storage
03-21 02:55:22.419   690   690 V StorageManagerService: Package com.android.providers.settings.auto_generated_rro_product__ does not have legacy storage
03-21 02:55:22.419   690   690 V StorageManagerService: Package com.android.se does not have legacy storage
03-21 02:55:22.419   690   690 V StorageManagerService: Package com.android.inputdevices does not have legacy storage
03-21 02:55:22.419   690   690 V StorageManagerService: Package com.google.android.tvrecommendations does not have legacy storage
03-21 02:55:22.420   690   690 V StorageManagerService: Package com.android.internal.emulation.pixel_4 does not have legacy storage
03-21 02:55:22.420   690   690 V StorageManagerService: Package com.android.internal.emulation.pixel_5 does not have legacy storage
03-21 02:55:22.420   690   690 V StorageManagerService: Package com.google.android.captiveportallogin does not have legacy storage
03-21 02:55:22.420   690   690 V StorageManagerService: Package com.google.android.modulemetadata does not have legacy storage
03-21 02:55:22.425   690   690 V StorageManagerService: Package com.android.internal.display.cutout.emulation.emu01 does not have legacy storage
03-21 02:55:22.425   690   690 V StorageManagerService: Package com.android.providers.settings.auto_generated_rro_vendor__ does not have legacy storage
03-21 02:55:22.426   690   690 V StorageManagerService: Package com.google.android.tvlauncher does not have legacy storage
03-21 02:55:22.426   690   690 V StorageManagerService: Package com.google.android.webview does not have legacy storage
03-21 02:55:22.426   690   690 V StorageManagerService: Package com.google.android.networkstack does not have legacy storage
03-21 02:55:22.426   690   690 V StorageManagerService: Package com.android.keychain does not have legacy storage
03-21 02:55:22.426   690   690 V StorageManagerService: Package com.google.android.packageinstaller does not have legacy storage
03-21 02:55:22.426   690   690 V StorageManagerService: Package com.google.android.gms does not have legacy storage
03-21 02:55:22.426   690   690 V StorageManagerService: Package com.google.android.gsf does not have legacy storage
03-21 02:55:22.426   690   690 V StorageManagerService: Package com.google.android.tts does not have legacy storage
03-21 02:55:22.426   690   690 V StorageManagerService: Package com.android.localtransport does not have legacy storage
03-21 02:55:22.427   690   690 V StorageManagerService: Package com.amx.atv does not have legacy storage
03-21 02:55:22.427   690   690 V StorageManagerService: Package com.android.proxyhandler does not have legacy storage
03-21 02:55:22.427   690   690 V StorageManagerService: Package com.android.soundpicker does not have legacy storage
03-21 02:55:22.427   690   690 V StorageManagerService: Package com.android.systemui.emulation.pixel_3a_xl does not have legacy storage
03-21 02:55:22.427   690   690 V StorageManagerService: Package com.android.emulator.multidisplay does not have legacy storage
03-21 02:55:22.427   690   690 V StorageManagerService: Package com.google.android.tv.bugreportsender does not have legacy storage
03-21 02:55:22.427   690   690 V StorageManagerService: Package com.android.internal.emulation.pixel_2_xl does not have legacy storage
03-21 02:55:22.427   690   690 V StorageManagerService: Package com.android.internal.emulation.pixel_3_xl does not have legacy storage
03-21 02:55:22.453  1057  1057 I rkstack.proces: The ClassLoaderContext is a special shared library.
03-21 02:55:22.499   926   926 I BluetoothServiceJni: hal_util_load_bt_library: loaded Bluetooth library successfully
03-21 02:55:22.500   926   926 D BluetoothAdapterService: onCreate()
03-21 02:55:22.513   690   690 V StorageManagerService: Package com.android.internal.emulation.pixel_4_xl does not have legacy storage
03-21 02:55:22.513   690   690 V StorageManagerService: Package com.google.android.networkstack.permissionconfig does not have legacy storage
03-21 02:55:22.513   690   690 V StorageManagerService: Package com.android.systemui.emulation.pixel_3a does not have legacy storage
03-21 02:55:22.513   690   690 V StorageManagerService: Package com.android.systemui.emulation.pixel_4a does not have legacy storage
03-21 02:55:22.513   690   690 V StorageManagerService: Package com.google.android.sss.authbridge does not have legacy storage
03-21 02:55:22.520   690   690 V StorageManagerService: Package com.android.cts.ctsshim does not have legacy storage
03-21 02:55:22.523  1057  1057 D NetworkSecurityConfig: No Network Security Config specified, using platform default
03-21 02:55:22.531   690   690 V StorageManagerService: Package com.google.android.wifi.resources does not have legacy storage
03-21 02:55:22.531   690   690 V StorageManagerService: Package com.google.android.youtube.tv does not have legacy storage
03-21 02:55:22.531   690   690 V StorageManagerService: Package com.android.vpndialogs does not have legacy storage
03-21 02:55:22.531   690   690 V StorageManagerService: Package com.google.android.tv.frameworkpackagestubs does not have legacy storage
03-21 02:55:22.531   690   690 V StorageManagerService: Package com.android.shell does not have legacy storage
03-21 02:55:22.531   690   690 V StorageManagerService: Package com.android.wallpaperbackup does not have legacy storage
03-21 02:55:22.531   690   690 V StorageManagerService: Package com.android.providers.userdictionary does not have legacy storage
03-21 02:55:22.532   690   690 V StorageManagerService: Package com.google.android.tv.remote.service does not have legacy storage
03-21 02:55:22.532   690   690 V StorageManagerService: Package com.android.location.fused does not have legacy storage
03-21 02:55:22.532   690   690 V StorageManagerService: Package com.android.systemui does not have legacy storage
03-21 02:55:22.537   690   690 V StorageManagerService: Package com.android.inputmethod.leanback does not have legacy storage
03-21 02:55:22.538   690   690 V StorageManagerService: Package android.auto_generated_rro_product__ does not have legacy storage
03-21 02:55:22.538   690   690 V StorageManagerService: Package com.google.android.play.games does not have legacy storage
03-21 02:55:22.538   690   690 V StorageManagerService: Package com.android.bluetooth does not have legacy storage
03-21 02:55:22.538   690   690 V StorageManagerService: Package com.android.providers.contacts does not have legacy storage
03-21 02:55:22.538   690   690 V StorageManagerService: Package com.google.android.inputmethod.latin does not have legacy storage
03-21 02:55:22.523  1057  1057 D NetworkSecurityConfig: No Network Security Config specified, using platform default
03-21 02:55:22.554   926   926 D AdapterState: make() - Creating AdapterState
03-21 02:55:22.557  1016  1016 I WebViewLoader-: System.exit called, status: 0
03-21 02:55:22.557  1016  1016 I AndroidRuntime: VM exiting with result code 0, cleanup skipped.
03-21 02:55:22.560   690   690 V StorageManagerService: Package android.auto_generated_rro_vendor__ does not have legacy storage
03-21 02:55:22.561   690   690 W SystemServiceManager: Service com.android.server.StorageManagerService$Lifecycle took 149 ms in onStartUser-0
03-21 02:55:22.561   690   690 I SystemServerTiming: ssm.onStartUser-0_com.android.server.usage.StorageStatsService$Lifecycle
03-21 02:55:22.561   690   690 I SystemServerTiming: ssm.onStartUser-0_com.android.server.UiModeManagerService
03-21 02:55:22.567   926  1095 I AdapterState: OFF : entered 
03-21 02:55:22.567   926  1095 D AdapterProperties: Setting state to OFF
03-21 02:55:22.574   926   926 D BluetoothKeystoreService: new BluetoothKeystoreService isNiapMode: false
03-21 02:55:22.576   926   926 D BluetoothKeystoreService: start
03-21 02:55:22.587   403   522 V C2Store : in ~ComponentModule
03-21 02:55:22.587   403   522 V C2Store : unloading dll
03-21 02:55:22.587   403   522 V C2Store : in init
03-21 02:55:22.587   403   522 V C2Store : loading dll
03-21 02:55:22.609   926   926 I droid.bluetoot: [0321/025522.609870:INFO:com_android_bluetooth_btservice_BluetoothKeystore.cpp(97)] classInitNative: succeeds
03-21 02:55:22.610   926   926 D BluetoothKeystoreService: setBluetoothKeystoreService(): set to: com.android.bluetooth.btservice.bluetoothkeystore.BluetoothKeystoreService@f4a20f7
03-21 02:55:22.611   690   690 I SystemServerTiming: ssm.onStartUser-0_com.android.server.locksettings.LockSettingsService$Lifecycle
03-21 02:55:22.611   690   690 I SystemServerTiming: ssm.onStartUser-0_com.android.server.testharness.TestHarnessModeService
03-21 02:55:22.611   690   690 I SystemServerTiming: ssm.onStartUser-0_com.android.server.DeviceIdleController
03-21 02:55:22.611   690   690 I SystemServerTiming: ssm.onStartUser-0_com.android.server.devicepolicy.DevicePolicyManagerService$Lifecycle
03-21 02:55:22.611   690   690 I SystemServerTiming: ssm.onStartUser-0_com.android.server.textservices.TextServicesManagerService$Lifecycle
03-21 02:55:22.612   690   690 I SystemServerTiming: ssm.onStartUser-0_com.android.server.textclassifier.TextClassificationManagerService$Lifecycle
03-21 02:55:22.626   690   690 I SystemServerTiming: ssm.onStartUser-0_com.android.server.NetworkScoreService$Lifecycle
03-21 02:55:22.626   690   690 I SystemServerTiming: ssm.onStartUser-0_com.android.server.wifi.WifiService
03-21 02:55:22.626   690   690 I SystemServerTiming: ssm.onStartUser-0_com.android.server.wifi.scanner.WifiScanningService
03-21 02:55:22.626   690   690 I SystemServerTiming: ssm.onStartUser-0_com.android.server.wifi.p2p.WifiP2pService
03-21 02:55:22.626   690   690 I SystemServerTiming: ssm.onStartUser-0_com.android.server.ethernet.EthernetService
03-21 02:55:22.626   690   690 I SystemServerTiming: ssm.onStartUser-0_com.android.server.notification.NotificationManagerService
03-21 02:55:22.626   690   690 I SystemServerTiming: ssm.onStartUser-0_com.android.server.storage.DeviceStorageMonitorService
03-21 02:55:22.626   690   690 I SystemServerTiming: ssm.onStartUser-0_com.android.server.location.LocationManagerService$Lifecycle
03-21 02:55:22.628   690   690 I SystemServerTiming: ssm.onStartUser-0_com.android.server.timedetector.TimeDetectorService$Lifecycle
03-21 02:55:22.628   690   690 I SystemServerTiming: ssm.onStartUser-0_com.android.server.timezonedetector.TimeZoneDetectorService$Lifecycle
03-21 02:55:22.628   690   690 I SystemServerTiming: ssm.onStartUser-0_com.android.server.search.SearchManagerService$Lifecycle
03-21 02:55:22.628   690   690 I SystemServerTiming: ssm.onStartUser-0_com.android.server.wallpaper.WallpaperManagerService$Lifecycle
03-21 02:55:22.628   690   690 I SystemServerTiming: ssm.onStartUser-0_com.android.server.audio.AudioService$Lifecycle
03-21 02:55:22.628   690   690 I SystemServerTiming: ssm.onStartUser-0_com.android.server.soundtrigger_middleware.SoundTriggerMiddlewareService$Lifecycle
03-21 02:55:22.628   690   690 I SystemServerTiming: ssm.onStartUser-0_com.android.server.DockObserver
03-21 02:55:22.628   690   690 I SystemServerTiming: ssm.onStartUser-0_com.android.server.midi.MidiService$Lifecycle
03-21 02:55:22.629   690   690 I SystemServerTiming: ssm.onStartUser-0_com.android.server.adb.AdbService$Lifecycle
03-21 02:55:22.629   690   690 I SystemServerTiming: ssm.onStartUser-0_com.android.server.usb.UsbService$Lifecycle
03-21 02:55:22.629   690   690 I SystemServerTiming: ssm.onStartUser-0_com.android.server.twilight.TwilightService
03-21 02:55:22.629   690   690 I SystemServerTiming: ssm.onStartUser-0_com.android.server.display.color.ColorDisplayService
03-21 02:55:22.629   690   690 I SystemServerTiming: ssm.onStartUser-0_com.android.server.job.JobSchedulerService
03-21 02:55:22.629   690   690 I SystemServerTiming: ssm.onStartUser-0_com.android.server.soundtrigger.SoundTriggerService
03-21 02:55:22.629   690   690 I SystemServerTiming: ssm.onStartUser-0_com.android.server.trust.TrustManagerService
03-21 02:55:22.632   690   690 I SystemServerTiming: ssm.onStartUser-0_com.android.server.backup.BackupManagerService$Lifecycle
03-21 02:55:22.632   690   690 I SystemServerTiming: ssm.onStartUser-0_com.android.server.appwidget.AppWidgetService
03-21 02:55:22.632   690   690 I SystemServerTiming: ssm.onStartUser-0_com.android.server.role.RoleManagerService
03-21 02:55:22.641   926   926 D BluetoothKeystoreService: loadConfigData
03-21 02:55:22.655   690   690 I SystemServerTiming: ssm.onStartUser-0_com.android.server.voiceinteraction.VoiceInteractionManagerService
03-21 02:55:22.655   690   690 I SystemServerTiming: ssm.onStartUser-0_com.android.server.GestureLauncherService
03-21 02:55:22.655   690   690 I SystemServerTiming: ssm.onStartUser-0_com.android.server.SensorNotificationService
03-21 02:55:22.655   690   690 I SystemServerTiming: ssm.onStartUser-0_com.android.server.emergency.EmergencyAffordanceService
03-21 02:55:22.655   690   690 I SystemServerTiming: ssm.onStartUser-0_com.android.server.dreams.DreamManagerService
03-21 02:55:22.655   690   690 I SystemServerTiming: ssm.onStartUser-0_com.android.server.blob.BlobStoreManagerService
03-21 02:55:22.655   690   690 I SystemServerTiming: ssm.onStartUser-0_com.android.server.print.PrintManagerService
03-21 02:55:22.655   690   690 I SystemServerTiming: ssm.onStartUser-0_com.android.server.companion.CompanionDeviceManagerService
03-21 02:55:22.655   690   690 I SystemServerTiming: ssm.onStartUser-0_com.android.server.restrictions.RestrictionsManagerService
03-21 02:55:22.655   690   690 I SystemServerTiming: ssm.onStartUser-0_com.android.server.media.MediaSessionService
03-21 02:55:22.655   690   690 I SystemServerTiming: ssm.onStartUser-0_com.android.server.tv.TvInputManagerService
03-21 02:55:22.655   690   690 I SystemServerTiming: ssm.onStartUser-0_com.android.server.media.MediaResourceMonitorService
03-21 02:55:22.655   690   690 I SystemServerTiming: ssm.onStartUser-0_com.android.server.tv.TvRemoteService
03-21 02:55:22.655   690   690 I SystemServerTiming: ssm.onStartUser-0_com.android.server.biometrics.fingerprint.FingerprintService
03-21 02:55:22.655   690   690 I SystemServerTiming: ssm.onStartUser-0_com.android.server.biometrics.BiometricService
03-21 02:55:22.655   690   690 I SystemServerTiming: ssm.onStartUser-0_com.android.server.biometrics.AuthService
03-21 02:55:22.655   690   690 I SystemServerTiming: ssm.onStartUser-0_com.android.server.pm.ShortcutService$Lifecycle
03-21 02:55:22.655   690   690 I SystemServerTiming: ssm.onStartUser-0_com.android.server.pm.LauncherAppsService
03-21 02:55:22.655   690   690 I SystemServerTiming: ssm.onStartUser-0_com.android.server.pm.CrossProfileAppsService
03-21 02:55:22.656   690   690 I SystemServerTiming: ssm.onStartUser-0_com.android.server.people.PeopleService
03-21 02:55:22.656   690   690 I SystemServerTiming: ssm.onStartUser-0_com.android.server.media.projection.MediaProjectionManagerService
03-21 02:55:22.656   690   690 I SystemServerTiming: ssm.onStartUser-0_com.android.server.slice.SliceManagerService$Lifecycle
03-21 02:55:22.656   690   690 I SystemServerTiming: ssm.onStartUser-0_com.android.server.camera.CameraServiceProxy
03-21 02:55:22.665   690  1092 I ActivityManager: Process WebViewLoader-x86 (pid 1016) has died: psvc PER 
03-21 02:55:22.668   690   731 I libprocessgroup: Successfully killed process cgroup uid 1037 pid 1016 in 0ms
03-21 02:55:22.672   690   690 I SystemServerTiming: ssm.onStartUser-0_com.android.server.stats.StatsCompanion$Lifecycle
03-21 02:55:22.672   690   690 I SystemServerTiming: ssm.onStartUser-0_com.android.server.stats.pull.StatsPullAtomService
03-21 02:55:22.672   690   690 I SystemServerTiming: ssm.onStartUser-0_com.android.server.incident.IncidentCompanionService
03-21 02:55:22.672   690   690 I SystemServerTiming: ssm.onStartUser-0_com.android.server.MmsServiceBroker
03-21 02:55:22.673   690   690 I SystemServerTiming: ssm.onStartUser-0_com.android.server.autofill.AutofillManagerService
03-21 02:55:22.673   690   690 I SystemServerTiming: ssm.onStartUser-0_com.android.server.clipboard.ClipboardService
03-21 02:55:22.673   690   690 I SystemServerTiming: ssm.onStartUser-0_com.android.server.appbinding.AppBindingService$Lifecycle
03-21 02:55:22.673   690   690 W AppBindingService: [Default SMS app] u0 Target package not found
03-21 02:55:22.673   690   690 I SystemServerTiming: ssm.onStartUser-0_com.android.server.policy.PermissionPolicyService
03-21 02:55:22.673   690   690 I SystemServerTiming: ssm.onStartUser-0_com.android.server.pm.StagingManager$Lifecycle
03-21 02:55:22.673   690   690 I SystemServerTiming: startPersistentApps
03-21 02:55:22.675   690   690 D CompatibilityChangeReporter: Compat change id reported: 135634846; UID 1068; state: DISABLED
03-21 02:55:22.675   690   690 I SystemServerTiming: startHomeOnAllDisplays
03-21 02:55:22.689   403   522 V C2Store : in ~ComponentModule
03-21 02:55:22.690   403   522 V C2Store : unloading dll
03-21 02:55:22.690   403   522 V C2Store : in init
03-21 02:55:22.690   403   522 V C2Store : loading dll
03-21 02:55:22.691   690   690 I ActivityTaskManager: START u0 {act=android.intent.action.MAIN cat=[android.intent.category.HOME] flg=0x10000100 cmp=com.android.tv.settings/.system.FallbackHome (has extras)} from uid 0
03-21 02:55:22.697   926   926 D BluetoothKeystoreService: getCompareResult: 0
03-21 02:55:22.703   403   522 V C2Store : in ~ComponentModule
03-21 02:55:22.703   403   522 V C2Store : unloading dll
03-21 02:55:22.703   403   522 V C2Store : in init
03-21 02:55:22.703   403   522 V C2Store : loading dll
03-21 02:55:22.706   926   926 I bt_btif : init: start restricted = 0 ; niap = 0, config compare result = 0
03-21 02:55:22.706   926   926 I bt_btif : init Preserving legacy bluetooth functionality
03-21 02:55:22.707   926  1100 I droid.bluetoot: [0321/025522.707864:INFO:message_loop_thread.cc(175)] Run: message loop starting for thread bt_stack_manager_thread
03-21 02:55:22.708   403   522 V C2Store : in ~ComponentModule
03-21 02:55:22.708   403   522 V C2Store : unloading dll
03-21 02:55:22.708   403   522 V C2Store : in init
03-21 02:55:22.708   403   522 V C2Store : loading dll
03-21 02:55:22.713   266   266 D Zygote  : Forked child process 1099
03-21 02:55:22.714   266   266 I Zygote  : Process 1016 exited cleanly (0)
03-21 02:55:22.720   690  1014 W ZygoteProcess: Got error connecting to zygote, retrying. msg= Connection refused
03-21 02:55:22.721   926  1100 I bt_stack_manager: event_init_stack is initializing the stack
03-21 02:55:22.722  1099  1099 I WebViewZygoteInit: Starting WebViewZygoteInit
03-21 02:55:22.732   926  1100 W droid.bluetoot: [0321/025522.732847:WARNING:btif_config.cc(594)] btif_config_get_paired_devices: Info is not a valid address
03-21 02:55:22.733   926  1100 W droid.bluetoot: [0321/025522.733018:WARNING:btif_config.cc(594)] btif_config_get_paired_devices: Metrics is not a valid address
03-21 02:55:22.733   926  1100 W droid.bluetoot: [0321/025522.733087:WARNING:btif_config.cc(594)] btif_config_get_paired_devices: Adapter is not a valid address
03-21 02:55:22.732   403   522 V C2Store : in ~ComponentModule
03-21 02:55:22.737   403   522 V C2Store : unloading dll
03-21 02:55:22.737   926  1112 I bt_osi_thread: run_thread: thread id 1112, thread name alarm_default_ca started
03-21 02:55:22.737   403   522 V C2Store : in init
03-21 02:55:22.737   403   522 V C2Store : loading dll
03-21 02:55:22.738   926  1113 I bt_osi_thread: run_thread: thread id 1113, thread name alarm_dispatcher started
03-21 02:55:22.739   926  1100 I bt_btif_core: btif_init_bluetooth entered
03-21 02:55:22.742   926  1100 I bt_stack_config: init attempt to load stack conf from /etc/bluetooth/bt_stack.conf
03-21 02:55:22.760   315   315 I android.hardware.power-service.example: Power isModeSupported: 5
03-21 02:55:22.766   690   690 I SystemServerTiming: showSystemReadyErrorDialogs
03-21 02:55:22.767   690   690 I system_server: getFrameworkHalManifest: Reading VINTF information.
03-21 02:55:22.768   690   690 I system_server: getFrameworkHalManifest: Successfully processed VINTF information
03-21 02:55:22.768   690   690 I system_server: getDeviceHalManifest: Reading VINTF information.
03-21 02:55:22.772   690   690 I system_server: getDeviceHalManifest: Successfully processed VINTF information
03-21 02:55:22.772   690   690 I system_server: getFrameworkCompatibilityMatrix: Reading VINTF information.
03-21 02:55:22.779   403   522 V C2Store : in ~ComponentModule
03-21 02:55:22.779   403   522 V C2Store : unloading dll
03-21 02:55:22.779   403   522 V C2Store : in init
03-21 02:55:22.779   403   522 V C2Store : loading dll
03-21 02:55:22.781   926  1114 I droid.bluetoot: [0321/025522.781261:INFO:message_loop_thread.cc(175)] Run: message loop starting for thread bt_jni_thread
03-21 02:55:22.786   690   728 D StatsPullAtomService: Registering NetworkStats pullers with statsd
03-21 02:55:22.792   943   943 D CompatibilityChangeReporter: Compat change id reported: 147600208; UID 10067; state: ENABLED
03-21 02:55:22.793   690   728 W BestClock: java.time.DateTimeException: Missing NTP fix
03-21 02:55:22.793   926  1100 I bt_btif_core: btif_init_bluetooth finished
03-21 02:55:22.793   926  1100 I bt_stack_manager: event_init_stack finished
03-21 02:55:22.794   926   926 I bt_osi_wakelock: wakelock_set_os_callouts set to non-native
03-21 02:55:22.794   926   926 I bt_btif : get_profile_interface: id = socket
03-21 02:55:22.795   926  1114 E bt_btif_storage: btif_storage_get_adapter_property: Controller not ready! Unable to return Bluetooth Address
03-21 02:55:22.795   926  1114 E BluetoothServiceJni: adapter_properties_callback: Status 1 is incorrect
03-21 02:55:22.796   926   926 D BluetoothKeystoreService: initJni()
03-21 02:55:22.796   926   926 I bt_btif : get_profile_interface: id = bluetooth_keystore
03-21 02:55:22.796   926   926 I bt_btif : get_profile_interface: id = sdp
03-21 02:55:22.825   403   522 V C2Store : in ~ComponentModule
