03-21 02:55:22.825   403   522 V C2Store : unloading dll
03-21 02:55:22.827   403   522 V C2Store : in init
03-21 02:55:22.827   403   522 V C2Store : loading dll
03-21 02:55:22.830  1099  1099 I WebViewZygoteInit: Beginning application preload for com.google.android.webview
03-21 02:55:22.849   690   728 W BestClock: java.time.DateTimeException: Missing NTP fix
03-21 02:55:22.859   690   728 W BestClock: java.time.DateTimeException: Missing NTP fix
03-21 02:55:22.863   266   266 D Zygote  : Forked child process 1116
03-21 02:55:22.882   403   522 V C2Store : in ~ComponentModule
03-21 02:55:22.882   403   522 V C2Store : unloading dll
03-21 02:55:22.882   403   522 V C2Store : in init
03-21 02:55:22.882   403   522 V C2Store : loading dll
03-21 02:55:22.898  1116  1116 W com.android.se: Unexpected CPU variant for X86 using defaults: x86
03-21 02:55:22.908  1116  1116 E com.android.se: Not starting debugger since process cannot load the jdwp agent.
03-21 02:55:22.924   690   730 W ActivityManager: Slow operation: 250ms so far, now at startProcess: returned from zygote!
03-21 02:55:22.937   690   728 W BestClock: java.time.DateTimeException: Missing NTP fix
03-21 02:55:22.939   690   728 W BestClock: java.time.DateTimeException: Missing NTP fix
03-21 02:55:22.951   403   522 I mediaswcodec: missing struct descriptor #Param::CoreIndex(--004) for field values of struct #Param::CoreIndex(F-12004)
03-21 02:55:22.951   403   522 V C2Store : in ~ComponentModule
03-21 02:55:22.951   403   522 V C2Store : unloading dll
03-21 02:55:22.952   403   522 V C2Store : in init
03-21 02:55:22.952   403   522 V C2Store : loading dll
03-21 02:55:22.953   690   690 I system_server: getFrameworkCompatibilityMatrix: Successfully processed VINTF information
03-21 02:55:22.953   690   690 I system_server: getDeviceCompatibilityMatrix: Reading VINTF information.
03-21 02:55:22.955   690   690 I system_server: getDeviceCompatibilityMatrix: Successfully processed VINTF information
03-21 02:55:22.964   690   690 I SystemServerTiming: sendUserStartBroadcast
03-21 02:55:22.964   690   690 I SystemServerTiming: resumeTopActivities
03-21 02:55:22.964   690   690 I SystemServerTiming: sendUserSwitchBroadcasts
03-21 02:55:22.965   690   690 I SystemServerTiming: setBinderProxies
03-21 02:55:22.967   690   717 D CompatibilityChangeReporter: Compat change id reported: 135634846; UID 1000; state: DISABLED
03-21 02:55:22.972   690   690 W Looper  : Slow delivery took 16578ms main h=android.app.PropertyInvalidatedCache$AutoCorker$1 c=null m=0
03-21 02:55:22.972   690   707 W ActivityManager: Slow operation: 298ms so far, now at startProcess: done updating battery stats
03-21 02:55:22.972   690   707 W ActivityManager: Slow operation: 298ms so far, now at startProcess: building log message
03-21 02:55:22.972   690   707 I ActivityManager: Start proc 1116:com.android.se/1068 for added application com.android.se
03-21 02:55:22.972   690   707 W ActivityManager: Slow operation: 298ms so far, now at startProcess: starting to update pids map
03-21 02:55:22.976   690   707 W ActivityManager: Slow operation: 302ms so far, now at startProcess: done updating pids map
03-21 02:55:22.984   926  1114 D AdapterProperties: Name is: AOSP TV on x86
03-21 02:55:22.984   926  1114 D AdapterProperties: BT Class:5a020c
03-21 02:55:22.995   690   858 W BestClock: java.time.DateTimeException: Missing NTP fix
03-21 02:55:22.997   690   858 I chatty  : uid=1000(system) NetworkPolicy identical 1 line
03-21 02:55:22.998   690   858 W BestClock: java.time.DateTimeException: Missing NTP fix
03-21 02:55:23.001   926   926 I BluetoothAdapterService: Phone policy enabled
03-21 02:55:23.005   690   717 I InputManager: Enabling motion classifier because user switched: feature enabled, long press timeout = 400
03-21 02:55:23.005   690   717 I InputClassifier: Enabling motion classifier
03-21 02:55:23.006   926   926 D BluetoothActiveDeviceManager: start()
03-21 02:55:23.067   403   522 V C2Store : in ~ComponentModule
03-21 02:55:23.067   403   522 V C2Store : unloading dll
03-21 02:55:23.067   403   522 V C2Store : in init
03-21 02:55:23.067   403   522 V C2Store : loading dll
03-21 02:55:23.076   266   266 D Zygote  : Forked child process 1143
03-21 02:55:23.077   690   728 W BestClock: java.time.DateTimeException: Missing NTP fix
03-21 02:55:23.127   690   730 W ActivityManager: Slow operation: 161ms so far, now at startProcess: returned from zygote!
03-21 02:55:23.127   690   730 W ActivityManager: Slow operation: 161ms so far, now at startProcess: done updating battery stats
03-21 02:55:23.127   690   730 W ActivityManager: Slow operation: 161ms so far, now at startProcess: building log message
03-21 02:55:23.127   690   730 I ActivityManager: Start proc 1143:com.android.tv.settings/1000 for top-activity {com.android.tv.settings/com.android.tv.settings.system.FallbackHome}
03-21 02:55:23.128   690   730 W ActivityManager: Slow operation: 161ms so far, now at startProcess: starting to update pids map
03-21 02:55:23.128   690   730 W ActivityManager: Slow operation: 162ms so far, now at startProcess: done updating pids map
03-21 02:55:23.131   690   858 W BestClock: java.time.DateTimeException: Missing NTP fix
03-21 02:55:23.132   926  1138 D BluetoothActiveDeviceManager: onAudioDevicesAdded
03-21 02:55:23.147   690   858 W BestClock: java.time.DateTimeException: Missing NTP fix
03-21 02:55:23.147   690   858 W BestClock: java.time.DateTimeException: Missing NTP fix
03-21 02:55:23.149  1116  1116 I com.android.se: The ClassLoaderContext is a special shared library.
03-21 02:55:23.149   403   522 V C2Store : in ~ComponentModule
03-21 02:55:23.149   403   522 V C2Store : unloading dll
03-21 02:55:23.150   403   522 V C2Store : in init
03-21 02:55:23.150   403   522 V C2Store : loading dll
03-21 02:55:23.150   926  1138 D BluetoothActiveDeviceManager: Audio device added: AOSP TV on x86 type: 18
03-21 02:55:23.151   926  1138 D BluetoothActiveDeviceManager: Audio device added: AOSP TV on x86 type: 2
03-21 02:55:23.151   926  1138 D BluetoothActiveDeviceManager: Audio device added: AOSP TV on x86 type: 25
03-21 02:55:23.151   926  1138 D BluetoothActiveDeviceManager: Audio device added: AOSP TV on x86 type: 15
03-21 02:55:23.151   926  1138 D BluetoothActiveDeviceManager: Audio device added: AOSP TV on x86 type: 18
03-21 02:55:23.151   926  1138 D BluetoothActiveDeviceManager: Audio device added: AOSP TV on x86 type: 16
03-21 02:55:23.154  1057  1057 I TetheringManager: registerTetheringEventCallback:com.google.android.networkstack
03-21 02:55:23.156   690   707 D ConnectivityService: requestNetwork for uid/pid:1073/1057 NetworkRequest [ TRACK_DEFAULT id=9, [ Capabilities: INTERNET&NOT_RESTRICTED&TRUSTED Uid: 1073 AdministratorUids: [] RequestorUid: 1073 RequestorPackageName: com.google.android.networkstack] ]
03-21 02:55:23.157   690   865 D ConnectivityService: NetReassign [no changes]
03-21 02:55:23.157   690   907 D Ethernet: got request NetworkRequest [ TRACK_DEFAULT id=9, [ Capabilities: INTERNET&NOT_RESTRICTED&TRUSTED Uid: 1073 AdministratorUids: [] RequestorUid: 1073 RequestorPackageName: com.google.android.networkstack] ] with score 0 and providerId 0
03-21 02:55:23.160   690   865 D ConnectivityService: NetReassign [no changes]
03-21 02:55:23.160   690   690 D ConditionProviders.SCP: onConnected
03-21 02:55:23.160  1143  1143 W oid.tv.setting: Unexpected CPU variant for X86 using defaults: x86
03-21 02:55:23.168   690   728 W BestClock: java.time.DateTimeException: Missing NTP fix
03-21 02:55:23.179   690   690 D ConditionProviders: Subscribing to condition://android/event?userId=-10000&calendar=&reply=1 with ComponentInfo{android/com.android.server.notification.EventConditionProvider}
03-21 02:55:23.180   690   690 D ConditionProviders: Subscribing to condition://android/schedule?days=1.2.3.4.5.6.7&start=22.0&end=7.0&exitAtAlarm=true with ComponentInfo{android/com.android.server.notification.ScheduleConditionProvider}
03-21 02:55:23.183   690   690 V FingerprintService: starting client EnumerateClient(android) targetUserId: 0 currentUserId: 0 cookie: 0/0
03-21 02:55:23.183   416   416 D FingerprintHal: ----------------> fingerprint_enumerate ----------------->
03-21 02:55:23.183   416   416 D android.hardware.biometrics.fingerprint@2.1-service: onEnumerate(fid=0, gid=0, rem=0)
03-21 02:55:23.184  1099  1099 I WebViewZygoteInit: Application preload done
03-21 02:55:23.186   690   690 D CompatibilityChangeReporter: Compat change id reported: 135634846; UID 10030; state: DISABLED
03-21 02:55:23.187   690   730 D CompatibilityChangeReporter: Compat change id reported: 143937733; UID 10030; state: ENABLED
03-21 02:55:23.190  1143  1143 E oid.tv.setting: Not starting debugger since process cannot load the jdwp agent.
03-21 02:55:23.193   926   926 D BluetoothDatabase: start()
03-21 02:55:23.196   690   690 D WifiP2pService: Wifi enabled=false, P2P Interface availability=true
03-21 02:55:23.197   690   714 D CompatibilityChangeReporter: Compat change id reported: 150939131; UID 1000; state: ENABLED
03-21 02:55:23.199   690   690 D WifiP2pService: Wifi enabled=true, P2P Interface availability=true, Number of clients=0
03-21 02:55:23.199   690   690 D WifiP2pService: Wifi enabled=true, P2P Interface availability=true
03-21 02:55:23.199   690   690 D PackageWatchdog: Getting all observed packages pending health checks
03-21 02:55:23.199   690   690 I PackageWatchdog: Syncing health check requests for packages: {}
03-21 02:55:23.200   690   690 I ExplicitHealthCheckController: Service not ready to get health check supported packages. Binding...
03-21 02:55:23.201   690   690 I ExplicitHealthCheckController: Explicit health check service is bound
03-21 02:55:23.212   403   522 V C2Store : in ~ComponentModule
03-21 02:55:23.212   403   522 V C2Store : unloading dll
03-21 02:55:23.212   403   522 V C2Store : in init
03-21 02:55:23.212   403   522 V C2Store : loading dll
03-21 02:55:23.215  1116  1116 W ContextImpl: Failed to ensure /data/user/0/com.android.se/cache: mkdir failed: ENOENT (No such file or directory)
03-21 02:55:23.215  1116  1116 W ContextImpl: Failed to update user.inode_cache: stat failed: ENOENT (No such file or directory)
03-21 02:55:23.218   690   707 W InputReader: Device virtio_input_multi_touch_10 is associated with display ADISPLAY_ID_NONE.
03-21 02:55:23.218   690   707 W InputReader: Device virtio_input_multi_touch_4 is associated with display ADISPLAY_ID_NONE.
03-21 02:55:23.218   690   707 W InputReader: Device virtio_input_multi_touch_11 is associated with display ADISPLAY_ID_NONE.
03-21 02:55:23.218   690   707 W InputReader: Device virtio_input_multi_touch_5 is associated with display ADISPLAY_ID_NONE.
03-21 02:55:23.218   690   707 W InputReader: Device virtio_input_multi_touch_2 is associated with display ADISPLAY_ID_NONE.
03-21 02:55:23.218   690   707 W InputReader: Device virtio_input_multi_touch_9 is associated with display ADISPLAY_ID_NONE.
03-21 02:55:23.218   690   707 W InputReader: Device virtio_input_multi_touch_6 is associated with display ADISPLAY_ID_NONE.
03-21 02:55:23.218   690   707 W InputReader: Device virtio_input_multi_touch_7 is associated with display ADISPLAY_ID_NONE.
03-21 02:55:23.218   690   707 W InputReader: Device virtio_input_multi_touch_3 is associated with display ADISPLAY_ID_NONE.
03-21 02:55:23.218   690   707 W InputReader: Device virtio_input_multi_touch_8 is associated with display ADISPLAY_ID_NONE.
03-21 02:55:23.218   690   707 W InputReader: Device virtio_input_multi_touch_10 is associated with display ADISPLAY_ID_NONE.
03-21 02:55:23.218   690   707 W InputReader: Device virtio_input_multi_touch_4 is associated with display ADISPLAY_ID_NONE.
03-21 02:55:23.218   690   707 W InputReader: Device virtio_input_multi_touch_11 is associated with display ADISPLAY_ID_NONE.
03-21 02:55:23.218   690   707 W InputReader: Device virtio_input_multi_touch_5 is associated with display ADISPLAY_ID_NONE.
03-21 02:55:23.218   690   707 W InputReader: Device virtio_input_multi_touch_2 is associated with display ADISPLAY_ID_NONE.
03-21 02:55:23.218   690   707 W InputReader: Device virtio_input_multi_touch_9 is associated with display ADISPLAY_ID_NONE.
03-21 02:55:23.218   690   707 W InputReader: Device virtio_input_multi_touch_6 is associated with display ADISPLAY_ID_NONE.
03-21 02:55:23.218   690   707 W InputReader: Device virtio_input_multi_touch_7 is associated with display ADISPLAY_ID_NONE.
03-21 02:55:23.219   690   707 W InputReader: Device virtio_input_multi_touch_3 is associated with display ADISPLAY_ID_NONE.
03-21 02:55:23.219   690   707 W InputReader: Device virtio_input_multi_touch_8 is associated with display ADISPLAY_ID_NONE.
03-21 02:55:23.224   943   943 D MediaResumeListener: loaded resume components []
03-21 02:55:23.225   403   522 V C2Store : in ~ComponentModule
03-21 02:55:23.225   403   522 V C2Store : unloading dll
03-21 02:55:23.225   403   522 V C2Store : in init
03-21 02:55:23.225   403   522 V C2Store : loading dll
03-21 02:55:23.226  1116  1116 D NetworkSecurityConfig: No Network Security Config specified, using platform default
03-21 02:55:23.227  1116  1116 D NetworkSecurityConfig: No Network Security Config specified, using platform default
03-21 02:55:23.237   266   266 D Zygote  : Forked child process 1167
03-21 02:55:23.239   403   522 V C2Store : in ~ComponentModule
03-21 02:55:23.239   403   522 V C2Store : unloading dll
03-21 02:55:23.239   403   522 V C2Store : in init
03-21 02:55:23.239   403   522 V C2Store : loading dll
03-21 02:55:23.244   690   730 W ActivityManager: Slow operation: 58ms so far, now at startProcess: returned from zygote!
03-21 02:55:23.264   403   522 V C2Store : in ~ComponentModule
03-21 02:55:23.264   403   522 V C2Store : unloading dll
03-21 02:55:23.264   403   522 V C2Store : in init
03-21 02:55:23.264   403   522 V C2Store : loading dll
03-21 02:55:23.273   690   730 W ActivityManager: Slow operation: 87ms so far, now at startProcess: done updating battery stats
03-21 02:55:23.273   690   730 W ActivityManager: Slow operation: 88ms so far, now at startProcess: building log message
03-21 02:55:23.273   690   730 I ActivityManager: Start proc 1167:com.google.android.ext.services/u0a30 for service {com.google.android.ext.services/android.ext.services.autofill.InlineSuggestionRenderServiceImpl}
03-21 02:55:23.273   690   730 W ActivityManager: Slow operation: 88ms so far, now at startProcess: starting to update pids map
03-21 02:55:23.273   690   730 W ActivityManager: Slow operation: 88ms so far, now at startProcess: done updating pids map
03-21 02:55:23.273  1167  1167 W id.ext.service: Unexpected CPU variant for X86 using defaults: x86
03-21 02:55:23.274  1057  1057 D ApplicationLoaders: Returning zygote-cached class loader: /system/framework/android.test.base.jar
03-21 02:55:23.276   926   926 D BluetoothDatabase: Load Database
03-21 02:55:23.281   926   926 D BluetoothAdapterService: setAdapterService() - trying to set service to com.android.bluetooth.btservice.AdapterService@85618a0
03-21 02:55:23.297   403   522 V C2Store : in ~ComponentModule
03-21 02:55:23.298   403   522 V C2Store : unloading dll
03-21 02:55:23.298   403   522 V C2Store : in init
03-21 02:55:23.298   403   522 V C2Store : loading dll
03-21 02:55:23.298  1167  1167 E id.ext.service: Not starting debugger since process cannot load the jdwp agent.
03-21 02:55:23.308  1143  1143 I oid.tv.setting: The ClassLoaderContext is a special shared library.
03-21 02:55:23.319   690   690 I system_server: The ClassLoaderContext is a special shared library.
03-21 02:55:23.325   403   522 V C2Store : in ~ComponentModule
03-21 02:55:23.325   403   522 V C2Store : unloading dll
03-21 02:55:23.325   403   522 V C2Store : in init
03-21 02:55:23.325   403   522 V C2Store : loading dll
03-21 02:55:23.329  1116  1116 I SecureElementService: main onCreate
03-21 02:55:23.330   926   926 D BluetoothAdapterService: onBind()
03-21 02:55:23.336  1057  1057 D NetworkSecurityConfig: No Network Security Config specified, using platform default
03-21 02:55:23.336  1057  1057 W nsconfig: com.android.networkstack.process: New config does not match the previously set config.
03-21 02:55:23.343  1116  1116 I SecureElementService: Check if terminal eSE1 is available.
03-21 02:55:23.346   161   161 I hwservicemanager: getTransport: Cannot find entry android.hardware.secure_element@1.2::ISecureElement/eSE1 in either framework or device manifest.
03-21 02:55:23.347  1116  1116 D SecureElement-Terminal-eSE1: SE Hal V1.2 is not supported
03-21 02:55:23.347   161   161 I hwservicemanager: getTransport: Cannot find entry android.hardware.secure_element@1.1::ISecureElement/eSE1 in either framework or device manifest.
03-21 02:55:23.348  1116  1116 D SecureElement-Terminal-eSE1: SE Hal V1.1 is not supported
03-21 02:55:23.348   403   522 I mediaswcodec: missing struct descriptor #Param::CoreIndex(--004) for field values of struct #Param::CoreIndex(F-12004)
03-21 02:55:23.349   161   161 I hwservicemanager: getTransport: Cannot find entry android.hardware.secure_element@1.0::ISecureElement/eSE1 in either framework or device manifest.
03-21 02:55:23.367  1116  1116 I SecureElementService: No HAL implementation for eSE1
03-21 02:55:23.373   690   728 W BestClock: java.time.DateTimeException: Missing NTP fix
03-21 02:55:23.382   403   522 D C2SoftHevcEnc: Given level 6000 does not cover current configuration: adjusting to 6001
03-21 02:55:23.385   403   522 V C2Store : in ~ComponentModule
03-21 02:55:23.385   403   522 V C2Store : unloading dll
03-21 02:55:23.386   403   522 V C2Store : in init
03-21 02:55:23.386   403   522 V C2Store : loading dll
03-21 02:55:23.389  1116  1116 I SecureElementService: Check if terminal SIM1 is available.
03-21 02:55:23.391   161   161 I hwservicemanager: getTransport: Cannot find entry android.hardware.secure_element@1.2::ISecureElement/SIM1 in either framework or device manifest.
03-21 02:55:23.392  1116  1116 D SecureElement-Terminal-SIM1: SE Hal V1.2 is not supported
03-21 02:55:23.393   161   161 I hwservicemanager: getTransport: Cannot find entry android.hardware.secure_element@1.1::ISecureElement/SIM1 in either framework or device manifest.
03-21 02:55:23.398  1143  1143 D NetworkSecurityConfig: No Network Security Config specified, using platform default
03-21 02:55:23.400  1143  1143 D NetworkSecurityConfig: No Network Security Config specified, using platform default
03-21 02:55:23.413   388   388 D incidentd: WorkDirectory::getReports
03-21 02:55:23.421  1116  1116 D SecureElement-Terminal-SIM1: SE Hal V1.1 is not supported
03-21 02:55:23.422   161   161 I hwservicemanager: getTransport: Cannot find entry android.hardware.secure_element@1.0::ISecureElement/SIM1 in either framework or device manifest.
03-21 02:55:23.422  1116  1116 I SecureElementService: No HAL implementation for SIM1
03-21 02:55:23.423   690   690 D NetworkSecurityConfig: No Network Security Config specified, using platform default
03-21 02:55:23.424   690   690 D NetworkSecurityConfig: No Network Security Config specified, using platform default
03-21 02:55:23.424   403   522 V C2Store : in ~ComponentModule
03-21 02:55:23.424   403   522 V C2Store : unloading dll
03-21 02:55:23.424   403   522 V C2Store : in init
03-21 02:55:23.424   403   522 V C2Store : loading dll
03-21 02:55:23.434   403   522 V C2Store : in ~ComponentModule
03-21 02:55:23.435   403   522 V C2Store : unloading dll
03-21 02:55:23.435   403   522 V C2Store : in init
03-21 02:55:23.435   403   522 V C2Store : loading dll
03-21 02:55:23.436   690   690 W Looper  : Slow dispatch took 171ms main h=android.app.ActivityThread$H c=null m=114
03-21 02:55:23.438   690   858 W BestClock: java.time.DateTimeException: Missing NTP fix
03-21 02:55:23.448   690   690 D CompatibilityChangeReporter: Compat change id reported: 135634846; UID 10046; state: DISABLED
03-21 02:55:23.448   690   730 D CompatibilityChangeReporter: Compat change id reported: 143937733; UID 10046; state: ENABLED
03-21 02:55:23.438   690   858 W BestClock: java.time.DateTimeException: Missing NTP fix
03-21 02:55:23.448   690   690 E WiredAccessoryManager: No state change.
03-21 02:55:23.449   690   690 W WiredAccessoryManager: Both input event and extcon are used for audio jack, please just choose one.
03-21 02:55:23.453   403   522 V C2Store : in ~ComponentModule
03-21 02:55:23.453   403   522 V C2Store : unloading dll
03-21 02:55:23.454   403   522 V C2Store : in init
03-21 02:55:23.454   403   522 V C2Store : loading dll
03-21 02:55:23.458   943   960 I ndroid.systemu: Background young concurrent copying GC freed 3523(452KB) AllocSpace objects, 2(40KB) LOS objects, 90% free, 2468KB/26MB, paused 85us total 410.270ms
03-21 02:55:23.463   926  1162 D BluetoothDatabase: compactLastConnectionTime: Compacting metadata after load
03-21 02:55:23.463   926  1162 I BluetoothDatabase: cacheMetadata
03-21 02:55:23.463   926  1162 V BluetoothDatabase: cacheMetadata: found device LocalStorage
03-21 02:55:23.464   926  1162 I BluetoothDatabase: cacheMetadata: Database is ready
03-21 02:55:23.480   266   266 D Zygote  : Forked child process 1197
03-21 02:55:23.483   690   730 I ActivityManager: Start proc 1197:com.google.android.tv.remote.service/u0a46 for service {com.google.android.tv.remote.service/com.google.android.tv.remote.service.AtvRemoteProviderService}
03-21 02:55:23.485  1143  1196 D libEGL  : loaded /vendor/lib/egl/libEGL_emulation.so
03-21 02:55:23.491   403   522 V C2Store : in ~ComponentModule
03-21 02:55:23.491   403   522 V C2Store : unloading dll
03-21 02:55:23.491   690   690 E TrustManagerService: EXTRA_USER_HANDLE missing or invalid, value=0
03-21 02:55:23.491   403   522 V C2Store : in init
03-21 02:55:23.491   403   522 V C2Store : loading dll
03-21 02:55:23.493   690   729 I DropBoxManagerService: add tag=system_server_wtf isTagEnabled=true flags=0x2
03-21 02:55:23.499  1143  1196 D libEGL  : loaded /vendor/lib/egl/libGLESv1_CM_emulation.so
03-21 02:55:23.499  1167  1167 I id.ext.service: The ClassLoaderContext is a special shared library.
03-21 02:55:23.501  1197  1197 W .remote.servic: Unexpected CPU variant for X86 using defaults: x86
03-21 02:55:23.509  1197  1197 E .remote.servic: Not starting debugger since process cannot load the jdwp agent.
03-21 02:55:23.511  1143  1196 D libEGL  : loaded /vendor/lib/egl/libGLESv2_emulation.so
03-21 02:55:23.512  1167  1167 D NetworkSecurityConfig: No Network Security Config specified, using platform default
03-21 02:55:23.512  1167  1167 D NetworkSecurityConfig: No Network Security Config specified, using platform default
03-21 02:55:23.523   403   522 V C2Store : in ~ComponentModule
03-21 02:55:23.523   403   522 V C2Store : unloading dll
03-21 02:55:23.523   403   522 V C2Store : in init
03-21 02:55:23.523   403   522 V C2Store : loading dll
03-21 02:55:23.535   690   690 V NotificationListeners: enabling notification listener for 0: ComponentInfo{com.google.android.tvrecommendations/com.google.android.tvrecommendations.NotificationsService}
03-21 02:55:23.535   403   522 V C2Store : in ~ComponentModule
03-21 02:55:23.535   403   522 V C2Store : unloading dll
03-21 02:55:23.536   403   522 V C2Store : in init
03-21 02:55:23.536   403   522 V C2Store : loading dll
03-21 02:55:23.536   690   690 V NotificationListeners: binding: Intent { act=android.service.notification.NotificationListenerService cmp=com.google.android.tvrecommendations/.NotificationsService (has extras) }
03-21 02:55:23.537   690   690 W ActivityManager: Unable to start service Intent { act=android.service.notification.NotificationListenerService cmp=com.google.android.tvrecommendations/.NotificationsService } U=0: not found
03-21 02:55:23.537   690   690 W NotificationListeners: Unable to bind notification listener service: Intent { act=android.service.notification.NotificationListenerService cmp=com.google.android.tvrecommendations/.NotificationsService (has extras) } in user 0
03-21 02:55:23.556   943   943 W AlarmManager: Unrecognized alarm listener com.android.systemui.keyguard.-$$Lambda$KeyguardSliceProvider$IhzByd8TsqFuOrSyuGurVskyPLo@ac11c3f
03-21 02:55:23.557   403   522 V C2Store : in ~ComponentModule
03-21 02:55:23.557   403   522 V C2Store : unloading dll
03-21 02:55:23.558   403   522 V C2Store : in init
03-21 02:55:23.558   403   522 V C2Store : loading dll
03-21 02:55:23.558   690  1115 D NetworkStats: registerNetworkStatsProvider from OffloadController uid/pid=1073/1057
03-21 02:55:23.570   403   522 V C2Store : in ~ComponentModule
03-21 02:55:23.570   403   522 V C2Store : unloading dll
03-21 02:55:23.570   403   522 V C2Store : in init
03-21 02:55:23.570   403   522 V C2Store : loading dll
03-21 02:55:23.599   403   522 V C2Store : in ~ComponentModule
03-21 02:55:23.599   403   522 V C2Store : unloading dll
03-21 02:55:23.599   403   522 V C2Store : in init
03-21 02:55:23.599   403   522 V C2Store : loading dll
03-21 02:55:23.612   403   522 I C2SoftVp8Enc: setting temporal layering 0 + 0
03-21 02:55:23.614   403   522 V C2Store : in ~ComponentModule
03-21 02:55:23.614   403   522 V C2Store : unloading dll
03-21 02:55:23.614   403   522 V C2Store : in init
03-21 02:55:23.614   403   522 V C2Store : loading dll
03-21 02:55:23.626   403   522 V C2Store : in ~ComponentModule
03-21 02:55:23.626   403   522 V C2Store : unloading dll
03-21 02:55:23.626   403   522 V C2Store : in init
03-21 02:55:23.626   403   522 V C2Store : loading dll
03-21 02:55:23.631   943   943 V SystemUIService: SystemUIApplication created.
03-21 02:55:23.633   403   522 I C2SoftVp9Enc: setting temporal layering 0 + 0
03-21 02:55:23.633   403   522 V C2Store : in ~ComponentModule
03-21 02:55:23.633   403   522 V C2Store : unloading dll
03-21 02:55:23.635   393   498 D MediaCodecsXmlParser: parsing /apex/com.android.media.swcodec/etc/media_codecs.xml...
03-21 02:55:23.638   393   498 D MediaCodecsXmlParser: disabling c2.android.gsm.decoder
03-21 02:55:23.638   393   498 D MediaCodecsXmlParser: disabling c2.android.mpeg2.decoder
03-21 02:55:23.640   393   498 D MediaCodecsXmlParser: Cannot find 
03-21 02:55:23.640   393   498 I chatty  : uid=1013(media) Binder:393_1 identical 1 line
03-21 02:55:23.640   393   498 D MediaCodecsXmlParser: Cannot find 
03-21 02:55:23.640   393   498 D MediaCodecsXmlParser: parsing /vendor/etc/media_codecs.xml...
03-21 02:55:23.641   393   498 D MediaCodecsXmlParser: Ignoring unrecognized tag <MediaCodec> at line 85 of /vendor/etc/media_codecs.xml
03-21 02:55:23.641   393   498 D MediaCodecsXmlParser: Ignoring unrecognized tag <MediaCodec> at line 88 of /vendor/etc/media_codecs.xml
03-21 02:55:23.641   393   498 D MediaCodecsXmlParser: Ignoring unrecognized tag <MediaCodec> at line 91 of /vendor/etc/media_codecs.xml
03-21 02:55:23.641   393   498 D MediaCodecsXmlParser: parsing /vendor/etc/media_codecs_google_audio.xml...
03-21 02:55:23.642   393   498 D MediaCodecsXmlParser: parsing /vendor/etc/media_codecs_google_telephony.xml...
03-21 02:55:23.642   393   498 D MediaCodecsXmlParser: parsing /vendor/etc/media_codecs_google_video.xml...
03-21 02:55:23.644   393   498 D MediaCodecsXmlParser: parsing /vendor/etc/media_codecs_performance.xml...
03-21 02:55:23.645   403   522 V C2Store : in init
03-21 02:55:23.645   403   522 V C2Store : loading dll
03-21 02:55:23.654   403   520 V C2Store : in ~ComponentModule
03-21 02:55:23.654   403   520 V C2Store : unloading dll
03-21 02:55:23.654   403   522 V C2Store : in init
03-21 02:55:23.654   403   522 V C2Store : loading dll
03-21 02:55:23.657   403   522 V C2Store : in init
03-21 02:55:23.658   403   522 V C2Store : loading dll
03-21 02:55:23.658   403   403 V C2Store : in ~ComponentModule
03-21 02:55:23.658   403   403 V C2Store : unloading dll
03-21 02:55:23.661   403   520 V C2Store : in init
03-21 02:55:23.661   403   522 V C2Store : in ~ComponentModule
03-21 02:55:23.661   403   520 V C2Store : loading dll
03-21 02:55:23.661   403   522 V C2Store : unloading dll
03-21 02:55:23.668   403   403 V C2Store : in init
03-21 02:55:23.669   403   403 V C2Store : loading dll
03-21 02:55:23.671   403   403 V C2Store : in init
03-21 02:55:23.671   403   403 V C2Store : loading dll
03-21 02:55:23.674   403   403 V C2Store : in ~ComponentModule
03-21 02:55:23.674   403   403 V C2Store : unloading dll
03-21 02:55:23.675   403   403 V C2Store : in init
03-21 02:55:23.675   403   403 V C2Store : loading dll
03-21 02:55:23.676   943   943 V SystemUIService: Starting SystemUI services for user 0.
03-21 02:55:23.679  1143  1193 D HostConnection: HostConnection::get() New Host Connection established 0xf4522a60, tid 1193
03-21 02:55:23.679   403   522 V C2Store : in init
03-21 02:55:23.679   403   522 V C2Store : loading dll
03-21 02:55:23.684   403   520 V C2Store : in ~ComponentModule
03-21 02:55:23.684   403   520 V C2Store : unloading dll
03-21 02:55:23.686   403  1217 V C2Store : in ~ComponentModule
03-21 02:55:23.686   403  1217 V C2Store : unloading dll
03-21 02:55:23.687   403   520 V C2Store : in init
03-21 02:55:23.687   403   520 V C2Store : loading dll
03-21 02:55:23.687   403   403 V C2Store : in ~ComponentModule
03-21 02:55:23.687   403   403 V C2Store : unloading dll
03-21 02:55:23.688   403   520 I mediaswcodec: missing struct descriptor #Param::CoreIndex(--004) for field values of struct #Param::CoreIndex(F-12004)
03-21 02:55:23.689   403   403 V C2Store : in ~ComponentModule
03-21 02:55:23.690   403   403 V C2Store : unloading dll
03-21 02:55:23.692  1197  1197 I .remote.servic: The ClassLoaderContext is a special shared library.
03-21 02:55:23.693  1197  1197 D nativeloader: classloader namespace configured for unbundled vendor apk. library_path=/product/priv-app/AtvRemoteService/lib/x86:/vendor/lib
03-21 02:55:23.699   403   520 I mediaswcodec: missing struct descriptor #Param::CoreIndex(--004) for field values of struct #Param::CoreIndex(F-12004)
03-21 02:55:23.700   690   728 W BestClock: java.time.DateTimeException: Missing NTP fix
03-21 02:55:23.709   690  1092 D NetworkStats: registerNetworkStatsProvider from BpfCoordinator uid/pid=1073/1057
03-21 02:55:23.710   403   403 V C2Store : in ~ComponentModule
03-21 02:55:23.710   403   403 V C2Store : unloading dll
03-21 02:55:23.710   403  1222 V C2Store : in init
03-21 02:55:23.710   403  1222 V C2Store : loading dll
03-21 02:55:23.726  1057  1057 D CompatibilityChangeReporter: Compat change id reported: 147600208; UID 1073; state: ENABLED
03-21 02:55:23.746  1057  1057 V WifiManager: registerSoftApCallback: callback=com.android.networkstack.tethering.Tethering$TetheringSoftApCallback@b6631cd, executor=com.android.networkstack.tethering.Tethering$TetheringThreadExecutor@f3dda82
03-21 02:55:23.750   690   959 D ConnectivityService: requestNetwork for uid/pid:1073/1057 NetworkRequest [ REQUEST id=11, [ Capabilities: INTERNET&NOT_RESTRICTED&TRUSTED&NOT_VPN AdministratorUids: [] RequestorUid: 1073 RequestorPackageName: com.google.android.networkstack] ]
03-21 02:55:23.751   690   865 D ConnectivityService: NetReassign [no changes]
03-21 02:55:23.751   690   907 D Ethernet: got request NetworkRequest [ REQUEST id=11, [ Capabilities: INTERNET&NOT_RESTRICTED&TRUSTED&NOT_VPN AdministratorUids: [] RequestorUid: 1073 RequestorPackageName: com.google.android.networkstack] ] with score 0 and providerId 0
03-21 02:55:23.753   403   520 V C2Store : in init
03-21 02:55:23.753   403   520 V C2Store : loading dll
03-21 02:55:23.754   690   716 E BluetoothManagerService: MESSAGE_TIMEOUT_BIND
03-21 02:55:23.755   403   522 V C2Store : in init
03-21 02:55:23.755   403   403 V C2Store : in ~ComponentModule
03-21 02:55:23.755   403   522 V C2Store : loading dll
03-21 02:55:23.755   403   403 V C2Store : unloading dll
03-21 02:55:23.755  1143  1193 D HostConnection: HostComposition ext ANDROID_EMU_CHECKSUM_HELPER_v1 ANDROID_EMU_native_sync_v2 ANDROID_EMU_dma_v1 ANDROID_EMU_direct_mem ANDROID_EMU_host_composition_v1 ANDROID_EMU_host_composition_v2 ANDROID_EMU_vulkan ANDROID_EMU_deferred_vulkan_commands ANDROID_EMU_vulkan_null_optional_strings ANDROID_EMU_vulkan_create_resources_with_requirements ANDROID_EMU_YUV_Cache ANDROID_EMU_vulkan_ignored_handles ANDROID_EMU_has_shared_slots_host_memory_allocator ANDROID_EMU_vulkan_free_memory_sync ANDROID_EMU_vulkan_shader_float16_int8 ANDROID_EMU_vulkan_async_queue_submit ANDROID_EMU_sync_buffer_data ANDROID_EMU_vulkan_async_qsri ANDROID_EMU_read_color_buffer_dma GL_OES_EGL_image_external_essl3 GL_OES_vertex_array_object GL_KHR_texture_compression_astc_ldr ANDROID_EMU_host_side_tracing ANDROID_EMU_gles_max_version_3_0 
03-21 02:55:23.756   943   943 I FalsingManager: xdpi, ydpi: 320.0, 320.0
03-21 02:55:23.756   943   943 I FalsingManager: width, height: 1920, 1080
03-21 02:55:23.757   403  1217 V C2Store : in init
03-21 02:55:23.757   403  1217 V C2Store : loading dll
03-21 02:55:23.759   161   161 I hwservicemanager: getTransport: Cannot find entry android.hardware.configstore@1.0::ISurfaceFlingerConfigs/default in either framework or device manifest.
03-21 02:55:23.762   403   522 V C2Store : in init
03-21 02:55:23.762   403   522 V C2Store : loading dll
03-21 02:55:23.764   403   522 V C2Store : in init
03-21 02:55:23.764   403   522 V C2Store : loading dll
03-21 02:55:23.766   403   522 V C2Store : in ~ComponentModule
03-21 02:55:23.766   403   522 V C2Store : unloading dll
03-21 02:55:23.766   403   522 V C2Store : in init
03-21 02:55:23.766   403   522 V C2Store : loading dll
03-21 02:55:23.767  1197  1197 I .remote.servic: The ClassLoaderContext is a special shared library.
03-21 02:55:23.768  1197  1197 D nativeloader: classloader namespace configured for unbundled product apk. library_path=/product/priv-app/AtvRemoteService/lib/x86:/product/lib:/system/product/lib
03-21 02:55:23.768   403  1217 V C2Store : in ~ComponentModule
03-21 02:55:23.768   403  1217 V C2Store : unloading dll
03-21 02:55:23.768   403   520 V C2Store : in ~ComponentModule
03-21 02:55:23.768   403   520 V C2Store : unloading dll
03-21 02:55:23.769   403  1222 V C2Store : in ~ComponentModule
03-21 02:55:23.769   403  1222 V C2Store : unloading dll
03-21 02:55:23.779   403   520 V C2Store : in init
03-21 02:55:23.779   403   520 V C2Store : loading dll
03-21 02:55:23.781   403   403 V C2Store : in ~ComponentModule
03-21 02:55:23.781   403   403 V C2Store : unloading dll
03-21 02:55:23.781   403  1225 V C2Store : in init
03-21 02:55:23.781   403  1225 V C2Store : loading dll
03-21 02:55:23.781   403   522 V C2Store : in ~ComponentModule
03-21 02:55:23.781   403   522 V C2Store : unloading dll
03-21 02:55:23.783   403   522 V C2Store : in ~ComponentModule
03-21 02:55:23.783   403   522 V C2Store : unloading dll
03-21 02:55:23.783   403  1225 I mediaswcodec: missing struct descriptor #Param::CoreIndex(--004) for field values of struct #Param::CoreIndex(F-12004)
03-21 02:55:23.783   403  1225 D C2SoftHevcEnc: Given level 6000 does not cover current configuration: adjusting to 6001
03-21 02:55:23.785   403  1225 I mediaswcodec: missing struct descriptor #Param::CoreIndex(--004) for field values of struct #Param::CoreIndex(F-12004)
03-21 02:55:23.785   943   943 D NavigationModeController: getCurrentUserContext: contextUser=0 currentUser=0
03-21 02:55:23.785   403  1225 D C2SoftHevcEnc: Given level 6000 does not cover current configuration: adjusting to 6001
03-21 02:55:23.785   943   943 D NavigationModeController: getCurrentInteractionMode: mode=0 contextUser=0
03-21 02:55:23.786   403   522 V C2Store : in init
03-21 02:55:23.786   403   522 V C2Store : loading dll
03-21 02:55:23.787   943   943 E NavigationModeController: updateCurrentInteractionMode: mode=0
03-21 02:55:23.788   943   943 D NavigationModeController:   contextUser=0
03-21 02:55:23.788   943   943 D NavigationModeController:   assetPaths=
03-21 02:55:23.789   943   943 D NavigationModeController:     /system/framework/framework-res.apk
03-21 02:55:23.789   943   943 D NavigationModeController:     /product/overlay/GoogleWebViewOverlay.apk
03-21 02:55:23.789   403   403 V C2Store : in init
03-21 02:55:23.789   403   403 V C2Store : loading dll
03-21 02:55:23.794   403   522 V C2Store : in ~ComponentModule
03-21 02:55:23.794   403   522 V C2Store : unloading dll
03-21 02:55:23.794   943   943 D NavigationModeController:     /vendor/overlay/framework-res__auto_generated_rro_vendor.apk
03-21 02:55:23.794   943   943 D NavigationModeController:     /product/overlay/framework-res__auto_generated_rro_product.apk
03-21 02:55:23.795   943   943 D NavigationModeController:     /system_ext/priv-app/SystemUI/SystemUI.apk
03-21 02:55:23.804   403  1225 V C2Store : in ~ComponentModule
03-21 02:55:23.804   403  1225 V C2Store : unloading dll
03-21 02:55:23.805   403   520 V C2Store : in init
03-21 02:55:23.805   403   520 V C2Store : loading dll
03-21 02:55:23.819  1143  1193 D EGL_emulation: eglCreateContext: 0xf4522210: maj 3 min 0 rcv 3
03-21 02:55:23.822   403   403 V C2Store : in ~ComponentModule
03-21 02:55:23.822   403   403 V C2Store : unloading dll
03-21 02:55:23.826   403   522 V C2Store : in init
03-21 02:55:23.826   403   522 V C2Store : loading dll
03-21 02:55:23.837   403  1222 V C2Store : in init
03-21 02:55:23.837   403  1222 V C2Store : loading dll
03-21 02:55:23.844   403  1217 V C2Store : in init
03-21 02:55:23.844   403  1217 V C2Store : loading dll
03-21 02:55:23.851   403   403 V C2Store : in ~ComponentModule
03-21 02:55:23.851   403   403 V C2Store : unloading dll
03-21 02:55:23.859  1197  1197 W ContextImpl: Failed to ensure /data/user/0/com.google.android.tv.remote.service/cache: mkdir failed: errno 126 (Required key not available)
03-21 02:55:23.860  1197  1197 W ContextImpl: Failed to update user.inode_cache: stat failed: ENOENT (No such file or directory)
03-21 02:55:23.862   403  1217 V C2Store : in ~ComponentModule
03-21 02:55:23.862   403  1217 V C2Store : unloading dll
03-21 02:55:23.863   403   522 V C2Store : in ~ComponentModule
03-21 02:55:23.863   403   522 V C2Store : unloading dll
03-21 02:55:23.878   403   520 V C2Store : in init
03-21 02:55:23.878   403   520 V C2Store : loading dll
03-21 02:55:23.879   403  1228 V C2Store : in ~ComponentModule
03-21 02:55:23.879   403  1228 V C2Store : unloading dll
03-21 02:55:23.857   943   943 D NavigationModeController: getCurrentInteractionMode: mode=0 contextUser=0
03-21 02:55:23.890  1143  1193 D EGL_emulation: eglMakeCurrent: 0xf4522210: ver 3 0 (tinfo 0xf4855550) (first time)
03-21 02:55:23.901   403  1217 V C2Store : in init
03-21 02:55:23.901   403  1217 V C2Store : loading dll
03-21 02:55:23.913   403   522 V C2Store : in ~ComponentModule
03-21 02:55:23.913   403   522 V C2Store : unloading dll
03-21 02:55:23.915  1197  1197 D NetworkSecurityConfig: No Network Security Config specified, using platform default
03-21 02:55:23.924   403  1228 V C2Store : in init
03-21 02:55:23.924   403  1217 V C2Store : in ~ComponentModule
03-21 02:55:23.924   403  1217 V C2Store : unloading dll
03-21 02:55:23.924   403  1228 V C2Store : loading dll
03-21 02:55:23.930   943   943 I vol.Events: writeEvent collection_started
03-21 02:55:23.934  1197  1197 D NetworkSecurityConfig: No Network Security Config specified, using platform default
03-21 02:55:23.934   403   522 V C2Store : in init
03-21 02:55:23.934   403   522 V C2Store : loading dll
03-21 02:55:23.935   403   522 I C2SoftVp8Enc: setting temporal layering 0 + 0
03-21 02:55:23.936   403   522 I C2SoftVp8Enc: setting temporal layering 0 + 0
03-21 02:55:23.937   403   520 V C2Store : in init
03-21 02:55:23.937   403   520 V C2Store : loading dll
03-21 02:55:23.938   403   520 V C2Store : in ~ComponentModule
03-21 02:55:23.938   403   520 V C2Store : unloading dll
03-21 02:55:23.939   403   403 V C2Store : in ~ComponentModule
03-21 02:55:23.939   403   403 V C2Store : unloading dll
03-21 02:55:23.939   403   520 V C2Store : in init
03-21 02:55:23.939   403   520 V C2Store : loading dll
03-21 02:55:23.939   403   520 I C2SoftVp9Enc: setting temporal layering 0 + 0
03-21 02:55:23.940   403   520 I C2SoftVp9Enc: setting temporal layering 0 + 0
03-21 02:55:23.941   403   520 V C2Store : in ~ComponentModule
03-21 02:55:23.941   403   520 V C2Store : unloading dll
03-21 02:55:23.942   403  1228 V C2Store : in ~ComponentModule
03-21 02:55:23.942   403  1228 V C2Store : unloading dll
03-21 02:55:23.943   690   963 D MediaCodecList: codecHandlesFormat: no format, so no extra checks
03-21 02:55:23.944   690   966 D MediaCodecList: codecHandlesFormat: no format, so no extra checks
03-21 02:55:23.950   690   974 I OMXClient: IOmx service obtained
03-21 02:55:23.951   690   971 I OMXClient: IOmx service obtained
03-21 02:55:23.951   397   992 I OMXMaster: makeComponentInstance(OMX.google.vorbis.decoder) in android.hardwar process
03-21 02:55:23.953   397   397 I OMXMaster: makeComponentInstance(OMX.google.vorbis.decoder) in android.hardwar process
03-21 02:55:23.958   328   328 I android.hardware.vibrator-service.example: Vibrator reporting capabilities
03-21 02:55:23.960   397   497 E OMXNodeInstance: getConfig(0xf1a41200:google.vorbis.decoder, ConfigAndroidVendorExtension(0x6f100004)) ERROR: Undefined(0x80001001)
03-21 02:55:23.961   690   728 W BestClock: java.time.DateTimeException: Missing NTP fix
03-21 02:55:23.961   397   983 E OMXNodeInstance: getConfig(0xf1a402b0:google.vorbis.decoder, ConfigAndroidVendorExtension(0x6f100004)) ERROR: Undefined(0x80001001)
03-21 02:55:23.963   690   858 W BestClock: java.time.DateTimeException: Missing NTP fix
03-21 02:55:23.964   690   858 W BestClock: java.time.DateTimeException: Missing NTP fix
03-21 02:55:23.989   282   319 D goldfish-address-space: claimShared: Ask to claim region [0x3fdfa5000 0x3fe78e000]
03-21 02:55:24.034   690   690 W Looper  : Slow dispatch took 491ms main h=android.app.ActivityThread$H c=android.app.-$$Lambda$LoadedApk$ReceiverDispatcher$Args$_BumDX2UKsnxLVrE6UJsJZkotuA@f4e994b m=0
03-21 02:55:24.034   161   161 I hwservicemanager: getTransport: Cannot find entry android.hardware.graphics.mapper@4.0::IMapper/default in either framework or device manifest.
03-21 02:55:24.034  1143  1193 I Gralloc4: mapper 4.x is not supported
03-21 02:55:24.036  1143  1193 D HostConnection: createUnique: call
03-21 02:55:24.038   690   690 D BluetoothManagerService: Bluetooth Adapter name changed to AOSP TV on x86
03-21 02:55:24.038   690   690 D BluetoothManagerService: Stored Bluetooth name: AOSP TV on x86
03-21 02:55:24.038  1143  1193 D HostConnection: HostConnection::get() New Host Connection established 0xf4522b40, tid 1193
03-21 02:55:24.038  1143  1193 D goldfish-address-space: allocate: Ask for block of size 0x100
03-21 02:55:24.039  1143  1193 D goldfish-address-space: allocate: ioctl allocate returned offset 0x3fbffe000 size 0x2000
03-21 02:55:24.142   690   690 D ConditionProviders.SCP: onSubscribe condition://android/schedule?days=1.2.3.4.5.6.7&start=22.0&end=7.0&exitAtAlarm=true
03-21 02:55:24.143   690   690 D ConditionProviders.SCP: setRegistered true
03-21 02:55:24.180  1197  1197 I AtvRemote.Application: Application started
03-21 02:55:24.184  1143  1193 D HostConnection: HostComposition ext ANDROID_EMU_CHECKSUM_HELPER_v1 ANDROID_EMU_native_sync_v2 ANDROID_EMU_dma_v1 ANDROID_EMU_direct_mem ANDROID_EMU_host_composition_v1 ANDROID_EMU_host_composition_v2 ANDROID_EMU_vulkan ANDROID_EMU_deferred_vulkan_commands ANDROID_EMU_vulkan_null_optional_strings ANDROID_EMU_vulkan_create_resources_with_requirements ANDROID_EMU_YUV_Cache ANDROID_EMU_vulkan_ignored_handles ANDROID_EMU_has_shared_slots_host_memory_allocator ANDROID_EMU_vulkan_free_memory_sync ANDROID_EMU_vulkan_shader_float16_int8 ANDROID_EMU_vulkan_async_queue_submit ANDROID_EMU_sync_buffer_data ANDROID_EMU_vulkan_async_qsri ANDROID_EMU_read_color_buffer_dma GL_OES_EGL_image_external_essl3 GL_OES_vertex_array_object GL_KHR_texture_compression_astc_ldr ANDROID_EMU_host_side_tracing ANDROID_EMU_gles_max_version_3_0 
03-21 02:55:24.216   690   963 D MediaCodecList: codecHandlesFormat: no format, so no extra checks
03-21 02:55:24.221   690   966 D MediaCodecList: codecHandlesFormat: no format, so no extra checks
03-21 02:55:24.227   690  1245 I OMXClient: IOmx service obtained
03-21 02:55:24.227   397   983 I OMXMaster: makeComponentInstance(OMX.google.vorbis.decoder) in android.hardwar process
03-21 02:55:24.231   397  1239 E OMXNodeInstance: getConfig(0xf1a417b0:google.vorbis.decoder, ConfigAndroidVendorExtension(0x6f100004)) ERROR: Undefined(0x80001001)
03-21 02:55:24.231   690  1244 I OMXClient: IOmx service obtained
03-21 02:55:24.233   397   983 I OMXMaster: makeComponentInstance(OMX.google.vorbis.decoder) in android.hardwar process
03-21 02:55:24.247   397   983 E OMXNodeInstance: getConfig(0xf1a41350:google.vorbis.decoder, ConfigAndroidVendorExtension(0x6f100004)) ERROR: Undefined(0x80001001)
03-21 02:55:24.248   282   319 D goldfish-address-space: claimShared: Ask to claim region [0x3fe78e000 0x3fef77000]
03-21 02:55:24.271   690   690 D ConditionProviders.SCP: evaluateSubscriptionLocked cal=ScheduleCalendar[mDays={1, 2, 3, 4, 5, 6, 7}, mSchedule=ScheduleInfo{days=[1, 2, 3, 4, 5, 6, 7], startHour=22, startMinute=0, endHour=7, endMinute=0, exitAtAlarm=true, nextAlarm=Thu Jan 01 00:00:00 GMT 1970 (0)}], now=Fri Mar 21 02:55:24 GMT 2025 (1742525724143), nextUserAlarmTime=Thu Jan 01 00:00:00 GMT 1970 (0)
03-21 02:55:24.271   690   690 D ConditionProviders.SCP: notifyCondition condition://android/schedule?days=1.2.3.4.5.6.7&start=22.0&end=7.0&exitAtAlarm=true STATE_TRUE reason=meetsSchedule
03-21 02:55:24.275   690   690 D ConditionProviders.SCP: Scheduling evaluate for Fri Mar 21 07:00:00 GMT 2025 (1742540400000), in +4h4m35s857ms, now=Fri Mar 21 02:55:24 GMT 2025 (1742525724143)
03-21 02:55:24.276   690   690 W Looper  : Slow dispatch took 134ms main h=android.service.notification.ConditionProviderService$H c=null m=3
03-21 02:55:24.294   690   690 V FingerprintService: handleEnumeratedTemplate: 0
03-21 02:55:24.294   690   690 V FingerprintService: Matched: false
03-21 02:55:24.294   690   690 V FingerprintService: Done with client: android
03-21 02:55:24.294   690   690 V FingerprintService: clearEnumerateState()
03-21 02:55:24.322   690   690 I ConnectivityModuleConnector: Networking module service connected
03-21 02:55:24.322   690   690 I ConnectivityModuleConnector: Networking module service connected
03-21 02:55:24.323   690   690 I NetworkStackClient: Network stack service connected
03-21 02:55:24.334   282   320 D goldfish-address-space: claimShared: Ask to claim region [0x3fef77000 0x3ff760000]
03-21 02:55:24.348   690   966 D MediaCodecList: codecHandlesFormat: no format, so no extra checks
03-21 02:55:24.352   690   690 D BluetoothManagerService: BluetoothServiceConnection: com.android.bluetooth.btservice.AdapterService
03-21 02:55:24.352   690   716 D BluetoothManagerService: MESSAGE_BLUETOOTH_SERVICE_CONNECTED: 1
03-21 02:55:24.353   690   690 I AutofillManagerService: Updating for user 0: disabled=false
03-21 02:55:24.357   690   716 D BluetoothManagerService: Broadcasting onBluetoothServiceUp() to 2 receivers.
03-21 02:55:24.359   690   716 D BluetoothAdapter: onBluetoothServiceUp: android.bluetooth.IBluetooth$Stub$Proxy@ddf06b3
03-21 02:55:24.360   926   957 D BluetoothAdapter: onBluetoothServiceUp: com.android.bluetooth.btservice.AdapterService$AdapterServiceBinder@da5e832
03-21 02:55:24.361   690  1256 I OMXClient: IOmx service obtained
03-21 02:55:24.361   397   992 I OMXMaster: makeComponentInstance(OMX.google.vorbis.decoder) in android.hardwar process
03-21 02:55:24.363   690   690 E AutofillManagerServiceImpl: Bad service name: com.google.android.gms/.autofill.service.AutofillService
03-21 02:55:24.380   690   690 I ExplicitHealthCheckController: Explicit health check service is connected ComponentInfo{com.google.android.ext.services/android.ext.services.watchdog.ExplicitHealthCheckServiceImpl}
03-21 02:55:24.382   397  1239 E OMXNodeInstance: getConfig(0xf1a415f0:google.vorbis.decoder, ConfigAndroidVendorExtension(0x6f100004)) ERROR: Undefined(0x80001001)
03-21 02:55:24.390   690   690 I ExplicitHealthCheckController: Service initialized, syncing requests
03-21 02:55:24.432  1197  1197 W .remote.servic: Verification of void aia.a(android.content.Context, int, android.app.PendingIntent) took 101.071ms (10507.44 bytecodes/s) (16472B approximate peak alloc)
03-21 02:55:24.439   690   728 W BestClock: java.time.DateTimeException: Missing NTP fix
03-21 02:55:24.481   926   949 D BluetoothAdapterService: enable() - Enable called with quiet mode status =  false
03-21 02:55:24.483   926  1095 I AdapterState: BLE_TURNING_ON : entered 
03-21 02:55:24.483   926  1095 D AdapterProperties: Setting state to BLE_TURNING_ON
03-21 02:55:24.486   926  1095 D BluetoothAdapterService: updateAdapterState() - Broadcasting state BLE_TURNING_ON to 1 receivers.
03-21 02:55:24.490   690   716 D BluetoothManagerService: MESSAGE_BLUETOOTH_STATE_CHANGE: OFF > BLE_TURNING_ON
03-21 02:55:24.490   690   716 D BluetoothManagerService: Sending BLE State Change: OFF > BLE_TURNING_ON
03-21 02:55:24.513   690   966 D MediaCodecList: codecHandlesFormat: no format, so no extra checks
03-21 02:55:24.522   943  1231 I vol.Events: writeEvent level_changed STREAM_VOICE_CALL 5
03-21 02:55:24.530   943  1231 I vol.Events: writeEvent level_changed STREAM_SYSTEM 7
03-21 02:55:24.532   943  1231 I vol.Events: writeEvent level_changed STREAM_RING 7
03-21 02:55:24.535   943  1231 I vol.Events: writeEvent level_changed STREAM_MUSIC 15
03-21 02:55:24.537   690   728 W BestClock: java.time.DateTimeException: Missing NTP fix
03-21 02:55:24.544   943  1231 I vol.Events: writeEvent level_changed STREAM_ALARM 7
03-21 02:55:24.548   690   858 W BestClock: java.time.DateTimeException: Missing NTP fix
