03-21 02:55:19.794   690   690 I SystemServerTiming: StartPruneInstantAppsJobService
03-21 02:55:19.801   690   690 I SystemServerTiming: StartShortcutServiceLifecycle
03-21 02:55:19.802   690   690 I SystemServiceManager: Starting com.android.server.pm.ShortcutService$Lifecycle
03-21 02:55:19.813   690   690 E HistoricalRegistry: Interaction before persistence initialized
03-21 02:55:19.817   690   690 I SystemServerTiming: StartLauncherAppsService
03-21 02:55:19.820   690   690 I SystemServiceManager: Starting com.android.server.pm.LauncherAppsService
03-21 02:55:19.823   690   690 I SystemServerTiming: StartCrossProfileAppsService
03-21 02:55:19.823   690   690 I SystemServiceManager: Starting com.android.server.pm.CrossProfileAppsService
03-21 02:55:19.828   690   690 I SystemServerTiming: StartPeopleService
03-21 02:55:19.828   690   690 I SystemServiceManager: Starting com.android.server.people.PeopleService
03-21 02:55:19.833   690   690 I SystemServerTiming: StartMediaProjectionManager
03-21 02:55:19.833   690   690 I SystemServiceManager: Starting com.android.server.media.projection.MediaProjectionManagerService
03-21 02:55:19.842   690   690 V MediaRouter: Selecting route: RouteInfo{ name=Phone, description=null, status=null, category=RouteCategory{ name=System types=ROUTE_TYPE_LIVE_AUDIO ROUTE_TYPE_LIVE_VIDEO  groupable=false }, supportedTypes=ROUTE_TYPE_LIVE_AUDIO ROUTE_TYPE_LIVE_VIDEO , presentationDisplay=null }
03-21 02:55:19.843   690   690 I SystemServerTiming: StartSliceManagerService
03-21 02:55:19.843   690   690 I SystemServiceManager: Starting com.android.server.slice.SliceManagerService$Lifecycle
03-21 02:55:19.859   690   690 I SystemServerTiming: StartCameraServiceProxy
03-21 02:55:19.860   690   690 I SystemServiceManager: Starting com.android.server.camera.CameraServiceProxy
03-21 02:55:19.870   690   690 I SystemServerTiming: StartStatsCompanion
03-21 02:55:19.936   690   690 I SystemServiceManager: Starting com.android.server.stats.StatsCompanion$Lifecycle
03-21 02:55:19.964   690   690 I SystemServerTiming: StartStatsPullAtomService
03-21 02:55:20.035   690   690 I SystemServiceManager: Starting com.android.server.stats.pull.StatsPullAtomService
03-21 02:55:20.035   690   690 I SystemServerTiming: StartIncidentCompanionService
03-21 02:55:20.035   690   690 I SystemServiceManager: Starting com.android.server.incident.IncidentCompanionService
03-21 02:55:20.037   690   690 I SystemServerTiming: StartMmsService
03-21 02:55:20.037   690   690 I SystemServiceManager: Starting com.android.server.MmsServiceBroker
03-21 02:55:20.038   690   690 I SystemServerTiming: StartAutoFillService
03-21 02:55:20.044   690   690 I SystemServiceManager: Starting com.android.server.autofill.AutofillManagerService
03-21 02:55:20.057   690   690 E AutofillManagerServiceImpl: Bad service name: com.google.android.gms/.autofill.service.AutofillService
03-21 02:55:20.059   690   690 I SystemServerTiming: StartClipboardService
03-21 02:55:20.059   690   690 I SystemServiceManager: Starting com.android.server.clipboard.ClipboardService
03-21 02:55:20.063   690   690 I SystemServerTiming: AppServiceManager
03-21 02:55:20.063   690   690 I SystemServiceManager: Starting com.android.server.appbinding.AppBindingService$Lifecycle
03-21 02:55:20.067   690   690 I SystemServerTiming: MakeVibratorServiceReady
03-21 02:55:20.077   690   690 E HistoricalRegistry: Interaction before persistence initialized
03-21 02:55:20.080   690   690 I SystemServerTiming: MakeLockSettingsServiceReady
03-21 02:55:20.086   264   274 I ServiceManager: Waiting for service 'statscompanion' on '/dev/binder' successful after waiting 352ms
03-21 02:55:20.095   161   161 I hwservicemanager: getTransport: Cannot find entry android.hardware.weaver@1.0::IWeaver/default in either framework or device manifest.
03-21 02:55:20.096   690   690 I SyntheticPasswordManager: Device does not support weaver
03-21 02:55:20.097   690   690 I android_os_HwBinder: HwBinder: Starting thread pool for getting: android.hardware.authsecret@1.0::IAuthSecret/default
03-21 02:55:20.099   690   690 I SystemServerTiming: StartBootPhaseLockSettingsReady
03-21 02:55:20.099   690   690 I SystemServiceManager: Starting phase 480
03-21 02:55:20.099   690   690 I SystemServerTiming: OnBootPhase_480
03-21 02:55:20.099   690   690 I SystemServerTiming: OnBootPhase_480_com.android.server.security.FileIntegrityService
03-21 02:55:20.099   690   690 I SystemServerTiming: OnBootPhase_480_com.android.server.pm.Installer
03-21 02:55:20.099   690   690 I SystemServerTiming: OnBootPhase_480_com.android.server.os.DeviceIdentifiersPolicyService
03-21 02:55:20.099   690   690 I SystemServerTiming: OnBootPhase_480_com.android.server.uri.UriGrantsManagerService$Lifecycle
03-21 02:55:20.099   690   690 I SystemServerTiming: OnBootPhase_480_com.android.server.wm.ActivityTaskManagerService$Lifecycle
03-21 02:55:20.099   690   690 I SystemServerTiming: OnBootPhase_480_com.android.server.am.ActivityManagerService$Lifecycle
03-21 02:55:20.099   690   690 I SystemServerTiming: OnBootPhase_480_com.android.server.pm.DataLoaderManagerService
03-21 02:55:20.099   690   690 I SystemServerTiming: OnBootPhase_480_com.android.server.power.PowerManagerService
03-21 02:55:20.099   690   690 I SystemServerTiming: OnBootPhase_480_com.android.server.power.ThermalManagerService
03-21 02:55:20.099   690   690 I SystemServerTiming: OnBootPhase_480_com.android.server.recoverysystem.RecoverySystemService$Lifecycle
03-21 02:55:20.099   690   690 I SystemServerTiming: OnBootPhase_480_com.android.server.lights.LightsService
03-21 02:55:20.099   690   690 I SystemServerTiming: OnBootPhase_480_com.android.server.display.DisplayManagerService
03-21 02:55:20.099   690   690 I SystemServerTiming: OnBootPhase_480_com.android.server.pm.UserManagerService$LifeCycle
03-21 02:55:20.099   690   690 I SystemServerTiming: OnBootPhase_480_com.android.server.om.OverlayManagerService
03-21 02:55:20.099   690   690 I SystemServerTiming: OnBootPhase_480_com.android.server.SensorPrivacyService
03-21 02:55:20.099   690   690 I SystemServerTiming: OnBootPhase_480_com.android.server.SystemConfigService
03-21 02:55:20.099   690   690 I SystemServerTiming: OnBootPhase_480_com.android.server.BatteryService
03-21 02:55:20.099   690   690 I SystemServerTiming: OnBootPhase_480_com.android.server.usage.UsageStatsService
03-21 02:55:20.100   690   690 I SystemServerTiming: OnBootPhase_480_com.android.server.webkit.WebViewUpdateService
03-21 02:55:20.100   690   690 I SystemServerTiming: OnBootPhase_480_com.android.server.CachedDeviceStateService
03-21 02:55:20.100   690   690 I SystemServerTiming: OnBootPhase_480_com.android.server.BinderCallsStatsService$LifeCycle
03-21 02:55:20.100   690   690 I SystemServerTiming: OnBootPhase_480_com.android.server.LooperStatsService$Lifecycle
03-21 02:55:20.100   690   690 I SystemServerTiming: OnBootPhase_480_com.android.server.rollback.RollbackManagerService
03-21 02:55:20.100   690   690 I SystemServerTiming: OnBootPhase_480_com.android.server.os.BugreportManagerService
03-21 02:55:20.100   690   690 I SystemServerTiming: OnBootPhase_480_com.android.server.gpu.GpuService
03-21 02:55:20.100   690   690 I SystemServerTiming: OnBootPhase_480_com.android.server.security.KeyChainSystemService
03-21 02:55:20.100   690   690 I SystemServerTiming: OnBootPhase_480_com.android.server.telecom.TelecomLoaderService
03-21 02:55:20.100   690   690 I SystemServerTiming: OnBootPhase_480_com.android.server.accounts.AccountManagerService$Lifecycle
03-21 02:55:20.100   690   690 I SystemServerTiming: OnBootPhase_480_com.android.server.content.ContentService$Lifecycle
03-21 02:55:20.100   690   690 I SystemServerTiming: OnBootPhase_480_com.android.server.DropBoxManagerService
03-21 02:55:20.100   690   690 I SystemServerTiming: OnBootPhase_480_com.android.server.AlarmManagerService
03-21 02:55:20.100   690   690 I SystemServerTiming: OnBootPhase_480_com.android.server.BluetoothService
03-21 02:55:20.100   690   690 I SystemServerTiming: OnBootPhase_480_com.android.server.connectivity.IpConnectivityMetrics
03-21 02:55:20.100   690   690 I SystemServerTiming: OnBootPhase_480_com.android.server.net.watchlist.NetworkWatchlistService$Lifecycle
03-21 02:55:20.100   690   690 I SystemServerTiming: OnBootPhase_480_com.android.server.PinnerService
03-21 02:55:20.100   690   690 I SystemServerTiming: OnBootPhase_480_com.google.android.startop.iorap.IorapForwardingService
03-21 02:55:20.100   690   690 I SystemServerTiming: OnBootPhase_480_com.android.server.integrity.AppIntegrityManagerService
03-21 02:55:20.100   690   690 I SystemServerTiming: OnBootPhase_480_com.android.server.inputmethod.InputMethodManagerService$Lifecycle
03-21 02:55:20.100   690   690 I SystemServerTiming: OnBootPhase_480_com.android.server.accessibility.AccessibilityManagerService$Lifecycle
03-21 02:55:20.100   690   690 I SystemServerTiming: OnBootPhase_480_com.android.server.StorageManagerService$Lifecycle
03-21 02:55:20.100   690   690 I SystemServerTiming: OnBootPhase_480_com.android.server.usage.StorageStatsService$Lifecycle
03-21 02:55:20.100   690   690 I SystemServerTiming: OnBootPhase_480_com.android.server.UiModeManagerService
03-21 02:55:20.100   690   690 I SystemServerTiming: OnBootPhase_480_com.android.server.locksettings.LockSettingsService$Lifecycle
03-21 02:55:20.100   690   690 I SystemServerTiming: OnBootPhase_480_com.android.server.testharness.TestHarnessModeService
03-21 02:55:20.100   690   690 I SystemServerTiming: OnBootPhase_480_com.android.server.DeviceIdleController
03-21 02:55:20.100   690   690 I SystemServerTiming: OnBootPhase_480_com.android.server.devicepolicy.DevicePolicyManagerService$Lifecycle
03-21 02:55:20.110   690   825 I SystemServerTimingAsync: InitThreadPoolExec:DevicePolicyManager
03-21 02:55:20.110   690   690 I SystemServerTiming: OnBootPhase_480_com.android.server.textservices.TextServicesManagerService$Lifecycle
03-21 02:55:20.110   690   690 I SystemServerTiming: OnBootPhase_480_com.android.server.textclassifier.TextClassificationManagerService$Lifecycle
03-21 02:55:20.110   690   690 I SystemServerTiming: OnBootPhase_480_com.android.server.NetworkScoreService$Lifecycle
03-21 02:55:20.110   690   690 I SystemServerTiming: OnBootPhase_480_com.android.server.wifi.WifiService
03-21 02:55:20.111   690   690 I SystemServerTiming: OnBootPhase_480_com.android.server.wifi.scanner.WifiScanningService
03-21 02:55:20.111   690   690 I SystemServerTiming: OnBootPhase_480_com.android.server.wifi.p2p.WifiP2pService
03-21 02:55:20.111   690   690 I SystemServerTiming: OnBootPhase_480_com.android.server.ethernet.EthernetService
03-21 02:55:20.111   690   690 I SystemServerTiming: OnBootPhase_480_com.android.server.notification.NotificationManagerService
03-21 02:55:20.111   690   690 I SystemServerTiming: OnBootPhase_480_com.android.server.storage.DeviceStorageMonitorService
03-21 02:55:20.111   690   690 I SystemServerTiming: OnBootPhase_480_com.android.server.location.LocationManagerService$Lifecycle
03-21 02:55:20.111   690   690 I SystemServerTiming: OnBootPhase_480_com.android.server.timedetector.TimeDetectorService$Lifecycle
03-21 02:55:20.111   690   690 I SystemServerTiming: OnBootPhase_480_com.android.server.timezonedetector.TimeZoneDetectorService$Lifecycle
03-21 02:55:20.111   690   690 I SystemServerTiming: OnBootPhase_480_com.android.server.search.SearchManagerService$Lifecycle
03-21 02:55:20.111   690   690 I SystemServerTiming: OnBootPhase_480_com.android.server.wallpaper.WallpaperManagerService$Lifecycle
03-21 02:55:20.111   690   690 I SystemServerTiming: OnBootPhase_480_com.android.server.audio.AudioService$Lifecycle
03-21 02:55:20.111   690   690 I SystemServerTiming: OnBootPhase_480_com.android.server.soundtrigger_middleware.SoundTriggerMiddlewareService$Lifecycle
03-21 02:55:20.111   690   690 I SystemServerTiming: OnBootPhase_480_com.android.server.DockObserver
03-21 02:55:20.111   690   690 I SystemServerTiming: OnBootPhase_480_com.android.server.midi.MidiService$Lifecycle
03-21 02:55:20.111   690   690 I SystemServerTiming: OnBootPhase_480_com.android.server.adb.AdbService$Lifecycle
03-21 02:55:20.111   690   690 I SystemServerTiming: OnBootPhase_480_com.android.server.usb.UsbService$Lifecycle
03-21 02:55:20.111   690   690 I SystemServerTiming: OnBootPhase_480_com.android.server.twilight.TwilightService
03-21 02:55:20.111   690   690 I SystemServerTiming: OnBootPhase_480_com.android.server.display.color.ColorDisplayService
03-21 02:55:20.111   690   690 I SystemServerTiming: OnBootPhase_480_com.android.server.job.JobSchedulerService
03-21 02:55:20.111   690   690 I SystemServerTiming: OnBootPhase_480_com.android.server.soundtrigger.SoundTriggerService
03-21 02:55:20.112   690   690 D SoundTriggerService: onBootPhase: 480 : false
03-21 02:55:20.112   690   690 I SystemServerTiming: OnBootPhase_480_com.android.server.trust.TrustManagerService
03-21 02:55:20.112   690   690 I SystemServerTiming: OnBootPhase_480_com.android.server.backup.BackupManagerService$Lifecycle
03-21 02:55:20.112   690   690 I SystemServerTiming: OnBootPhase_480_com.android.server.appwidget.AppWidgetService
03-21 02:55:20.112   690   690 I SystemServerTiming: OnBootPhase_480_com.android.server.role.RoleManagerService
03-21 02:55:20.112   690   690 I SystemServerTiming: OnBootPhase_480_com.android.server.voiceinteraction.VoiceInteractionManagerService
03-21 02:55:20.112   690   690 I SystemServerTiming: OnBootPhase_480_com.android.server.GestureLauncherService
03-21 02:55:20.112   690   690 I SystemServerTiming: OnBootPhase_480_com.android.server.SensorNotificationService
03-21 02:55:20.112   690   690 I SystemServerTiming: OnBootPhase_480_com.android.server.emergency.EmergencyAffordanceService
03-21 02:55:20.112   690   690 I SystemServerTiming: OnBootPhase_480_com.android.server.dreams.DreamManagerService
03-21 02:55:20.112   690   690 I SystemServerTiming: OnBootPhase_480_com.android.server.blob.BlobStoreManagerService
03-21 02:55:20.112   690   690 I SystemServerTiming: OnBootPhase_480_com.android.server.print.PrintManagerService
03-21 02:55:20.112   690   690 I SystemServerTiming: OnBootPhase_480_com.android.server.companion.CompanionDeviceManagerService
03-21 02:55:20.112   690   690 I SystemServerTiming: OnBootPhase_480_com.android.server.restrictions.RestrictionsManagerService
03-21 02:55:20.112   690   690 I SystemServerTiming: OnBootPhase_480_com.android.server.media.MediaSessionService
03-21 02:55:20.112   690   690 I SystemServerTiming: OnBootPhase_480_com.android.server.tv.TvInputManagerService
03-21 02:55:20.112   690   690 I SystemServerTiming: OnBootPhase_480_com.android.server.media.MediaResourceMonitorService
03-21 02:55:20.112   690   690 I SystemServerTiming: OnBootPhase_480_com.android.server.tv.TvRemoteService
03-21 02:55:20.112   690   690 I SystemServerTiming: OnBootPhase_480_com.android.server.biometrics.fingerprint.FingerprintService
03-21 02:55:20.112   690   690 I SystemServerTiming: OnBootPhase_480_com.android.server.biometrics.BiometricService
03-21 02:55:20.112   690   690 I SystemServerTiming: OnBootPhase_480_com.android.server.biometrics.AuthService
03-21 02:55:20.112   690   690 I SystemServerTiming: OnBootPhase_480_com.android.server.pm.ShortcutService$Lifecycle
03-21 02:55:20.115   690   690 I SystemServerTiming: OnBootPhase_480_com.android.server.pm.LauncherAppsService
03-21 02:55:20.115   690   690 I SystemServerTiming: OnBootPhase_480_com.android.server.pm.CrossProfileAppsService
03-21 02:55:20.115   690   690 I SystemServerTiming: OnBootPhase_480_com.android.server.people.PeopleService
03-21 02:55:20.115   690   690 I SystemServerTiming: OnBootPhase_480_com.android.server.media.projection.MediaProjectionManagerService
03-21 02:55:20.115   690   690 I SystemServerTiming: OnBootPhase_480_com.android.server.slice.SliceManagerService$Lifecycle
03-21 02:55:20.115   690   690 I SystemServerTiming: OnBootPhase_480_com.android.server.camera.CameraServiceProxy
03-21 02:55:20.115   690   690 I SystemServerTiming: OnBootPhase_480_com.android.server.stats.StatsCompanion$Lifecycle
03-21 02:55:20.115   690   690 I SystemServerTiming: OnBootPhase_480_com.android.server.stats.pull.StatsPullAtomService
03-21 02:55:20.115   690   690 I SystemServerTiming: OnBootPhase_480_com.android.server.incident.IncidentCompanionService
03-21 02:55:20.115   690   690 I SystemServerTiming: OnBootPhase_480_com.android.server.MmsServiceBroker
03-21 02:55:20.115   690   690 I SystemServerTiming: OnBootPhase_480_com.android.server.autofill.AutofillManagerService
03-21 02:55:20.115   690   690 I SystemServerTiming: OnBootPhase_480_com.android.server.clipboard.ClipboardService
03-21 02:55:20.115   690   690 I SystemServerTiming: OnBootPhase_480_com.android.server.appbinding.AppBindingService$Lifecycle
03-21 02:55:20.115   690   690 I SystemServerTiming: StartBootPhaseSystemServicesReady
03-21 02:55:20.115   690   690 I SystemServiceManager: Starting phase 500
03-21 02:55:20.115   690   690 I SystemServerTiming: OnBootPhase_500
03-21 02:55:20.115   690   690 I SystemServerTiming: OnBootPhase_500_com.android.server.security.FileIntegrityService
03-21 02:55:20.115   690   690 I SystemServerTiming: OnBootPhase_500_com.android.server.pm.Installer
03-21 02:55:20.115   690   690 I SystemServerTiming: OnBootPhase_500_com.android.server.os.DeviceIdentifiersPolicyService
03-21 02:55:20.115   690   690 I SystemServerTiming: OnBootPhase_500_com.android.server.uri.UriGrantsManagerService$Lifecycle
03-21 02:55:20.115   690   690 I SystemServerTiming: OnBootPhase_500_com.android.server.wm.ActivityTaskManagerService$Lifecycle
03-21 02:55:20.115   690   690 I SystemServerTiming: OnBootPhase_500_com.android.server.am.ActivityManagerService$Lifecycle
03-21 02:55:20.116   690   690 I SystemServerTiming: OnBootPhase_500_com.android.server.pm.DataLoaderManagerService
03-21 02:55:20.116   690   690 I SystemServerTiming: OnBootPhase_500_com.android.server.power.PowerManagerService
03-21 02:55:20.116   690   690 I SystemServerTiming: OnBootPhase_500_com.android.server.power.ThermalManagerService
03-21 02:55:20.116   690   690 I SystemServerTiming: OnBootPhase_500_com.android.server.recoverysystem.RecoverySystemService$Lifecycle
03-21 02:55:20.116   690   690 I SystemServerTiming: OnBootPhase_500_com.android.server.lights.LightsService
03-21 02:55:20.116   690   690 I SystemServerTiming: OnBootPhase_500_com.android.server.display.DisplayManagerService
03-21 02:55:20.116   690   690 I SystemServerTiming: OnBootPhase_500_com.android.server.pm.UserManagerService$LifeCycle
03-21 02:55:20.116   690   690 I SystemServerTiming: OnBootPhase_500_com.android.server.om.OverlayManagerService
03-21 02:55:20.116   690   690 I SystemServerTiming: OnBootPhase_500_com.android.server.SensorPrivacyService
03-21 02:55:20.116   690   690 I SystemServerTiming: OnBootPhase_500_com.android.server.SystemConfigService
03-21 02:55:20.116   690   690 I SystemServerTiming: OnBootPhase_500_com.android.server.BatteryService
03-21 02:55:20.116   690   690 I SystemServerTiming: OnBootPhase_500_com.android.server.usage.UsageStatsService
03-21 02:55:20.117   690   690 D AppStandbyController: Setting app idle enabled state
03-21 02:55:20.118   690   690 E HistoricalRegistry: Interaction before persistence initialized
03-21 02:55:20.119   690   690 I SystemServerTiming: OnBootPhase_500_com.android.server.webkit.WebViewUpdateService
03-21 02:55:20.119   690   690 I SystemServerTiming: OnBootPhase_500_com.android.server.CachedDeviceStateService
03-21 02:55:20.119   690   690 I SystemServerTiming: OnBootPhase_500_com.android.server.BinderCallsStatsService$LifeCycle
03-21 02:55:20.122   690   690 I SystemServerTiming: OnBootPhase_500_com.android.server.LooperStatsService$Lifecycle
03-21 02:55:20.122   690   690 I SystemServerTiming: OnBootPhase_500_com.android.server.rollback.RollbackManagerService
03-21 02:55:20.122   690   690 I SystemServerTiming: OnBootPhase_500_com.android.server.os.BugreportManagerService
03-21 02:55:20.122   690   690 I SystemServerTiming: OnBootPhase_500_com.android.server.gpu.GpuService
03-21 02:55:20.122   690   690 I SystemServerTiming: OnBootPhase_500_com.android.server.security.KeyChainSystemService
03-21 02:55:20.122   690   690 I SystemServerTiming: OnBootPhase_500_com.android.server.telecom.TelecomLoaderService
03-21 02:55:20.122   690   690 I SystemServerTiming: OnBootPhase_500_com.android.server.accounts.AccountManagerService$Lifecycle
03-21 02:55:20.122   690   690 I SystemServerTiming: OnBootPhase_500_com.android.server.content.ContentService$Lifecycle
03-21 02:55:20.122   690   690 I SystemServerTiming: OnBootPhase_500_com.android.server.DropBoxManagerService
03-21 02:55:20.123   690   690 I SystemServerTiming: OnBootPhase_500_com.android.server.AlarmManagerService
03-21 02:55:20.124   690   690 I SystemServerTiming: OnBootPhase_500_com.android.server.BluetoothService
03-21 02:55:20.126   690   690 I SystemServerTiming: OnBootPhase_500_com.android.server.connectivity.IpConnectivityMetrics
03-21 02:55:20.142   690   690 I SystemServerTiming: OnBootPhase_500_com.android.server.net.watchlist.NetworkWatchlistService$Lifecycle
03-21 02:55:20.142   690   690 I SystemServerTiming: OnBootPhase_500_com.android.server.PinnerService
03-21 02:55:20.145   690   690 I SystemServerTiming: OnBootPhase_500_com.google.android.startop.iorap.IorapForwardingService
03-21 02:55:20.145   690   690 I SystemServerTiming: OnBootPhase_500_com.android.server.integrity.AppIntegrityManagerService
03-21 02:55:20.145   690   690 I SystemServerTiming: OnBootPhase_500_com.android.server.inputmethod.InputMethodManagerService$Lifecycle
03-21 02:55:20.145   690   690 I SystemServerTiming: OnBootPhase_500_com.android.server.accessibility.AccessibilityManagerService$Lifecycle
03-21 02:55:20.145   690   690 I SystemServerTiming: OnBootPhase_500_com.android.server.StorageManagerService$Lifecycle
03-21 02:55:20.159   690   690 I SystemServerTiming: OnBootPhase_500_com.android.server.usage.StorageStatsService$Lifecycle
03-21 02:55:20.159   690   690 I SystemServerTiming: OnBootPhase_500_com.android.server.UiModeManagerService
03-21 02:55:20.164   690   690 I ActivityTaskManager: Config changes=200 {1.0 ?mcc?mnc [en_US] ldltr sw540dp w960dp h540dp 320dpi lrg long land television finger qwerty/v/v dpad/v winConfig={ mBounds=Rect(0, 0 - 1920, 1080) mAppBounds=Rect(0, 0 - 1920, 1080) mWindowingMode=fullscreen mDisplayWindowingMode=fullscreen mActivityType=undefined mAlwaysOnTop=undefined mRotation=ROTATION_0} s.6}
03-21 02:55:20.169   690   690 I WindowManager: Override config changes=200 {1.0 ?mcc?mnc [en_US] ldltr sw540dp w960dp h540dp 320dpi lrg long land television finger qwerty/v/v dpad/v winConfig={ mBounds=Rect(0, 0 - 1920, 1080) mAppBounds=Rect(0, 0 - 1920, 1080) mWindowingMode=fullscreen mDisplayWindowingMode=fullscreen mActivityType=undefined mAlwaysOnTop=undefined mRotation=ROTATION_0} s.6} for displayId=0
03-21 02:55:20.173   690   690 I SystemServerTiming: OnBootPhase_500_com.android.server.locksettings.LockSettingsService$Lifecycle
03-21 02:55:20.173   690   690 I SystemServerTiming: OnBootPhase_500_com.android.server.testharness.TestHarnessModeService
03-21 02:55:20.174   690   690 D TestHarnessModeService: Setting up test harness mode
03-21 02:55:20.174   690   690 D TestHarnessModeService: Getting PersistentDataBlockManagerInternal from LocalServices
03-21 02:55:20.174   690   690 E TestHarnessModeService: Failed to start Test Harness Mode; no implementation of PersistentDataBlockManagerInternal was bound!
03-21 02:55:20.174   690   690 I SystemServerTiming: OnBootPhase_500_com.android.server.DeviceIdleController
03-21 02:55:20.182   690   690 E HistoricalRegistry: Interaction before persistence initialized
03-21 02:55:20.184   690   690 I SystemServerTiming: OnBootPhase_500_com.android.server.devicepolicy.DevicePolicyManagerService$Lifecycle
03-21 02:55:20.184   690   690 I SystemServerTiming: OnBootPhase_500_com.android.server.textservices.TextServicesManagerService$Lifecycle
03-21 02:55:20.184   690   690 I SystemServerTiming: OnBootPhase_500_com.android.server.textclassifier.TextClassificationManagerService$Lifecycle
03-21 02:55:20.184   690   690 I SystemServerTiming: OnBootPhase_500_com.android.server.NetworkScoreService$Lifecycle
03-21 02:55:20.186   690   690 I SystemServerTiming: OnBootPhase_500_com.android.server.wifi.WifiService
03-21 02:55:20.191   690   690 I SystemServerTiming: OnBootPhase_500_com.android.server.wifi.scanner.WifiScanningService
03-21 02:55:20.192   690   690 I WifiScanningService: Starting wifiscanner
03-21 02:55:20.197   690   690 I SystemServerTiming: OnBootPhase_500_com.android.server.wifi.p2p.WifiP2pService
03-21 02:55:20.215   690   861 D WifiConfigStore: Reading from all stores completed in 23 ms.
03-21 02:55:20.217   690   861 E SupplicantStaIfaceHal: Can't call setDebugParams, ISupplicant is null
03-21 02:55:20.218   690   861 E HostapdHal: Can't call setDebugParams, IHostapd is null
03-21 02:55:20.218   690   861 I WifiService: WifiService starting up with Wi-Fi enabled
03-21 02:55:20.223   690   861 D WifiController: isAirplaneModeOn = false, isWifiEnabled = true, isScanningAvailable = true, isLocationModeActive = true
03-21 02:55:20.223   690   861 D WifiActiveModeWarden: Starting ClientModeManager
03-21 02:55:20.224   690   690 I SystemServerTiming: OnBootPhase_500_com.android.server.ethernet.EthernetService
03-21 02:55:20.225   690   690 I EthernetServiceImpl: Starting Ethernet service
03-21 02:55:20.237   690   690 D EthernetTracker: Interface match regexp set to 'eth\d'
03-21 02:55:20.237   690   861 D WifiController: EnabledState.enter()
03-21 02:55:20.238   690   861 D WifiClientModeManager: entering IdleState
03-21 02:55:20.240   690   861 I android_os_HwBinder: HwBinder: Starting thread pool for getting: android.hidl.manager@1.2::IServiceManager/default
03-21 02:55:20.241   690   690 D Ethernet: Registering NetworkFactory
03-21 02:55:20.242   690   865 D ConnectivityService: Got NetworkProvider Messenger for Ethernet
03-21 02:55:20.246   690   907 D Ethernet: got request NetworkRequest [ REQUEST id=1, [ Capabilities: INTERNET&NOT_RESTRICTED&TRUSTED&NOT_VPN AdministratorUids: [] RequestorUid: 1000 RequestorPackageName: android] ] with score 0 and providerId -1
03-21 02:55:20.246   690   690 E IpConfigStore: Error opening configuration file: java.io.FileNotFoundException: /data/misc/ethernet/ipconfig.txt: open failed: ENOENT (No such file or directory)
03-21 02:55:20.247   690   690 I SystemServerTiming: OnBootPhase_500_com.android.server.notification.NotificationManagerService
03-21 02:55:20.260   690   690 I SystemServerTiming: OnBootPhase_500_com.android.server.storage.DeviceStorageMonitorService
03-21 02:55:20.260   690   690 I SystemServerTiming: OnBootPhase_500_com.android.server.location.LocationManagerService$Lifecycle
03-21 02:55:20.262   690   690 E HistoricalRegistry: Interaction before persistence initialized
03-21 02:55:20.265   690   690 I SystemServerTiming: OnBootPhase_500_com.android.server.timedetector.TimeDetectorService$Lifecycle
03-21 02:55:20.265   690   690 I SystemServerTiming: OnBootPhase_500_com.android.server.timezonedetector.TimeZoneDetectorService$Lifecycle
03-21 02:55:20.265   690   690 I SystemServerTiming: OnBootPhase_500_com.android.server.search.SearchManagerService$Lifecycle
03-21 02:55:20.265   690   690 I SystemServerTiming: OnBootPhase_500_com.android.server.wallpaper.WallpaperManagerService$Lifecycle
03-21 02:55:20.265   690   690 I SystemServerTiming: OnBootPhase_500_com.android.server.audio.AudioService$Lifecycle
03-21 02:55:20.265   690   690 I SystemServerTiming: OnBootPhase_500_com.android.server.soundtrigger_middleware.SoundTriggerMiddlewareService$Lifecycle
03-21 02:55:20.265   690   690 I SystemServerTiming: OnBootPhase_500_com.android.server.DockObserver
03-21 02:55:20.265   690   690 I SystemServerTiming: OnBootPhase_500_com.android.server.midi.MidiService$Lifecycle
03-21 02:55:20.265   690   690 I SystemServerTiming: OnBootPhase_500_com.android.server.adb.AdbService$Lifecycle
03-21 02:55:20.265   690   690 I SystemServerTiming: OnBootPhase_500_com.android.server.usb.UsbService$Lifecycle
03-21 02:55:20.265   690   690 I SystemServerTiming: OnBootPhase_500_com.android.server.twilight.TwilightService
03-21 02:55:20.265   690   690 I SystemServerTiming: OnBootPhase_500_com.android.server.display.color.ColorDisplayService
03-21 02:55:20.265   690   690 I SystemServerTiming: OnBootPhase_500_com.android.server.job.JobSchedulerService
03-21 02:55:20.267   690   690 E HistoricalRegistry: Interaction before persistence initialized
03-21 02:55:20.268   690   690 I SystemServerTiming: OnBootPhase_500_com.android.server.soundtrigger.SoundTriggerService
03-21 02:55:20.268   690   690 D SoundTriggerService: onBootPhase: 500 : false
03-21 02:55:20.268   690   690 I SystemServerTiming: OnBootPhase_500_com.android.server.trust.TrustManagerService
03-21 02:55:20.269   690   690 I SystemServerTiming: OnBootPhase_500_com.android.server.backup.BackupManagerService$Lifecycle
03-21 02:55:20.269   690   690 I SystemServerTiming: OnBootPhase_500_com.android.server.appwidget.AppWidgetService
03-21 02:55:20.269   690   690 I SystemServerTiming: OnBootPhase_500_com.android.server.role.RoleManagerService
03-21 02:55:20.269   690   690 I SystemServerTiming: OnBootPhase_500_com.android.server.voiceinteraction.VoiceInteractionManagerService
03-21 02:55:20.269   690   690 I SystemServerTiming: OnBootPhase_500_com.android.server.GestureLauncherService
03-21 02:55:20.269   690   690 I SystemServerTiming: OnBootPhase_500_com.android.server.SensorNotificationService
03-21 02:55:20.269   690   690 I SystemServerTiming: OnBootPhase_500_com.android.server.emergency.EmergencyAffordanceService
03-21 02:55:20.269   690   690 I SystemServerTiming: OnBootPhase_500_com.android.server.dreams.DreamManagerService
03-21 02:55:20.269   690   690 I SystemServerTiming: OnBootPhase_500_com.android.server.blob.BlobStoreManagerService
03-21 02:55:20.269   690   690 I SystemServerTiming: OnBootPhase_500_com.android.server.print.PrintManagerService
03-21 02:55:20.269   690   690 I SystemServerTiming: OnBootPhase_500_com.android.server.companion.CompanionDeviceManagerService
03-21 02:55:20.269   690   690 I SystemServerTiming: OnBootPhase_500_com.android.server.restrictions.RestrictionsManagerService
03-21 02:55:20.269   690   690 I SystemServerTiming: OnBootPhase_500_com.android.server.media.MediaSessionService
03-21 02:55:20.269   690   690 I SystemServerTiming: OnBootPhase_500_com.android.server.tv.TvInputManagerService
03-21 02:55:20.271   690   690 W TvInputHardwareManager: HdmiControlService is not available
03-21 02:55:20.271   690   690 I SystemServerTiming: OnBootPhase_500_com.android.server.media.MediaResourceMonitorService
03-21 02:55:20.271   690   690 I SystemServerTiming: OnBootPhase_500_com.android.server.tv.TvRemoteService
03-21 02:55:20.271   690   690 I SystemServerTiming: OnBootPhase_500_com.android.server.biometrics.fingerprint.FingerprintService
03-21 02:55:20.271   690   690 I SystemServerTiming: OnBootPhase_500_com.android.server.biometrics.BiometricService
03-21 02:55:20.271   690   690 I SystemServerTiming: OnBootPhase_500_com.android.server.biometrics.AuthService
03-21 02:55:20.271   690   690 I SystemServerTiming: OnBootPhase_500_com.android.server.pm.ShortcutService$Lifecycle
03-21 02:55:20.271   690   690 I SystemServerTiming: OnBootPhase_500_com.android.server.pm.LauncherAppsService
03-21 02:55:20.271   690   690 I SystemServerTiming: OnBootPhase_500_com.android.server.pm.CrossProfileAppsService
03-21 02:55:20.271   690   690 I SystemServerTiming: OnBootPhase_500_com.android.server.people.PeopleService
03-21 02:55:20.272   690   690 I SystemServerTiming: OnBootPhase_500_com.android.server.media.projection.MediaProjectionManagerService
03-21 02:55:20.272   690   690 I SystemServerTiming: OnBootPhase_500_com.android.server.slice.SliceManagerService$Lifecycle
03-21 02:55:20.272   690   690 I SystemServerTiming: OnBootPhase_500_com.android.server.camera.CameraServiceProxy
03-21 02:55:20.272   690   690 I SystemServerTiming: OnBootPhase_500_com.android.server.stats.StatsCompanion$Lifecycle
03-21 02:55:20.272   690   690 I SystemServerTiming: OnBootPhase_500_com.android.server.stats.pull.StatsPullAtomService
03-21 02:55:20.272   690   690 I SystemServerTiming: OnBootPhase_500_com.android.server.incident.IncidentCompanionService
03-21 02:55:20.272   690   690 I SystemServerTiming: OnBootPhase_500_com.android.server.MmsServiceBroker
03-21 02:55:20.272   690   690 I SystemServerTiming: OnBootPhase_500_com.android.server.autofill.AutofillManagerService
03-21 02:55:20.272   690   690 I SystemServerTiming: OnBootPhase_500_com.android.server.clipboard.ClipboardService
03-21 02:55:20.272   690   690 I SystemServerTiming: OnBootPhase_500_com.android.server.appbinding.AppBindingService$Lifecycle
03-21 02:55:20.272   690   690 I SystemServerTiming: MakeWindowManagerServiceReady
03-21 02:55:20.278   161   161 I hwservicemanager: getTransport: Cannot find entry android.hardware.configstore@1.0::ISurfaceFlingerConfigs/default in either framework or device manifest.
03-21 02:55:20.281   690   846 D HalDevMgr: IWifi registration notification: fqName=android.hardware.wifi@1.0::IWifi, name=default, preexisting=true
03-21 02:55:20.285   161   161 I hwservicemanager: getTransport: Cannot find entry android.hardware.configstore@1.0::ISurfaceFlingerConfigs/default in either framework or device manifest.
03-21 02:55:20.286   690   690 W InputReader: Device virtio_input_multi_touch_10 is associated with display ADISPLAY_ID_NONE.
03-21 02:55:20.286   690   690 W InputReader: Device virtio_input_multi_touch_4 is associated with display ADISPLAY_ID_NONE.
03-21 02:55:20.286   690   690 W InputReader: Device virtio_input_multi_touch_11 is associated with display ADISPLAY_ID_NONE.
03-21 02:55:20.286   690   690 W InputReader: Device virtio_input_multi_touch_5 is associated with display ADISPLAY_ID_NONE.
03-21 02:55:20.286   690   690 W InputReader: Device virtio_input_multi_touch_2 is associated with display ADISPLAY_ID_NONE.
03-21 02:55:20.286   690   690 W InputReader: Device virtio_input_multi_touch_9 is associated with display ADISPLAY_ID_NONE.
03-21 02:55:20.286   690   690 W InputReader: Device virtio_input_multi_touch_6 is associated with display ADISPLAY_ID_NONE.
03-21 02:55:20.286   690   690 W InputReader: Device virtio_input_multi_touch_7 is associated with display ADISPLAY_ID_NONE.
03-21 02:55:20.286   690   690 W InputReader: Device virtio_input_multi_touch_3 is associated with display ADISPLAY_ID_NONE.
03-21 02:55:20.286   690   690 W InputReader: Device virtio_input_multi_touch_8 is associated with display ADISPLAY_ID_NONE.
03-21 02:55:20.297   690   690 I SystemServerTiming: MakePowerManagerServiceReady
03-21 02:55:20.301   690   861 I android_os_HwBinder: HwBinder: Starting thread pool for getting: android.hardware.wifi@1.0::IWifi/default
03-21 02:55:20.302   690   861 D WifiNl80211Manager: tearing down interfaces in wificond
03-21 02:55:20.307   307   307 I android.hardware.wifi@1.0-service: Wifi HAL started
03-21 02:55:20.307   690   861 I WifiVendorHal: Vendor Hal started successfully
03-21 02:55:20.312   307   307 I android.hardware.wifi@1.0-service: Adding interface handle for wlan0
03-21 02:55:20.312   307   307 W android.hardware.wifi@1.0-service: No active wlan interfaces in use! Using default
03-21 02:55:20.313   307   307 E android.hardware.wifi@1.0-service: Failed to register radio mode change callback
03-21 02:55:20.313   307   307 W android.hardware.wifi@1.0-service: No active wlan interfaces in use! Using default
03-21 02:55:20.314   690   714 I EthernetTracker: interfaceLinkStateChanged, iface: wlan0, up: false
03-21 02:55:20.345   690   714 I EthernetTracker: interfaceLinkStateChanged, iface: wlan0, up: false
03-21 02:55:20.346   307   307 W libc    : Unable to set property "vendor.wlan.firmware.version" to "1.0": error code: 0x18
03-21 02:55:20.351   307   307 W libc    : Unable to set property "vendor.wlan.driver.version" to "1.0": error code: 0x18
03-21 02:55:20.351   307   307 I android.hardware.wifi@1.0-service: Configured chip in mode 0
03-21 02:55:20.351   307   307 W android.hardware.wifi@1.0-service: No active wlan interfaces in use! Using default
03-21 02:55:20.352   690   861 D HalDevMgr: updateRttController: no one is interested in RTT controllers
03-21 02:55:20.352   307   307 I android.hardware.wifi@1.0-service: Adding interface handle for wlan0
03-21 02:55:20.353   307   307 E android.hardware.wifi@1.0-service: Failed to set DFS flag; DFS channels may be unavailable.
03-21 02:55:20.312     1     1 W /system/bin/init: type=1107 audit(0.0:18): uid=0 auid=4294967295 ses=4294967295 subj=u:r:init:s0 msg='avc: denied { set } for property=vendor.wlan.firmware.version pid=307 uid=1010 gid=1010 scontext=u:r:hal_wifi_default:s0 tcontext=u:object_r:vendor_default_prop:s0 tclass=property_service permissive=0' b/131598173
03-21 02:55:20.353   690   728 I android_os_HwBinder: HwBinder: Starting thread pool for getting: android.hardware.health@2.0::IHealth/default
03-21 02:55:20.355   690   728 I android_os_HwBinder: HwBinder: Starting thread pool for getting: android.hidl.manager@1.0::IServiceManager/default
03-21 02:55:20.356   690   728 I HealthServiceWrapper: health: HealthServiceWrapper listening to instance default
03-21 02:55:20.362   690   728 D StatsPullAtomService: Registering pullers with statsd
03-21 02:55:20.365   690   862 I WifiP2pNative: Registering for interface available listener
03-21 02:55:20.367   690   862 I WifiP2pNative: Registering for interface available listener
03-21 02:55:20.367   690   862 D WifiP2pNative: P2P InterfaceAvailableListener true
03-21 02:55:20.367   690   862 D WifiP2pService: Wifi enabled=false, P2P Interface availability=true
03-21 02:55:20.377   690   865 D ConnectivityService: NetReassign [no changes]
03-21 02:55:20.379   690   728 I StatsPullAtomService: register thermal listener successfully
03-21 02:55:20.379   690   861 D WifiNl80211Manager: Setting up interface for client mode
03-21 02:55:20.344     1     1 W /system/bin/init: type=1107 audit(0.0:19): uid=0 auid=4294967295 ses=4294967295 subj=u:r:init:s0 msg='avc: denied { set } for property=vendor.wlan.driver.version pid=307 uid=1010 gid=1010 scontext=u:r:hal_wifi_default:s0 tcontext=u:object_r:vendor_default_prop:s0 tclass=property_service permissive=0' b/131598173
03-21 02:55:20.384   396   396 I wificond: create scanner for interface with index: 14
03-21 02:55:20.384   396   396 I wificond: subscribe scan result for interface with index: 14
03-21 02:55:20.393   690   915 I android_os_HwBinder: HwBinder: Starting thread pool for getting: android.hardware.health@2.0::IHealth/default
03-21 02:55:20.395   690   690 E DisplayPowerController: failed to set up display white-balance: java.lang.IllegalStateException: cannot find sensor com.google.sensor.color
03-21 02:55:20.398   690   861 I WifiNative: Interface state changed on Iface:{Name=wlan0,Id=0,Type=STA_SCAN}, isUp=true
03-21 02:55:20.400   315   315 I android.hardware.power-service.example: Power isBoostSupported: 0
03-21 02:55:20.411   690   742 W KeyguardServiceDelegate: onScreenTurningOn(): no keyguard service!
03-21 02:55:20.413   690   861 I WifiNative: Successfully setup Iface:{Name=wlan0,Id=0,Type=STA_SCAN}
03-21 02:55:20.414   690   861 E SupplicantStaIfaceHal: checkHalVersionByInterfaceName: called but mServiceManager is null
03-21 02:55:20.414   690   861 E SupplicantStaIfaceHal: checkHalVersionByInterfaceName: called but mServiceManager is null
03-21 02:55:20.414   690   861 E SupplicantStaIfaceHal: Method getKeyMgmtCapabilities is not supported in existing HAL
03-21 02:55:20.424   690   690 I SystemServerTiming: StartPermissionPolicyService
03-21 02:55:20.424   690   690 I SystemServiceManager: Starting com.android.server.policy.PermissionPolicyService
03-21 02:55:20.428   690   914 I DropBoxManagerService: add tag=system_server_wtf isTagEnabled=true flags=0x2
03-21 02:55:20.441   690   861 E SupplicantStaIfaceHal: checkHalVersionByInterfaceName: called but mServiceManager is null
03-21 02:55:20.441   690   861 I SupplicantStaIfaceHal: Method getWpaDriverFeatureSet is not supported in existing HAL
03-21 02:55:20.441   690   690 I SystemServerTiming: MakePackageManagerServiceReady
03-21 02:55:20.441   690   861 D WifiClientModeManager: entering StartedState
03-21 02:55:20.444   690   861 D WifiClientModeManager: entering ScanOnlyModeState
03-21 02:55:20.447   185   188 E android.system.suspend@1.0-service: Error opening kernel wakelock stats for: wakeup34: Permission denied
03-21 02:55:20.449   690   861 D WifiScanRequestProxy: Sending scan available broadcast: true
03-21 02:55:20.449   690   861 I WifiScanRequestProxy: Scanning is enabled
03-21 02:55:20.449   690   861 I WifiScanRequestProxy: Scanning for hidden networks is disabled
03-21 02:55:20.450   690   864 I WifiScanningService: Received a request to enable scanning, UID = 1000
03-21 02:55:20.459   690   864 E WifiVendorHal: getBgScanCapabilities(l.679) failed {.code = ERROR_NOT_SUPPORTED, .description = }
03-21 02:55:20.468   185   188 E android.system.suspend@1.0-service: Error opening kernel wakelock stats for: wakeup35: Permission denied
03-21 02:55:20.468   690   864 I WifiScanningService: Created a new impl for wlan0
03-21 02:55:20.469   690   864 I WifiScanningService: wifi driver loaded with scan capabilities: max buckets=16
03-21 02:55:20.444   185   185 W Binder:185_2: type=1400 audit(0.0:20): avc: denied { read } for name="wakeup34" dev="sysfs" ino=19284 scontext=u:r:system_suspend:s0 tcontext=u:object_r:sysfs:s0 tclass=dir permissive=0
03-21 02:55:20.493   690   861 D WakeupController: start()
03-21 02:55:20.495   690   742 V DisplayPowerController: Brightness [0.39763778] reason changing to: 'override', previous reason: '0'.
03-21 02:55:20.495   690   861 D WakeupController: Setting active to true
03-21 02:55:20.496   315   315 I android.hardware.power-service.example: Power isModeSupported: 9
03-21 02:55:20.507   690   861 I android_os_HwBinder: HwBinder: Starting thread pool for getting: android.hidl.manager@1.0::IServiceManager/default
03-21 02:55:20.510   690   690 I PackageManager: Permission ownership changed. Updating all permissions.
03-21 02:55:20.464   185   185 W Binder:185_2: type=1400 audit(0.0:21): avc: denied { read } for name="wakeup35" dev="sysfs" ino=19347 scontext=u:r:system_suspend:s0 tcontext=u:object_r:sysfs:s0 tclass=dir permissive=0
03-21 02:55:20.539   690   861 I SupplicantStaIfaceHal: Starting supplicant using HIDL
03-21 02:55:20.548   690   690 V UserDataPreparer: Found /data/user_de/0 with serial number 0
03-21 02:55:20.549   690   690 V UserDataPreparer: Found /data/user/0 with serial number 0
03-21 02:55:20.549   690   690 V UserDataPreparer: Found /data/system_de/0 with serial number 0
03-21 02:55:20.549   690   690 V UserDataPreparer: Found /data/system_ce/0 with serial number 0
03-21 02:55:20.550   690   690 V UserDataPreparer: Found /data/misc_ce/0 with serial number -1
03-21 02:55:20.550   690   690 D UserDataPreparer: Serial number missing on /data/misc_ce/0; assuming current is valid
03-21 02:55:20.553   161   161 I hwservicemanager: Since android.hardware.wifi.supplicant@1.0::ISupplicant/default is not registered, trying to start it as a lazy HAL.
03-21 02:55:20.554   690   861 D SupplicantStaIfaceHal: Successfully triggered start of supplicant using HIDL
03-21 02:55:20.557   690   690 I SystemServerTiming: MakeDisplayManagerServiceReady
03-21 02:55:20.560   690   690 I SystemServerTiming: StartDeviceSpecificServices
03-21 02:55:20.560   690   690 I SystemServerTiming: StartBootPhaseDeviceSpecificServicesReady
03-21 02:55:20.560   690   690 I SystemServiceManager: Starting phase 520
03-21 02:55:20.560   690   690 I SystemServerTiming: OnBootPhase_520
03-21 02:55:20.560   690   690 I SystemServerTiming: OnBootPhase_520_com.android.server.security.FileIntegrityService
03-21 02:55:20.560   690   690 I SystemServerTiming: OnBootPhase_520_com.android.server.pm.Installer
03-21 02:55:20.560   690   690 I SystemServerTiming: OnBootPhase_520_com.android.server.os.DeviceIdentifiersPolicyService
03-21 02:55:20.560   690   690 I SystemServerTiming: OnBootPhase_520_com.android.server.uri.UriGrantsManagerService$Lifecycle
03-21 02:55:20.560   690   690 I SystemServerTiming: OnBootPhase_520_com.android.server.wm.ActivityTaskManagerService$Lifecycle
03-21 02:55:20.560   690   690 I SystemServerTiming: OnBootPhase_520_com.android.server.am.ActivityManagerService$Lifecycle
03-21 02:55:20.560   690   690 I SystemServerTiming: OnBootPhase_520_com.android.server.pm.DataLoaderManagerService
03-21 02:55:20.560   690   690 I SystemServerTiming: OnBootPhase_520_com.android.server.power.PowerManagerService
03-21 02:55:20.560   690   690 I SystemServerTiming: OnBootPhase_520_com.android.server.power.ThermalManagerService
03-21 02:55:20.560   690   690 I SystemServerTiming: OnBootPhase_520_com.android.server.recoverysystem.RecoverySystemService$Lifecycle
03-21 02:55:20.560   690   690 I SystemServerTiming: OnBootPhase_520_com.android.server.lights.LightsService
03-21 02:55:20.560   690   690 I SystemServerTiming: OnBootPhase_520_com.android.server.display.DisplayManagerService
03-21 02:55:20.560   690   690 I SystemServerTiming: OnBootPhase_520_com.android.server.pm.UserManagerService$LifeCycle
03-21 02:55:20.560   690   690 I SystemServerTiming: OnBootPhase_520_com.android.server.om.OverlayManagerService
03-21 02:55:20.560   690   690 I SystemServerTiming: OnBootPhase_520_com.android.server.SensorPrivacyService
03-21 02:55:20.561   690   690 I SystemServerTiming: OnBootPhase_520_com.android.server.SystemConfigService
03-21 02:55:20.561   690   690 I SystemServerTiming: OnBootPhase_520_com.android.server.BatteryService
03-21 02:55:20.561   690   690 I SystemServerTiming: OnBootPhase_520_com.android.server.usage.UsageStatsService
03-21 02:55:20.561   690   690 I SystemServerTiming: OnBootPhase_520_com.android.server.webkit.WebViewUpdateService
03-21 02:55:20.561   690   690 I SystemServerTiming: OnBootPhase_520_com.android.server.CachedDeviceStateService
03-21 02:55:20.561   690   690 I SystemServerTiming: OnBootPhase_520_com.android.server.BinderCallsStatsService$LifeCycle
03-21 02:55:20.561   690   690 I SystemServerTiming: OnBootPhase_520_com.android.server.LooperStatsService$Lifecycle
03-21 02:55:20.561   690   690 I SystemServerTiming: OnBootPhase_520_com.android.server.rollback.RollbackManagerService
03-21 02:55:20.561   690   690 I SystemServerTiming: OnBootPhase_520_com.android.server.os.BugreportManagerService
03-21 02:55:20.561   690   690 I SystemServerTiming: OnBootPhase_520_com.android.server.gpu.GpuService
03-21 02:55:20.561   690   690 I SystemServerTiming: OnBootPhase_520_com.android.server.security.KeyChainSystemService
03-21 02:55:20.561   690   690 I SystemServerTiming: OnBootPhase_520_com.android.server.telecom.TelecomLoaderService
03-21 02:55:20.561   690   690 I SystemServerTiming: OnBootPhase_520_com.android.server.accounts.AccountManagerService$Lifecycle
03-21 02:55:20.561   690   690 I SystemServerTiming: OnBootPhase_520_com.android.server.content.ContentService$Lifecycle
03-21 02:55:20.561   690   690 I SystemServerTiming: OnBootPhase_520_com.android.server.DropBoxManagerService
03-21 02:55:20.561   690   690 I SystemServerTiming: OnBootPhase_520_com.android.server.AlarmManagerService
03-21 02:55:20.561   690   690 I SystemServerTiming: OnBootPhase_520_com.android.server.BluetoothService
03-21 02:55:20.561   690   690 I SystemServerTiming: OnBootPhase_520_com.android.server.connectivity.IpConnectivityMetrics
03-21 02:55:20.561   690   690 I SystemServerTiming: OnBootPhase_520_com.android.server.net.watchlist.NetworkWatchlistService$Lifecycle
03-21 02:55:20.561   690   690 I SystemServerTiming: OnBootPhase_520_com.android.server.PinnerService
03-21 02:55:20.561   690   690 I SystemServerTiming: OnBootPhase_520_com.google.android.startop.iorap.IorapForwardingService
03-21 02:55:20.561   690   690 I SystemServerTiming: OnBootPhase_520_com.android.server.integrity.AppIntegrityManagerService
03-21 02:55:20.561   690   690 I SystemServerTiming: OnBootPhase_520_com.android.server.inputmethod.InputMethodManagerService$Lifecycle
03-21 02:55:20.561   690   690 I SystemServerTiming: OnBootPhase_520_com.android.server.accessibility.AccessibilityManagerService$Lifecycle
03-21 02:55:20.561   690   690 I SystemServerTiming: OnBootPhase_520_com.android.server.StorageManagerService$Lifecycle
03-21 02:55:20.561   690   690 I SystemServerTiming: OnBootPhase_520_com.android.server.usage.StorageStatsService$Lifecycle
03-21 02:55:20.561   690   690 I SystemServerTiming: OnBootPhase_520_com.android.server.UiModeManagerService
03-21 02:55:20.561   690   690 I SystemServerTiming: OnBootPhase_520_com.android.server.locksettings.LockSettingsService$Lifecycle
03-21 02:55:20.561   690   690 I SystemServerTiming: OnBootPhase_520_com.android.server.testharness.TestHarnessModeService
03-21 02:55:20.561   690   690 I SystemServerTiming: OnBootPhase_520_com.android.server.DeviceIdleController
03-21 02:55:20.561   690   690 I SystemServerTiming: OnBootPhase_520_com.android.server.devicepolicy.DevicePolicyManagerService$Lifecycle
03-21 02:55:20.561   690   690 I SystemServerTiming: OnBootPhase_520_com.android.server.textservices.TextServicesManagerService$Lifecycle
03-21 02:55:20.561   690   690 I SystemServerTiming: OnBootPhase_520_com.android.server.textclassifier.TextClassificationManagerService$Lifecycle
