03-21 02:54:56.226   397   397 W android.hardware.media.omx@1.0-service: libminijail[397]: compile_file: <fd>(34): nonexistent syscall 'newfstatat'
03-21 02:54:56.229   397   397 W android.hardware.media.omx@1.0-service: libminijail[397]: logging seccomp filter failures
03-21 02:54:56.239   397   397 D GoldfishOMXPlugin: called createOMXPlugin for Goldfish
03-21 02:54:56.239   397   397 D GoldfishOMXPlugin: useAndroidGoldfishComponentInstance 73 found prop ro.kernel.qemu.hwcodec.vpxdec val 2
03-21 02:54:56.239   397   397 D GoldfishOMXPlugin: found and use kComponents[i].name OMX.android.goldfish.vp8.decoder
03-21 02:54:56.239   397   397 D GoldfishOMXPlugin: useAndroidGoldfishComponentInstance 73 found prop ro.kernel.qemu.hwcodec.vpxdec val 2
03-21 02:54:56.239   397   397 D GoldfishOMXPlugin: found and use kComponents[i].name OMX.android.goldfish.vp9.decoder
03-21 02:54:56.239   397   397 D GoldfishOMXPlugin: useAndroidGoldfishComponentInstance 73 found prop ro.kernel.qemu.hwcodec.avcdec val 2
03-21 02:54:56.239   397   397 D GoldfishOMXPlugin: found and use kComponents[i].name OMX.android.goldfish.h264.decoder
03-21 02:54:56.239   397   397 D GoldfishOMXPlugin: enumerate OMX.android.goldfish.vp8.decoder component
03-21 02:54:56.239   397   397 D GoldfishOMXPlugin: enumerate OMX.android.goldfish.vp9.decoder component
03-21 02:54:56.239   397   397 D GoldfishOMXPlugin: enumerate OMX.android.goldfish.h264.decoder component
03-21 02:54:56.242   393   393 W BatteryNotifier: batterystats service unavailable!
03-21 02:54:56.243   397   397 I SoftOMXPlugin: createOMXPlugin
03-21 02:54:56.243   397   397 D MediaCodecsXmlParser: parsing /vendor/etc/media_codecs.xml...
03-21 02:54:56.244   397   397 D MediaCodecsXmlParser: Ignoring unrecognized tag <MediaCodec> at line 85 of /vendor/etc/media_codecs.xml
03-21 02:54:56.244   397   397 D MediaCodecsXmlParser: Ignoring unrecognized tag <MediaCodec> at line 88 of /vendor/etc/media_codecs.xml
03-21 02:54:56.244   397   397 D MediaCodecsXmlParser: Ignoring unrecognized tag <MediaCodec> at line 91 of /vendor/etc/media_codecs.xml
03-21 02:54:56.244   397   397 D MediaCodecsXmlParser: parsing /vendor/etc/media_codecs_google_audio.xml...
03-21 02:54:56.245   397   397 D MediaCodecsXmlParser: parsing /vendor/etc/media_codecs_google_telephony.xml...
03-21 02:54:56.249   397   397 D MediaCodecsXmlParser: parsing /vendor/etc/media_codecs_google_video.xml...
03-21 02:54:56.250   397   397 D MediaCodecsXmlParser: parsing /vendor/etc/media_codecs_performance.xml...
03-21 02:54:56.251   397   397 D MediaCodecsXmlParser: Cannot find /data/misc/media/media_codecs_profiling_results.xml
03-21 02:54:56.253   397   397 I HidlServiceManagement: Registered android.hardware.media.omx@1.0::IOmx/default (start delay of 783ms)
03-21 02:54:56.253   397   397 I HidlServiceManagement: Removing namespace from process name android.hardware.media.omx@1.0-service to omx@1.0-service.
03-21 02:54:56.254   397   397 I android.hardware.media.omx@1.0-service: IOmx HAL service created.
03-21 02:54:56.254   397   397 D MediaCodecsXmlParser: parsing /vendor/etc/media_codecs.xml...
03-21 02:54:56.254   397   397 D MediaCodecsXmlParser: Ignoring unrecognized tag <MediaCodec> at line 85 of /vendor/etc/media_codecs.xml
03-21 02:54:56.254   397   397 D MediaCodecsXmlParser: Ignoring unrecognized tag <MediaCodec> at line 88 of /vendor/etc/media_codecs.xml
03-21 02:54:56.254   397   397 D MediaCodecsXmlParser: Ignoring unrecognized tag <MediaCodec> at line 91 of /vendor/etc/media_codecs.xml
03-21 02:54:56.254   397   397 D MediaCodecsXmlParser: parsing /vendor/etc/media_codecs_google_audio.xml...
03-21 02:54:56.254   397   397 D MediaCodecsXmlParser: parsing /vendor/etc/media_codecs_google_telephony.xml...
03-21 02:54:56.254   397   397 D MediaCodecsXmlParser: parsing /vendor/etc/media_codecs_google_video.xml...
03-21 02:54:56.255   397   397 D MediaCodecsXmlParser: parsing /vendor/etc/media_codecs_performance.xml...
03-21 02:54:56.255   397   397 D MediaCodecsXmlParser: Cannot find /data/misc/media/media_codecs_profiling_results.xml
03-21 02:54:56.256   397   397 I HidlServiceManagement: Registered android.hardware.media.omx@1.0::IOmxStore/default (start delay of 786ms)
03-21 02:54:56.256   397   397 I HidlServiceManagement: Removing namespace from process name android.hardware.media.omx@1.0-service to omx@1.0-service.
03-21 02:54:56.257   393   393 W BatteryNotifier: batterystats service unavailable!
03-21 02:54:56.136   476   476 W which   : type=1400 audit(0.0:7): avc: denied { getattr } for path="/vendor/bin/toybox_vendor" dev="dm-3" ino=226 scontext=u:r:shell:s0 tcontext=u:object_r:vendor_toolbox_exec:s0 tclass=file permissive=0
03-21 02:54:56.278   428   428 D BootAnimation: BootAnimationStartTiming start time: 16938ms
03-21 02:54:56.278   428   428 D BootAnimation: BootAnimationPreloadTiming start time: 16938ms
03-21 02:54:56.290   487   487 W cmd     : Can't find service window
03-21 02:54:56.302   385   385 I cameraserver: ServiceManager: 0xe7d00ab0
03-21 02:54:56.304   385   385 I CameraService: CameraService started (pid=385)
03-21 02:54:56.304   385   385 I CameraService: CameraService process starting
03-21 02:54:56.304   385   385 W BatteryNotifier: batterystats service unavailable!
03-21 02:54:56.304   385   385 W BatteryNotifier: batterystats service unavailable!
03-21 02:54:56.311   385   385 I CameraProviderManager: Connecting to new camera provider: internal/0, isRemote? 1
03-21 02:54:56.318   385   385 I CameraProviderManager: Enumerating new camera device: device@3.5/internal/1
03-21 02:54:56.318   275   326 I EmulatedCameraDeviceHwlImpl: Create: Created EmulatedCameraDeviceHwlImpl for camera 1
03-21 02:54:56.318   275   326 I GCH_CameraDevice: Create: Created a camera device for public(1)
03-21 02:54:56.320   275   326 W GCH_HalVendorTags: ModifyCharacteristicsKeys: failed to get ANDROID_REQUEST_AVAILABLE_SESSION_KEYS
03-21 02:54:56.321   385   385 E CameraProviderManager: addDynamicDepthTags: Advertised depth exclusive tag but value is not present!
03-21 02:54:56.321   385   385 E CameraProviderManager: DeviceInfo3: Failed appending dynamic depth tags: Invalid argument (-22)
03-21 02:54:56.324   275   326 W GCH_HalVendorTags: ModifyCharacteristicsKeys: failed to get ANDROID_REQUEST_AVAILABLE_SESSION_KEYS
03-21 02:54:56.325   275   326 I chatty  : uid=1000(system) HwBinder:275_2 identical 1 line
03-21 02:54:56.325   275   326 W GCH_HalVendorTags: ModifyCharacteristicsKeys: failed to get ANDROID_REQUEST_AVAILABLE_SESSION_KEYS
03-21 02:54:56.326   385   385 I CameraProviderManager: Camera provider internal/0 ready with 1 camera devices
03-21 02:54:56.326   385   385 I CameraProviderManager: Camera device device@3.5/internal/1 physical device 14 status is now NOT_PRESENT
03-21 02:54:56.326   385   512 I CameraService: onDeviceStatusChanged: Status changed for cameraId=1, physicalCameraId=14, newStatus=0
03-21 02:54:56.327   385   512 E CameraService: onDeviceStatusChanged: Physical camera id 1 status change on a non-present ID 14
03-21 02:54:56.327   385   385 I CameraProviderManager: Connecting to new camera provider: legacy/0, isRemote? 1
03-21 02:54:56.328   385   385 I CameraProviderManager: Camera provider legacy/0 ready with 0 camera devices
03-21 02:54:56.332   385   385 I CameraService: onDeviceStatusChanged: Status changed for cameraId=1, newStatus=1
03-21 02:54:56.332   385   504 W CameraProviderManager: addProviderLocked: Camera provider HAL with name 'internal/0' already registered
03-21 02:54:56.332   385   385 I CameraService: onDeviceStatusChanged: Unknown camera ID 1, a new camera is added
03-21 02:54:56.332   385   504 I CameraService: onDeviceStatusChanged: Status changed for cameraId=1, newStatus=1
03-21 02:54:56.332   385   504 W CameraProviderManager: addProviderLocked: Camera provider HAL with name 'legacy/0' already registered
03-21 02:54:56.333   385   385 I cameraserver: Waiting for activity service
03-21 02:54:56.341   403   403 I mediaswcodec: media swcodec service starting
03-21 02:54:56.345   357   376 I adbd    : adbd mDNS service _adb._tcp registered: 1
03-21 02:54:56.345   403   403 W mediaswcodec: Could not read additional policy file '/vendor/etc/seccomp_policy/mediaswcodec.policy'
03-21 02:54:56.346   403   403 W mediaswcodec: libminijail[403]: failed to get path of fd 4: No such file or directory
03-21 02:54:56.347   403   403 W mediaswcodec: libminijail[403]: allowing syscall: socketcall
03-21 02:54:56.347   403   403 W mediaswcodec: libminijail[403]: allowing syscall: writev
03-21 02:54:56.347   403   403 W mediaswcodec: libminijail[403]: allowing syscall: fcntl64
03-21 02:54:56.348   403   403 W mediaswcodec: libminijail[403]: allowing syscall: clock_gettime
03-21 02:54:56.348   403   403 W mediaswcodec: libminijail[403]: compile_file: <fd>(34): nonexistent syscall 'newfstatat'
03-21 02:54:56.355   403   403 W mediaswcodec: libminijail[403]: logging seccomp filter failures
03-21 02:54:56.356   403   403 I CodecServiceRegistrant: Creating software Codec2 service...
03-21 02:54:56.363   403   403 D C2Store : Default ION heapmask = -1
03-21 02:54:56.364   403   403 D C2Store : Default ION flags = 0
03-21 02:54:56.364   403   403 D C2Store : Default ION align = 0
03-21 02:54:56.365   391   391 E MediaExtractorFactory: couldn't opendir(/system/lib/extractors)
03-21 02:54:56.365   391   391 E MediaExtractorFactory: couldn't opendir(/system_ext/lib/extractors)
03-21 02:54:56.372   403   403 I HidlServiceManagement: Registered android.hardware.media.c2@1.1::IComponentStore/software (start delay of 852ms)
03-21 02:54:56.373   161   161 I hwservicemanager: getTransport: Cannot find entry android.hardware.media.c2@1.0::IComponentStore/default in either framework or device manifest.
03-21 02:54:56.373   403   403 I CodecServiceRegistrant: Preferred Codec2 store is defaulted to "software".
03-21 02:54:56.373   403   403 I CodecServiceRegistrant: Software Codec2 service created and registered.
03-21 02:54:56.437   266   266 D zygote  : Time zone APEX ICU file found: /apex/com.android.tzdata/etc/icu/icu_tzdata.dat
03-21 02:54:56.438   266   266 D zygote  : I18n APEX ICU file found: /apex/com.android.i18n/etc/icu/icudt66l.dat
03-21 02:54:56.460   428   428 D BootAnimation: BootAnimationPreloadStopTiming start time: 17120ms
03-21 02:54:56.502   428   534 D libEGL  : loaded /vendor/lib/egl/libEGL_emulation.so
03-21 02:54:56.509   428   534 D libEGL  : loaded /vendor/lib/egl/libGLESv1_CM_emulation.so
03-21 02:54:56.519   428   534 D libEGL  : loaded /vendor/lib/egl/libGLESv2_emulation.so
03-21 02:54:56.548   266   266 I zygote  : Using memfd for future sealing
03-21 02:54:56.556   540   540 W cmd     : Can't find service window
03-21 02:54:56.557   266   266 W zygote  : Unexpected CPU variant for X86 using defaults: x86
03-21 02:54:56.564   530   530 E netmgr  : qemu_pipe_open_ns:62: Could not connect to the 'pipe:qemud:network' service: Invalid argument
03-21 02:54:56.564   530   530 E netmgr  : Failed to open QEMU pipe 'qemud:network': Invalid argument
03-21 02:54:56.581   535   535 E wifi_forwarder: qemu_pipe_open_ns:62: Could not connect to the 'pipe:qemud:wififorward' service: Invalid argument
03-21 02:54:56.581   535   535 E wifi_forwarder: RemoteConnection failed to initialize: RemoteConnection failed to open pipe
03-21 02:54:56.620   428   534 D HostConnection: HostConnection::get() New Host Connection established 0xeb7c1660, tid 534
03-21 02:54:56.668   428   534 D HostConnection: HostComposition ext ANDROID_EMU_CHECKSUM_HELPER_v1 ANDROID_EMU_native_sync_v2 ANDROID_EMU_dma_v1 ANDROID_EMU_direct_mem ANDROID_EMU_host_composition_v1 ANDROID_EMU_host_composition_v2 ANDROID_EMU_vulkan ANDROID_EMU_deferred_vulkan_commands ANDROID_EMU_vulkan_null_optional_strings ANDROID_EMU_vulkan_create_resources_with_requirements ANDROID_EMU_YUV_Cache ANDROID_EMU_vulkan_ignored_handles ANDROID_EMU_has_shared_slots_host_memory_allocator ANDROID_EMU_vulkan_free_memory_sync ANDROID_EMU_vulkan_shader_float16_int8 ANDROID_EMU_vulkan_async_queue_submit ANDROID_EMU_sync_buffer_data ANDROID_EMU_vulkan_async_qsri ANDROID_EMU_read_color_buffer_dma GL_OES_EGL_image_external_essl3 GL_OES_vertex_array_object GL_KHR_texture_compression_astc_ldr ANDROID_EMU_host_side_tracing ANDROID_EMU_gles_max_version_3_0 
03-21 02:54:56.673   161   161 I hwservicemanager: getTransport: Cannot find entry android.hardware.configstore@1.0::ISurfaceFlingerConfigs/default in either framework or device manifest.
03-21 02:54:56.676   282   319 D goldfish-address-space: claimShared: Ask to claim region [0x3fc7ea000 0x3fcfd3000]
03-21 02:54:56.690   161   161 I hwservicemanager: getTransport: Cannot find entry android.hardware.graphics.mapper@4.0::IMapper/default in either framework or device manifest.
03-21 02:54:56.690   428   534 I Gralloc4: mapper 4.x is not supported
03-21 02:54:56.708   428   534 D HostConnection: createUnique: call
03-21 02:54:56.710   428   534 D HostConnection: HostConnection::get() New Host Connection established 0xeb7c12e0, tid 534
03-21 02:54:56.711   428   534 D goldfish-address-space: allocate: Ask for block of size 0x100
03-21 02:54:56.711   428   534 D goldfish-address-space: allocate: ioctl allocate returned offset 0x3fbffe000 size 0x2000
03-21 02:54:56.795   428   534 D HostConnection: HostComposition ext ANDROID_EMU_CHECKSUM_HELPER_v1 ANDROID_EMU_native_sync_v2 ANDROID_EMU_dma_v1 ANDROID_EMU_direct_mem ANDROID_EMU_host_composition_v1 ANDROID_EMU_host_composition_v2 ANDROID_EMU_vulkan ANDROID_EMU_deferred_vulkan_commands ANDROID_EMU_vulkan_null_optional_strings ANDROID_EMU_vulkan_create_resources_with_requirements ANDROID_EMU_YUV_Cache ANDROID_EMU_vulkan_ignored_handles ANDROID_EMU_has_shared_slots_host_memory_allocator ANDROID_EMU_vulkan_free_memory_sync ANDROID_EMU_vulkan_shader_float16_int8 ANDROID_EMU_vulkan_async_queue_submit ANDROID_EMU_sync_buffer_data ANDROID_EMU_vulkan_async_qsri ANDROID_EMU_read_color_buffer_dma GL_OES_EGL_image_external_essl3 GL_OES_vertex_array_object GL_KHR_texture_compression_astc_ldr ANDROID_EMU_host_side_tracing ANDROID_EMU_gles_max_version_3_0 
03-21 02:54:56.803   428   534 D EGL_emulation: eglCreateContext: 0xeb7c0160: maj 1 min 0 rcv 1
03-21 02:54:56.810   543   543 I hostapd : rfkill: Cannot get wiphy information
03-21 02:54:56.818   543   543 I hostapd : wlan1: interface state UNINITIALIZED->COUNTRY_UPDATE
03-21 02:54:56.823   428   534 D EGL_emulation: eglMakeCurrent: 0xeb7c0160: ver 1 0 (tinfo 0xeb853710) (first time)
03-21 02:54:56.824   428   534 D EGL_emulation: eglMakeCurrent: 0xeb7c0160: ver 1 0 (tinfo 0xeb853710) (first time)
03-21 02:54:56.833   545   545 D AndroidRuntime: >>>>>> START com.android.internal.os.RuntimeInit uid 2000 <<<<<<
03-21 02:54:56.841   545   545 E libc    : Access denied finding property "persist.device_config.runtime_native_boot.profilebootclasspath"
03-21 02:54:56.841   545   545 E libc    : Access denied finding property "persist.device_config.runtime_native_boot.enable_apex_image"
03-21 02:54:56.841   545   545 I AndroidRuntime: Using default boot image
03-21 02:54:56.841   545   545 E libc    : Access denied finding property "persist.device_config.runtime_native_boot.disable_lock_profiling"
03-21 02:54:56.841   545   545 I AndroidRuntime: Leaving lock profiling enabled
03-21 02:54:56.841   545   545 E libc    : Access denied finding property "persist.device_config.runtime_native_boot.enable_generational_cc"
03-21 02:54:56.850   545   545 W app_process: Could not reserve sentinel fault page
03-21 02:54:56.836   545   545 W app_process: type=1400 audit(0.0:8): avc: denied { read } for name="u:object_r:device_config_runtime_native_boot_prop:s0" dev="tmpfs" ino=2143 scontext=u:r:shell:s0 tcontext=u:object_r:device_config_runtime_native_boot_prop:s0 tclass=file permissive=0
03-21 02:54:56.927   428   534 D BootAnimation: BootAnimationShownTiming start time: 17587ms
03-21 02:54:56.929   428   586 E BootAnimation: Could not add watch for /data/system: Permission denied
03-21 02:54:56.982   565   565 D AndroidRuntime: >>>>>> START com.android.internal.os.RuntimeInit uid 2000 <<<<<<
03-21 02:54:56.987   565   565 E libc    : Access denied finding property "persist.device_config.runtime_native_boot.profilebootclasspath"
03-21 02:54:56.987   565   565 E libc    : Access denied finding property "persist.device_config.runtime_native_boot.enable_apex_image"
03-21 02:54:56.987   565   565 I AndroidRuntime: Using default boot image
03-21 02:54:56.987   565   565 E libc    : Access denied finding property "persist.device_config.runtime_native_boot.disable_lock_profiling"
03-21 02:54:56.987   565   565 I AndroidRuntime: Leaving lock profiling enabled
03-21 02:54:56.988   565   565 E libc    : Access denied finding property "persist.device_config.runtime_native_boot.enable_generational_cc"
03-21 02:54:56.991   565   565 W app_process: Could not reserve sentinel fault page
03-21 02:54:56.840   545   545 W app_process: type=1400 audit(0.0:9): avc: denied { read } for name="u:object_r:device_config_runtime_native_boot_prop:s0" dev="tmpfs" ino=2143 scontext=u:r:shell:s0 tcontext=u:object_r:device_config_runtime_native_boot_prop:s0 tclass=file permissive=0
03-21 02:54:56.840   545   545 W app_process: type=1400 audit(0.0:10): avc: denied { read } for name="u:object_r:device_config_runtime_native_boot_prop:s0" dev="tmpfs" ino=2143 scontext=u:r:shell:s0 tcontext=u:object_r:device_config_runtime_native_boot_prop:s0 tclass=file permissive=0
03-21 02:54:57.052   266   266 W zygote  : JNI RegisterNativeMethods: attempt to register 0 native methods for android.media.AudioAttributes
03-21 02:54:57.111   266   266 D Zygote  : begin preload
03-21 02:54:57.111   266   266 I Zygote  : Calling ZygoteHooks.beginPreload()
03-21 02:54:56.840   545   545 W app_process: type=1400 audit(0.0:11): avc: denied { read } for name="u:object_r:device_config_runtime_native_boot_prop:s0" dev="tmpfs" ino=2143 scontext=u:r:shell:s0 tcontext=u:object_r:device_config_runtime_native_boot_prop:s0 tclass=file permissive=0
03-21 02:54:57.235   266   266 I Zygote  : Preloading classes...
03-21 02:54:56.984   565   565 W app_process: type=1400 audit(0.0:12): avc: denied { read } for name="u:object_r:device_config_runtime_native_boot_prop:s0" dev="tmpfs" ino=2143 scontext=u:r:shell:s0 tcontext=u:object_r:device_config_runtime_native_boot_prop:s0 tclass=file permissive=0
03-21 02:54:57.244   545   545 D app_process: Time zone APEX ICU file found: /apex/com.android.tzdata/etc/icu/icu_tzdata.dat
03-21 02:54:57.244   545   545 D app_process: I18n APEX ICU file found: /apex/com.android.i18n/etc/icu/icudt66l.dat
03-21 02:54:57.252   266   266 W Zygote  : Class not found for preloading: android.app.-$$Lambda$ResourcesManager$QJ7UiVk_XS90KuXAsIjIEym1DnM
03-21 02:54:56.984   565   565 W app_process: type=1400 audit(0.0:13): avc: denied { read } for name="u:object_r:device_config_runtime_native_boot_prop:s0" dev="tmpfs" ino=2143 scontext=u:r:shell:s0 tcontext=u:object_r:device_config_runtime_native_boot_prop:s0 tclass=file permissive=0
03-21 02:54:56.984   565   565 I chatty  : uid=2000(shell) app_process identical 1 line
03-21 02:54:56.984   565   565 W app_process: type=1400 audit(0.0:15): avc: denied { read } for name="u:object_r:device_config_runtime_native_boot_prop:s0" dev="tmpfs" ino=2143 scontext=u:r:shell:s0 tcontext=u:object_r:device_config_runtime_native_boot_prop:s0 tclass=file permissive=0
03-21 02:54:57.276   545   545 W app_process: Unexpected CPU variant for X86 using defaults: x86
03-21 02:54:57.278   341   360 D HostConnection: HostConnection::get() New Host Connection established 0xefd81270, tid 360
03-21 02:54:57.279   282   319 D goldfish-address-space: claimShared: Ask to claim region [0x3fcfd3000 0x3fd7bc000]
03-21 02:54:57.287   341   360 D HostConnection: HostComposition ext ANDROID_EMU_CHECKSUM_HELPER_v1 ANDROID_EMU_native_sync_v2 ANDROID_EMU_dma_v1 ANDROID_EMU_direct_mem ANDROID_EMU_host_composition_v1 ANDROID_EMU_host_composition_v2 ANDROID_EMU_vulkan ANDROID_EMU_deferred_vulkan_commands ANDROID_EMU_vulkan_null_optional_strings ANDROID_EMU_vulkan_create_resources_with_requirements ANDROID_EMU_YUV_Cache ANDROID_EMU_vulkan_ignored_handles ANDROID_EMU_has_shared_slots_host_memory_allocator ANDROID_EMU_vulkan_free_memory_sync ANDROID_EMU_vulkan_shader_float16_int8 ANDROID_EMU_vulkan_async_queue_submit ANDROID_EMU_sync_buffer_data ANDROID_EMU_vulkan_async_qsri ANDROID_EMU_read_color_buffer_dma GL_OES_EGL_image_external_essl3 GL_OES_vertex_array_object GL_KHR_texture_compression_astc_ldr ANDROID_EMU_host_side_tracing ANDROID_EMU_gles_max_version_3_0 
03-21 02:54:57.298   341   341 I SurfaceFlinger: Enter boot animation
03-21 02:54:57.299   341   341 E FMQ     : grantorIdx must be less than 3
03-21 02:54:57.300   283   321 E FMQ     : grantorIdx must be less than 3
03-21 02:54:57.315   283   321 D HostConnection: HostComposition ext ANDROID_EMU_CHECKSUM_HELPER_v1 ANDROID_EMU_native_sync_v2 ANDROID_EMU_dma_v1 ANDROID_EMU_direct_mem ANDROID_EMU_host_composition_v1 ANDROID_EMU_host_composition_v2 ANDROID_EMU_vulkan ANDROID_EMU_deferred_vulkan_commands ANDROID_EMU_vulkan_null_optional_strings ANDROID_EMU_vulkan_create_resources_with_requirements ANDROID_EMU_YUV_Cache ANDROID_EMU_vulkan_ignored_handles ANDROID_EMU_has_shared_slots_host_memory_allocator ANDROID_EMU_vulkan_free_memory_sync ANDROID_EMU_vulkan_shader_float16_int8 ANDROID_EMU_vulkan_async_queue_submit ANDROID_EMU_sync_buffer_data ANDROID_EMU_vulkan_async_qsri ANDROID_EMU_read_color_buffer_dma GL_OES_EGL_image_external_essl3 GL_OES_vertex_array_object GL_KHR_texture_compression_astc_ldr ANDROID_EMU_host_side_tracing ANDROID_EMU_gles_max_version_3_0 
03-21 02:54:57.316   283   321 E FMQ     : grantorIdx must be less than 3
03-21 02:54:57.316   341   341 E FMQ     : grantorIdx must be less than 3
03-21 02:54:57.356   545   545 W app_process: JNI RegisterNativeMethods: attempt to register 0 native methods for android.media.AudioAttributes
03-21 02:54:57.383   545   545 D AndroidRuntime: Calling main entry com.genymobile.scrcpy.Server
03-21 02:54:57.445   565   565 D app_process: Time zone APEX ICU file found: /apex/com.android.tzdata/etc/icu/icu_tzdata.dat
03-21 02:54:57.446   565   565 D app_process: I18n APEX ICU file found: /apex/com.android.i18n/etc/icu/icudt66l.dat
03-21 02:54:57.461   266   552 I zygote  : Verified 1359 classes from mainline modules in 254.426ms
03-21 02:54:57.468   565   565 W app_process: Unexpected CPU variant for X86 using defaults: x86
03-21 02:54:57.521   565   565 W app_process: JNI RegisterNativeMethods: attempt to register 0 native methods for android.media.AudioAttributes
03-21 02:54:57.535   565   565 D AndroidRuntime: Calling main entry com.genymobile.scrcpy.Server
03-21 02:54:57.562   565   565 E o.j.s.WebSocketServer: Shutdown due to fatal error
03-21 02:54:57.562   565   565 E o.j.s.WebSocketServer: java.net.BindException: Address already in use
03-21 02:54:57.562   565   565 E o.j.s.WebSocketServer: 	at sun.nio.ch.Net.bind0(Native Method)
03-21 02:54:57.562   565   565 E o.j.s.WebSocketServer: 	at sun.nio.ch.Net.bind(Net.java:442)
03-21 02:54:57.562   565   565 E o.j.s.WebSocketServer: 	at sun.nio.ch.Net.bind(Net.java:434)
03-21 02:54:57.562   565   565 E o.j.s.WebSocketServer: 	at sun.nio.ch.ServerSocketChannelImpl.bind(ServerSocketChannelImpl.java:223)
03-21 02:54:57.562   565   565 E o.j.s.WebSocketServer: 	at sun.nio.ch.ServerSocketAdaptor.bind(ServerSocketAdaptor.java:74)
03-21 02:54:57.562   565   565 E o.j.s.WebSocketServer: 	at sun.nio.ch.ServerSocketAdaptor.bind(ServerSocketAdaptor.java:67)
03-21 02:54:57.562   565   565 E o.j.s.WebSocketServer: 	at org.java_websocket.server.WebSocketServer.doSetupSelectorAndServerThread(WebSocketServer.java:505)
03-21 02:54:57.562   565   565 E o.j.s.WebSocketServer: 	at org.java_websocket.server.WebSocketServer.run(WebSocketServer.java:315)
03-21 02:54:57.562   565   565 E o.j.s.WebSocketServer: 	at com.genymobile.scrcpy.Server.main(Server.java:166)
03-21 02:54:57.562   565   565 E o.j.s.WebSocketServer: 	at com.android.internal.os.RuntimeInit.nativeFinishInit(Native Method)
03-21 02:54:57.562   565   565 E o.j.s.WebSocketServer: 	at com.android.internal.os.RuntimeInit.main(RuntimeInit.java:399)
03-21 02:54:57.564   565   565 E scrcpy  : WebSocket error
03-21 02:54:57.564   565   565 E scrcpy  : java.net.BindException: Address already in use
03-21 02:54:57.564   565   565 E scrcpy  : 	at sun.nio.ch.Net.bind0(Native Method)
03-21 02:54:57.564   565   565 E scrcpy  : 	at sun.nio.ch.Net.bind(Net.java:442)
03-21 02:54:57.564   565   565 E scrcpy  : 	at sun.nio.ch.Net.bind(Net.java:434)
03-21 02:54:57.564   565   565 E scrcpy  : 	at sun.nio.ch.ServerSocketChannelImpl.bind(ServerSocketChannelImpl.java:223)
03-21 02:54:57.564   565   565 E scrcpy  : 	at sun.nio.ch.ServerSocketAdaptor.bind(ServerSocketAdaptor.java:74)
03-21 02:54:57.564   565   565 E scrcpy  : 	at sun.nio.ch.ServerSocketAdaptor.bind(ServerSocketAdaptor.java:67)
03-21 02:54:57.564   565   565 E scrcpy  : 	at org.java_websocket.server.WebSocketServer.doSetupSelectorAndServerThread(WebSocketServer.java:505)
03-21 02:54:57.564   565   565 E scrcpy  : 	at org.java_websocket.server.WebSocketServer.run(WebSocketServer.java:315)
03-21 02:54:57.564   565   565 E scrcpy  : 	at com.genymobile.scrcpy.Server.main(Server.java:166)
03-21 02:54:57.564   565   565 E scrcpy  : 	at com.android.internal.os.RuntimeInit.nativeFinishInit(Native Method)
03-21 02:54:57.564   565   565 E scrcpy  : 	at com.android.internal.os.RuntimeInit.main(RuntimeInit.java:399)
03-21 02:54:57.573   565   565 I app_process: System.exit called, status: 1
03-21 02:54:57.573   565   565 I AndroidRuntime: VM exiting with result code 1.
03-21 02:54:58.375   266   266 E ActivityRecognitionHardware: activity_recognition HAL is deprecated. class_init is effectively a no-op
03-21 02:54:58.700   266   266 I zygote  : Thread[1,tid=266,Native,Thread*=0xe6880010,peer=0x13200078,"main"] recursive attempt to load library "libmedia_jni.so"
03-21 02:54:58.703   266   266 I zygote  : Thread[1,tid=266,Native,Thread*=0xe6880010,peer=0x13200078,"main"] recursive attempt to load library "libmedia_jni.so"
03-21 02:54:58.704   266   266 D MtpDeviceJNI: register_android_mtp_MtpDevice
03-21 02:54:58.704   266   266 I zygote  : Thread[1,tid=266,Native,Thread*=0xe6880010,peer=0x13200078,"main"] recursive attempt to load library "libmedia_jni.so"
03-21 02:54:58.704   266   266 I zygote  : Thread[1,tid=266,Native,Thread*=0xe6880010,peer=0x13200078,"main"] recursive attempt to load library "libmedia_jni.so"
03-21 02:54:58.722   266   266 W Zygote  : Class not found for preloading: android.media.MediaRouter$Static$Client$1
03-21 02:54:58.723   266   266 W Zygote  : Class not found for preloading: android.media.MediaRouter$Static$Client$2
03-21 02:54:58.758   266   266 W Zygote  : Class not found for preloading: android.net.shared.Inet4AddressUtils
03-21 02:54:58.758   266   266 W Zygote  : Class not found for preloading: android.net.shared.InetAddressUtils
03-21 02:54:58.802   282   319 D goldfish-address-space: claimShared: Ask to claim region [0x3fd7bc000 0x3fdfa5000]
03-21 02:54:58.947   266   266 W Zygote  : Class not found for preloading: android.view.-$$Lambda$cZhmLzK8aetUdx4VlP9w5jR7En0
03-21 02:54:59.034   266   266 W Zygote  : Class not found for preloading: android.view.autofill.-$$Lambda$AutofillManager$AutofillManagerClient$vxNm6RuuD-r5pkiSxNSBBd1w_Qc
03-21 02:54:59.039   266   266 W Zygote  : Class not found for preloading: android.view.contentcapture.-$$Lambda$MainContentCaptureSession$1$JPRO-nNGZpgXrKr4QC_iQiTbQx0
03-21 02:54:59.040   266   266 W Zygote  : Class not found for preloading: android.view.contentcapture.-$$Lambda$MainContentCaptureSession$1$Xhq3WJibbalS1G_W3PRC2m7muhM
03-21 02:54:59.040   266   266 W Zygote  : Class not found for preloading: android.view.contentcapture.MainContentCaptureSession$1
03-21 02:54:59.114   266   266 W Zygote  : Class not found for preloading: com.android.internal.infra.-$$Lambda$T7zIZMFnvwrmtbuTMXLaZHHp-9s
03-21 02:54:59.114   266   266 W Zygote  : Class not found for preloading: com.android.internal.infra.-$$Lambda$XuWfs8-IsKaNygi8YjlVGjedkIw
03-21 02:54:59.114   266   266 W Zygote  : Class not found for preloading: com.android.internal.infra.-$$Lambda$qN_gooelzsUiBhYWznXKzb-8_wA
03-21 02:54:59.114   266   266 W Zygote  : Class not found for preloading: com.android.internal.infra.-$$Lambda$rAXGjry3wPGKviARzTYfDiY7xrs
03-21 02:54:59.179   266   266 W Zygote  : Class not found for preloading: com.android.internal.telephony.-$$Lambda$SubscriptionController$VCQsMNqRHpN3RyoXYzh2YUwA2yc
03-21 02:54:59.179   266   266 W Zygote  : Class not found for preloading: com.android.internal.telephony.-$$Lambda$SubscriptionController$u5xE-urXR6ElZ50305_6guo20Fc
03-21 02:54:59.349   264   264 W ServiceManager: Service statscompanion didn't start. Returning NULL
03-21 02:54:59.365   264   264 I statsd  : Statsd starts to listen to socket.
03-21 02:55:00.497   266   266 W Zygote  : Class not found for preloading: com.android.internal.telephony.IccSmsInterfaceManager$2
03-21 02:55:00.570   266   266 W Zygote  : Class not found for preloading: com.android.internal.widget.-$$Lambda$gPQuiuEDuOmrh2MixBcV6a5gu5s
03-21 02:55:00.571   266   266 W Zygote  : Class not found for preloading: com.android.internal.widget.LockPatternUtils$2
03-21 02:55:00.654   392   402 W ServiceManager: Service package_native didn't start. Returning NULL
03-21 02:55:00.654   392   402 E ServiceUtilities: getInfo: Cannot find package_native
03-21 02:55:00.655   392   402 W AudioAnalytics: (key=audio.flinger) Audioflinger constructor event detected
03-21 02:55:00.669   266   266 I Zygote  : ...preloaded 12106 classes in 3434ms.
03-21 02:55:00.670   266   266 I zygote  : VMRuntime.preloadDexCaches starting
03-21 02:55:00.732   266   266 I zygote  : VMRuntime.preloadDexCaches strings total=418160 before=11385 after=11385
03-21 02:55:00.732   266   266 I zygote  : VMRuntime.preloadDexCaches types total=40948 before=11210 after=11384
03-21 02:55:00.732   266   266 I zygote  : VMRuntime.preloadDexCaches fields total=173719 before=14202 after=15086
03-21 02:55:00.732   266   266 I zygote  : VMRuntime.preloadDexCaches methods total=315841 before=18080 after=18080
03-21 02:55:00.732   266   266 I zygote  : VMRuntime.preloadDexCaches finished
03-21 02:55:00.762   394   394 W ServiceManager: Service package_native didn't start. Returning NULL
03-21 02:55:00.762   394   394 E storaged: getService package_native failed
03-21 02:55:00.788   266   266 I zygote  : The ClassLoaderContext is a special shared library.
03-21 02:55:00.791   266   266 D ApplicationLoaders: Created zygote-cached class loader: /system/framework/android.hidl.base-V1.0-java.jar
03-21 02:55:00.801   266   266 I zygote  : The ClassLoaderContext is a special shared library.
03-21 02:55:00.803   266   266 D ApplicationLoaders: Created zygote-cached class loader: /system/framework/android.hidl.manager-V1.0-java.jar
03-21 02:55:00.819   394   684 I storaged: storaged: Start
03-21 02:55:00.821   266   266 I zygote  : The ClassLoaderContext is a special shared library.
03-21 02:55:00.823   266   266 D ApplicationLoaders: Created zygote-cached class loader: /system/framework/android.test.base.jar
03-21 02:55:00.823   394   684 I ServiceManager: Waiting for service 'package_native' on '/dev/binder'...
03-21 02:55:00.823   266   266 I Zygote  : Preloading resources...
03-21 02:55:00.865   266   266 W Resources: Preloaded drawable resource #0x108028b (android:drawable/dialog_background_material) that varies with configuration!!
03-21 02:55:00.911   266   266 I Zygote  : ...preloaded 64 resources in 88ms.
03-21 02:55:00.919   266   266 I Zygote  : ...preloaded 41 resources in 8ms.
03-21 02:55:00.954   266   266 I Zygote  : Preloading shared libraries...
03-21 02:55:01.003   266   266 I Zygote  : Called ZygoteHooks.endPreload()
03-21 02:55:01.005   266   266 I Zygote  : Installed AndroidKeyStoreProvider in 2ms.
03-21 02:55:01.015   266   266 I Zygote  : Warmed up JCA providers in 10ms.
03-21 02:55:01.015   266   266 D Zygote  : end preload
03-21 02:55:01.094   266   266 I zygote  : Explicit concurrent copying GC freed 39444(2031KB) AllocSpace objects, 0(0B) LOS objects, 49% free, 4771KB/9543KB, paused 84us total 78.788ms
03-21 02:55:01.122   266   266 I zygote  : Explicit concurrent copying GC freed 8701(326KB) AllocSpace objects, 0(0B) LOS objects, 49% free, 4477KB/8955KB, paused 27us total 22.428ms
03-21 02:55:01.255   266   266 D Zygote  : Forked child process 690
03-21 02:55:01.256   266   266 I Zygote  : System server process 690 has been created
03-21 02:55:01.268   266   266 I Zygote  : Accepting command socket connections
03-21 02:55:01.279   690   690 W system_server: Unexpected CPU variant for X86 using defaults: x86
03-21 02:55:01.284   690   690 E system_server: Not starting debugger since process cannot load the jdwp agent.
03-21 02:55:01.860   543   543 I hostapd : wlan1: interface state COUNTRY_UPDATE->HT_SCAN
03-21 02:55:01.869   690   690 W system_server: Verification of void com.android.server.SystemServer.startOtherServices(com.android.server.utils.TimingsTraceAndSlog) took 101.941ms (42092.84 bytecodes/s) (69968B approximate peak alloc)
03-21 02:55:01.967   690   690 I SystemServerTiming: InitBeforeStartServices
03-21 02:55:01.972   690   690 I SystemServer: Entered the Android system server!
03-21 02:55:02.740   690   690 E UsbAlsaJackDetectorJNI: Can't register UsbAlsaJackDetector native methods
03-21 02:55:02.927   690   690 I SystemServerInitThreadPool: Creating instance with 4 threads
03-21 02:55:02.934   690   690 I SystemServerTiming: StartServices
03-21 02:55:02.934   690   690 I SystemServerTiming: startBootstrapServices
03-21 02:55:02.934   690   690 I SystemServerTiming: StartWatchdog
03-21 02:55:03.012   690   690 I SystemServer: Reading configuration...
03-21 02:55:03.012   690   690 I SystemServerTiming: ReadingSystemConfig
03-21 02:55:03.014   690   690 I SystemServerTiming: PlatformCompat
03-21 02:55:03.031   690   721 I SystemServerTimingAsync: InitThreadPoolExec:ReadingSystemConfig
03-21 02:55:03.042   690   721 I SystemConfig: Reading permissions from /system/etc/sysconfig/preinstalled-packages-platform.xml
03-21 02:55:03.046   690   690 D CompatConfig: Found a config file: /system/etc/compatconfig/documents-ui-compat-config.xml
03-21 02:55:03.048   690   721 I SystemConfig: Reading permissions from /system/etc/sysconfig/framework-sysconfig.xml
03-21 02:55:03.081   690   721 I SystemConfig: Reading permissions from /system/etc/sysconfig/hiddenapi-package-whitelist.xml
03-21 02:55:03.090   690   690 D CompatConfig: Adding: com.android.server.compat.config.Change@bf89a21
03-21 02:55:03.093   690   721 I SystemConfig: Reading permissions from /system/etc/permissions/com.android.location.provider.xml
03-21 02:55:03.099   690   721 I SystemConfig: Reading permissions from /system/etc/permissions/android.software.webview.xml
03-21 02:55:03.100   690   690 D CompatConfig: Found a config file: /system/etc/compatconfig/services-platform-compat-config.xml
03-21 02:55:03.103   690   690 D CompatConfig: Adding: com.android.server.compat.config.Change@123b75d
03-21 02:55:03.104   690   721 I SystemConfig: Reading permissions from /system/etc/permissions/com.android.media.tv.remoteprovider.xml
03-21 02:55:03.104   690   690 D CompatConfig: Adding: com.android.server.compat.config.Change@aaa3da3
03-21 02:55:03.108   690   690 D CompatConfig: Adding: com.android.server.compat.config.Change@85618a0
03-21 02:55:03.110   690   690 D CompatConfig: Adding: com.android.server.compat.config.Change@3e96c59
03-21 02:55:03.111   690   690 D CompatConfig: Adding: com.android.server.compat.config.Change@f3c701e
03-21 02:55:03.112   690   721 I SystemConfig: Reading permissions from /system/etc/permissions/com.android.media.remotedisplay.xml
03-21 02:55:03.112   690   690 D CompatConfig: Adding: com.android.server.compat.config.Change@e141ecc
03-21 02:55:03.113   690   690 D CompatConfig: Adding: com.android.server.compat.config.Change@dbb7515
03-21 02:55:03.114   690   690 D CompatConfig: Adding: com.android.server.compat.config.Change@9bb702a
03-21 02:55:03.115   690   690 D CompatConfig: Adding: com.android.server.compat.config.Change@1ca5bb8
03-21 02:55:03.115   690   721 I SystemConfig: Reading permissions from /system/etc/permissions/javax.obex.xml
03-21 02:55:03.116   690   690 D CompatConfig: Adding: com.android.server.compat.config.Change@36b4d91
03-21 02:55:03.117   690   690 D CompatConfig: Adding: com.android.server.compat.config.Change@57864f6
03-21 02:55:03.117   690   721 I SystemConfig: Reading permissions from /system/etc/permissions/privapp-permissions-google.xml
03-21 02:55:03.118   690   690 D CompatConfig: Adding: com.android.server.compat.config.Change@ea57b64
03-21 02:55:03.118   690   690 D CompatConfig: Adding: com.android.server.compat.config.Change@b6631cd
03-21 02:55:03.119   690   690 D CompatConfig: Found a config file: /system/etc/compatconfig/libcore-platform-compat-config.xml
03-21 02:55:03.121   690   721 I SystemConfig: Reading permissions from /system/etc/permissions/android.test.base.xml
03-21 02:55:03.122   690   690 D CompatConfig: Adding: com.android.server.compat.config.Change@3f0e9d0
03-21 02:55:03.123   690   721 I SystemConfig: Reading permissions from /system/etc/permissions/android.test.mock.xml
03-21 02:55:03.123   690   690 D CompatConfig: Adding: com.android.server.compat.config.Change@3f31cce
03-21 02:55:03.124   690   690 D CompatConfig: Adding: com.android.server.compat.config.Change@69e37ef
03-21 02:55:03.124   690   690 D CompatConfig: Adding: com.android.server.compat.config.Change@842d2fc
03-21 02:55:03.125   690   690 D CompatConfig: Found a config file: /system/etc/compatconfig/framework-platform-compat-config.xml
03-21 02:55:03.127   690   721 I SystemConfig: Reading permissions from /system/etc/permissions/com.android.future.usb.accessory.xml
03-21 02:55:03.128   690   690 D CompatConfig: Adding: com.android.server.compat.config.Change@640640b
03-21 02:55:03.129   690   721 I SystemConfig: Reading permissions from /system/etc/permissions/android.test.runner.xml
03-21 02:55:03.130   690   690 D CompatConfig: Adding: com.android.server.compat.config.Change@569bd01
03-21 02:55:03.131   690   690 D CompatConfig: Adding: com.android.server.compat.config.Change@561f7a6
03-21 02:55:03.132   690   690 D CompatConfig: Adding: com.android.server.compat.config.Change@48f35e7
03-21 02:55:03.133   690   690 D CompatConfig: Adding: com.android.server.compat.config.Change@b108594
03-21 02:55:03.134   690   690 D CompatConfig: Adding: com.android.server.compat.config.Change@334283d
03-21 02:55:03.135   690   721 I SystemConfig: Reading permissions from /system/etc/permissions/org.apache.http.legacy.xml
03-21 02:55:03.135   690   690 D CompatConfig: Adding: com.android.server.compat.config.Change@50f4983
03-21 02:55:03.137   690   690 D CompatConfig: Adding: com.android.server.compat.config.Change@e3a6700
03-21 02:55:03.141   690   721 I SystemConfig: Reading permissions from /system/etc/permissions/privapp-permissions-platform.xml
03-21 02:55:03.143   690   690 D CompatConfig: Adding: com.android.server.compat.config.Change@9c6557e
03-21 02:55:03.145   690   690 D CompatConfig: Adding: com.android.server.compat.config.Change@4f2fadf
03-21 02:55:03.145   690   690 D CompatConfig: Adding: com.android.server.compat.config.Change@b5ef32c
03-21 02:55:03.146   690   690 D CompatConfig: Adding: com.android.server.compat.config.Change@58d21f5
03-21 02:55:03.146   690   690 D CompatConfig: Adding: com.android.server.compat.config.Change@5ee4b8a
03-21 02:55:03.148   690   690 D CompatConfig: Adding: com.android.server.compat.config.Change@83665fb
03-21 02:55:03.149   690   690 D CompatConfig: Adding: com.android.server.compat.config.Change@d5e1618
03-21 02:55:03.150   690   690 D CompatConfig: Adding: com.android.server.compat.config.Change@a5ae871
03-21 02:55:03.151   690   690 D CompatConfig: Adding: com.android.server.compat.config.Change@3ed9656
03-21 02:55:03.152   690   690 D CompatConfig: Adding: com.android.server.compat.config.Change@c7b66d7
03-21 02:55:03.153   690   690 D CompatConfig: Adding: com.android.server.compat.config.Change@b2a7bc4
03-21 02:55:03.154   690   690 D CompatConfig: Adding: com.android.server.compat.config.Change@649aad
03-21 02:55:03.155   690   690 D CompatConfig: Adding: com.android.server.compat.config.Change@c4c1e2
03-21 02:55:03.156   690   690 D CompatConfig: Adding: com.android.server.compat.config.Change@da59973
03-21 02:55:03.157   690   721 I SystemConfig: Reading permissions from /system/etc/permissions/com.android.mediadrm.signer.xml
03-21 02:55:03.157   690   690 D CompatConfig: Adding: com.android.server.compat.config.Change@bdd34a9
03-21 02:55:03.158   690   690 D CompatConfig: No directory /system/system_ext/etc/compatconfig, skipping
03-21 02:55:03.159   690   721 I SystemConfig: Reading permissions from /system/etc/permissions/tv_core_hardware.xml
03-21 02:55:03.163   690   721 I SystemConfig: Reading permissions from /system/etc/permissions/platform.xml
03-21 02:55:03.168   690   721 I SystemConfig: Reading permissions from /vendor/etc/permissions/android.hardware.vulkan.compute.xml
03-21 02:55:03.169   690   721 I SystemConfig: Reading permissions from /vendor/etc/permissions/handheld_core_hardware.xml
03-21 02:55:03.171   690   721 I SystemConfig: Reading permissions from /vendor/etc/permissions/android.hardware.fingerprint.xml
03-21 02:55:03.172   690   721 I SystemConfig: Reading permissions from /vendor/etc/permissions/android.software.autofill.xml
03-21 02:55:03.173   690   721 I SystemConfig: Reading permissions from /vendor/etc/permissions/android.hardware.camera.full.xml
03-21 02:55:03.175   690   721 I SystemConfig: Reading permissions from /vendor/etc/permissions/android.hardware.camera.raw.xml
03-21 02:55:03.176   690   721 I SystemConfig: Reading permissions from /vendor/etc/permissions/android.hardware.camera.ar.xml
03-21 02:55:03.177   690   721 I SystemConfig: Reading permissions from /vendor/etc/permissions/android.hardware.bluetooth.xml
03-21 02:55:03.179   690   721 I SystemConfig: Reading permissions from /vendor/etc/permissions/tv_sdk_excluded_core_hardware.xml
03-21 02:55:03.179   690   690 I ApexManagerTiming: getActiveApexInfos_noCache
03-21 02:55:03.182   690   721 D SystemConfig: Removed unavailable feature android.hardware.telephony.gsm
03-21 02:55:03.182   690   721 D SystemConfig: Removed unavailable feature android.hardware.screen.portrait
03-21 02:55:03.182   690   721 D SystemConfig: Removed unavailable feature android.software.managed_users
03-21 02:55:03.182   690   721 D SystemConfig: Removed unavailable feature android.hardware.camera.capability.manual_post_processing
03-21 02:55:03.182   690   721 D SystemConfig: Removed unavailable feature android.software.connectionservice
03-21 02:55:03.182   690   721 D SystemConfig: Removed unavailable feature android.hardware.camera.ar
03-21 02:55:03.183   690   721 D SystemConfig: Removed unavailable feature android.hardware.camera.capability.manual_sensor
03-21 02:55:03.183   690   721 D SystemConfig: Removed unavailable feature android.hardware.camera.level.full
03-21 02:55:03.183   690   721 D SystemConfig: Removed unavailable feature android.hardware.location.gps
03-21 02:55:03.183   690   721 D SystemConfig: Removed unavailable feature android.hardware.telephony
03-21 02:55:03.183   690   721 I SystemConfig: Reading permissions from /vendor/etc/permissions/android.hardware.camera.flash-autofocus.xml
03-21 02:55:03.189   690   721 I SystemConfig: Reading permissions from /vendor/etc/permissions/android.hardware.wifi.direct.xml
03-21 02:55:03.190   690   690 D CompatConfig: No directory /apex/com.android.vndk.v30/etc/compatconfig, skipping
03-21 02:55:03.190   690   690 D CompatConfig: No directory /apex/com.android.art/etc/compatconfig, skipping
03-21 02:55:03.190   690   690 D CompatConfig: No directory /apex/com.android.apex.cts.shim/etc/compatconfig, skipping
03-21 02:55:03.190   690   690 D CompatConfig: No directory /apex/com.android.sdkext/etc/compatconfig, skipping
03-21 02:55:03.190   690   690 D CompatConfig: No directory /apex/com.android.media.swcodec/etc/compatconfig, skipping
03-21 02:55:03.190   690   690 D CompatConfig: No directory /apex/com.android.os.statsd/etc/compatconfig, skipping
03-21 02:55:03.190   690   690 D CompatConfig: No directory /apex/com.android.neuralnetworks/etc/compatconfig, skipping
03-21 02:55:03.190   690   690 D CompatConfig: No directory /apex/com.android.conscrypt/etc/compatconfig, skipping
03-21 02:55:03.190   690   690 D CompatConfig: No directory /apex/com.android.extservices/etc/compatconfig, skipping
03-21 02:55:03.190   690   690 D CompatConfig: No directory /apex/com.android.ipsec/etc/compatconfig, skipping
03-21 02:55:03.190   690   690 D CompatConfig: No directory /apex/com.android.wifi/etc/compatconfig, skipping
03-21 02:55:03.190   690   690 D CompatConfig: No directory /apex/com.android.tethering/etc/compatconfig, skipping
03-21 02:55:03.191   690   690 D CompatConfig: No directory /apex/com.android.adbd/etc/compatconfig, skipping
03-21 02:55:03.191   690   690 D CompatConfig: No directory /apex/com.android.permission/etc/compatconfig, skipping
03-21 02:55:03.191   690   721 I SystemConfig: Reading permissions from /vendor/etc/permissions/androidx.window.sidecar.xml
03-21 02:55:03.202   690   690 D CompatConfig: Found a config file: /apex/com.android.mediaprovider/etc/compatconfig/media-provider-platform-compat-config.xml
03-21 02:55:03.203   690   721 I SystemConfig: Reading permissions from /vendor/etc/permissions/android.software.vulkan.deqp.level.xml
03-21 02:55:03.206   690   690 D CompatConfig: Adding: com.android.server.compat.config.Change@9c64e9a
03-21 02:55:03.208   690   690 D CompatConfig: No directory /apex/com.android.runtime/etc/compatconfig, skipping
03-21 02:55:03.208   690   690 D CompatConfig: No directory /apex/com.android.tzdata/etc/compatconfig, skipping
03-21 02:55:03.209   690   690 D CompatConfig: No directory /apex/com.android.resolv/etc/compatconfig, skipping
03-21 02:55:03.209   690   690 D CompatConfig: No directory /apex/com.android.i18n/etc/compatconfig, skipping
03-21 02:55:03.209   690   690 D CompatConfig: No directory /apex/com.android.media/etc/compatconfig, skipping
03-21 02:55:03.212   690   690 I SystemServerTiming: StartFileIntegrityService
03-21 02:55:03.212   690   690 I SystemServiceManager: Starting com.android.server.security.FileIntegrityService
03-21 02:55:03.241   690   721 I SystemConfig: Reading permissions from /vendor/etc/permissions/android.hardware.vulkan.version.xml
03-21 02:55:03.250   690   721 I SystemConfig: Reading permissions from /vendor/etc/permissions/android.hardware.wifi.xml
03-21 02:55:03.252   690   721 I SystemConfig: Reading permissions from /vendor/etc/permissions/android.hardware.vulkan.level.xml
03-21 02:55:03.257   690   721 I SystemConfig: Reading permissions from /vendor/etc/permissions/android.hardware.touchscreen.multitouch.jazzhand.xml
03-21 02:55:03.262   543   543 I hostapd : wlan1: interface state HT_SCAN->ENABLED
03-21 02:55:03.262   543   543 I hostapd : wlan1: AP-ENABLED 
03-21 02:55:03.265   690   721 I SystemConfig: Reading permissions from /vendor/etc/permissions/android.hardware.wifi.passpoint.xml
03-21 02:55:03.266   690   690 I SystemServerTiming: StartInstaller
03-21 02:55:03.266   690   690 I SystemServiceManager: Starting com.android.server.pm.Installer
03-21 02:55:03.267   690   721 I SystemConfig: Reading permissions from /vendor/etc/permissions/android.hardware.ethernet.xml
03-21 02:55:03.268   690   721 I SystemConfig: Reading permissions from /vendor/etc/permissions/android.hardware.camera.concurrent.xml
03-21 02:55:03.269   389   414 D installd: Found quota mount /dev/block/vdc at /data
03-21 02:55:03.269   389   414 D installd: Found quota mount /dev/block/vdc at /data/user/0
03-21 02:55:03.270   690   721 I SystemConfig: Reading permissions from /vendor/etc/permissions/android.hardware.camera.front.xml
03-21 02:55:03.271   690   690 I SystemServerTiming: DeviceIdentifiersPolicyService
03-21 02:55:03.272   690   690 I SystemServiceManager: Starting com.android.server.os.DeviceIdentifiersPolicyService
03-21 02:55:03.273   690   690 I SystemServerTiming: UriGrantsManagerService
03-21 02:55:03.273   690   690 I SystemServiceManager: Starting com.android.server.uri.UriGrantsManagerService$Lifecycle
03-21 02:55:03.273   690   721 I SystemConfig: Reading permissions from /vendor/etc/permissions/android.hardware.bluetooth_le.xml
03-21 02:55:03.290   690   721 I SystemConfig: Reading permissions from /product/etc/sysconfig/google.xml
03-21 02:55:03.292   690   721 I SystemConfig: Adding association: com.google.android.as <- com.android.bluetooth
03-21 02:55:03.292   690   721 I SystemConfig: Adding association: com.google.android.as <- com.android.providers.contacts
03-21 02:55:03.292   690   721 I SystemConfig: Adding association: com.google.android.as <- com.android.providers.media
03-21 02:55:03.292   690   721 I SystemConfig: Adding association: com.google.android.as <- com.android.providers.telephony
03-21 02:55:03.292   690   721 I SystemConfig: Adding association: com.google.android.as <- com.android.systemui
03-21 02:55:03.292   690   721 I SystemConfig: Adding association: com.google.android.as <- com.google.android.providers.media.module
03-21 02:55:03.293   690   690 I SystemServerTiming: StartActivityManager
03-21 02:55:03.293   690   690 I SystemServiceManager: Starting com.android.server.wm.ActivityTaskManagerService$Lifecycle
